Archive member included because of file (symbol)

contiki-sky.a(contiki-sky-pla)
                              obj_sky/contiki-sky-main.o (init_platform)
contiki-sky.a(button-sensor.o)
                              contiki-sky.a(contiki-sky-pla) (button_sensor)
contiki-sky.a(ds2411.o)       obj_sky/contiki-sky-main.o (ds2411_init)
contiki-sky.a(xmem.o)         obj_sky/contiki-sky-main.o (xmem_init)
contiki-sky.a(node-id.o)      obj_sky/contiki-sky-main.o (node_id_restore)
contiki-sky.a(sensors.o)      contiki-sky.a(button-sensor.o) (sensors_changed)
contiki-sky.a(cc2420.o)       obj_sky/contiki-sky-main.o (cc2420_set_pan_addr)
contiki-sky.a(cc2420-arch.o)  contiki-sky.a(cc2420.o) (cc2420_arch_init)
contiki-sky.a(uart1.o)        obj_sky/contiki-sky-main.o (uart1_active)
contiki-sky.a(uart1-putchar.o)
                              obj_sky/contiki-sky-main.o (putchar)
contiki-sky.a(msp430.o)       contiki-sky.a(uart1.o) (msp430_add_lpm_req)
contiki-sky.a(clock.o)        obj_sky/contiki-sky-main.o (clock_init)
contiki-sky.a(leds.o)         obj_sky/contiki-sky-main.o (leds_init)
contiki-sky.a(leds-arch.o)    contiki-sky.a(leds.o) (leds_arch_init)
contiki-sky.a(watchdog.o)     obj_sky/contiki-sky-main.o (watchdog_start)
contiki-sky.a(rtimer-arch.o)  obj_sky/contiki-sky-main.o (rtimer_arch_now)
contiki-sky.a(autostart.o)    obj_sky/contiki-sky-main.o (autostart_start)
contiki-sky.a(ctimer.o)       obj_sky/contiki-sky-main.o (ctimer_init)
contiki-sky.a(energest.o)     obj_sky/contiki-sky-main.o (energest_init)
contiki-sky.a(etimer.o)       contiki-sky.a(clock.o) (etimer_request_poll)
contiki-sky.a(process.o)      contiki-sky.a(ctimer.o) (process_current)
contiki-sky.a(rtimer.o)       obj_sky/contiki-sky-main.o (rtimer_init)
contiki-sky.a(timer.o)        obj_sky/contiki-sky-main.o (timer_set)
contiki-sky.a(list.o)         contiki-sky.a(ctimer.o) (list_init)
contiki-sky.a(random.o)       obj_sky/contiki-sky-main.o (random_init)
contiki-sky.a(uip-ds6.o)      obj_sky/contiki-sky-main.o (uip_ds6_get_link_local)
contiki-sky.a(uip-ds6-route.o)
                              contiki-sky.a(uip-ds6.o) (uip_ds6_route_init)
contiki-sky.a(uip6.o)         udp-echo-server.co (uip_aligned_buf)
contiki-sky.a(uip-ds6-nbr.o)  contiki-sky.a(uip-ds6.o) (uip_ds6_neighbors_init)
contiki-sky.a(uip-nd6.o)      contiki-sky.a(uip6.o) (uip_nd6_init)
contiki-sky.a(sicslowpan.o)   obj_sky/contiki-sky-main.o (sicslowpan_driver)
contiki-sky.a(uip-udp-packet.)
                              udp-echo-server.co (uip_udp_packet_send)
contiki-sky.a(tcpip.o)        contiki-sky.a(sicslowpan.o) (tcpip_set_outputfunc)
contiki-sky.a(rpl-dag.o)      udp-echo-server.co (rpl_get_any_dag)
contiki-sky.a(rpl-timers.o)   contiki-sky.a(rpl-dag.o) (rpl_reset_dio_timer)
contiki-sky.a(rpl-ext-header.)
                              contiki-sky.a(uip6.o) (rpl_verify_hbh_header)
contiki-sky.a(rpl.o)          contiki-sky.a(rpl-timers.o) (rpl_get_mode)
contiki-sky.a(rpl-mrhof.o)    contiki-sky.a(rpl-dag.o) (rpl_mrhof)
contiki-sky.a(rpl-ns.o)       contiki-sky.a(rpl-ext-header.) (rpl_ns_get_node)
contiki-sky.a(rpl-icmp6.o)    contiki-sky.a(rpl-dag.o) (rpl_icmp6_update_nbr_table)
contiki-sky.a(csma.o)         obj_sky/contiki-sky-main.o (csma_driver)
contiki-sky.a(mac.o)          contiki-sky.a(csma.o) (mac_call_sent_callback)
contiki-sky.a(framer-802154.o)
                              contiki-sky.a(sicslowpan.o) (framer_802154)
contiki-sky.a(nullrdc.o)      obj_sky/contiki-sky-main.o (nullrdc_driver)
contiki-sky.a(queuebuf.o)     obj_sky/contiki-sky-main.o (queuebuf_init)
contiki-sky.a(nbr-table.o)    contiki-sky.a(uip-ds6-nbr.o) (nbr_table_register)
contiki-sky.a(packetbuf.o)    contiki-sky.a(framer-802154.o) (packetbuf_hdrreduce)
contiki-sky.a(linkaddr.o)     obj_sky/contiki-sky-main.o (linkaddr_copy)
contiki-sky.a(link-stats.o)   contiki-sky.a(rpl-dag.o) (link_stats_from_lladdr)
contiki-sky.a(nullsec.o)      obj_sky/contiki-sky-main.o (nullsec_driver)
contiki-sky.a(spi.o)          contiki-sky.a(xmem.o) (spi_init)
contiki-sky.a(stimer.o)       contiki-sky.a(uip-ds6.o) (stimer_set)
contiki-sky.a(memb.o)         contiki-sky.a(uip-ds6-route.o) (memb_init)
contiki-sky.a(uip-icmp6.o)    contiki-sky.a(uip6.o) (uip_icmp6_input)
contiki-sky.a(rpl-nbr-policy.)
                              contiki-sky.a(nbr-table.o) (rpl_nbr_policy_find_removable)
contiki-sky.a(mac-sequence.o)
                              contiki-sky.a(nullrdc.o) (mac_sequence_is_duplicate)
contiki-sky.a(frame802154.o)  contiki-sky.a(framer-802154.o) (frame802154_get_pan_id)
/usr/local/bin/../lib/gcc/msp430/4.7.2/mmpy-16/libgcc.a(_mulsi3.o)
                              contiki-sky.a(rpl-timers.o) (__mulsi3)
/usr/local/bin/../lib/gcc/msp430/4.7.2/mmpy-16/libgcc.a(_udivmod16.o)
                              contiki-sky.a(rpl-dag.o) (__udivhi3)
/usr/local/bin/../lib/gcc/msp430/4.7.2/mmpy-16/libgcc.a(_divmod16.o)
                              contiki-sky.a(sicslowpan.o) (__divhi3)
[...]
Memory Configuration

Name             Origin             Length             Attributes
sfr              0x00000000         0x00000010
peripheral_8bit  0x00000010         0x000000f0
peripheral_16bit 0x00000100         0x00000100
ram_mirror       0x00000200         0x00000800         xw
infomem          0x00001000         0x00000100
infob            0x00001000         0x00000080
infoa            0x00001080         0x00000080
ram              0x00001100         0x00002800         xw
rom              0x00004000         0x0000bfe0         xr
vectors          0x0000ffe0         0x00000020
bsl              0x00000000         0x00000000
infoc            0x00000000         0x00000000
infod            0x00000000         0x00000000
ram2             0x00000000         0x00000000         xw
usbram           0x00000000         0x00000000         xw
far_rom          0x00000000         0x00000000
*default*        0x00000000         0xffffffff

Linker script and memory map

LOAD /usr/local/bin/../lib/gcc/msp430/4.7.2/mmpy-16/crt0ivtbl16.o
LOAD udp-echo-server.co
LOAD obj_sky/util.o
LOAD obj_sky/contiki-sky-main.o
LOAD contiki-sky.a
LOAD /usr/local/bin/../lib/gcc/msp430/4.7.2/mmpy-16/libgcc.a
LOAD /usr/local/bin/../lib/gcc/msp430/4.7.2/../../../../msp430/lib/mmpy-16/libc.a
LOAD /usr/local/bin/../lib/gcc/msp430/4.7.2/mmpy-16/libgcc.a
LOAD /usr/local/bin/../lib/gcc/msp430/4.7.2/mmpy-16/libcrt0.a
                0x00000080                PROVIDE (__info_segment_size, 0x80)
                0x00001000                PROVIDE (__infob, 0x1000)
                0x00001080                PROVIDE (__infoa, 0x1080)
                0x00000000                __IE1 = 0x0
                0x00000002                __IFG1 = 0x2
                0x00000004                __ME1 = 0x4
                0x00000001                __IE2 = 0x1
                0x00000003                __IFG2 = 0x3
                0x00000005                __ME2 = 0x5
                0x00000120                __WDTCTL = 0x120
                0x00000130                __MPY = 0x130
                0x00000132                __MPYS = 0x132
                0x00000134                __MAC = 0x134
                0x00000136                __MACS = 0x136
                0x00000138                __OP2 = 0x138
                0x0000013a                __RESLO = 0x13a
                0x0000013c                __RESHI = 0x13c
                0x0000013e                __SUMEXT = 0x13e
                0x00000020                __P1IN = 0x20
                0x00000021                __P1OUT = 0x21
                0x00000022                __P1DIR = 0x22
                0x00000023                __P1IFG = 0x23
                0x00000024                __P1IES = 0x24
                0x00000025                __P1IE = 0x25
                0x00000026                __P1SEL = 0x26
                0x00000028                __P2IN = 0x28
                0x00000029                __P2OUT = 0x29
                0x0000002a                __P2DIR = 0x2a
                0x0000002b                __P2IFG = 0x2b
                0x0000002c                __P2IES = 0x2c
                0x0000002d                __P2IE = 0x2d
                0x0000002e                __P2SEL = 0x2e
                0x00000018                __P3IN = 0x18
                0x00000019                __P3OUT = 0x19
                0x0000001a                __P3DIR = 0x1a
                0x0000001b                __P3SEL = 0x1b
                0x0000001c                __P4IN = 0x1c
                0x0000001d                __P4OUT = 0x1d
                0x0000001e                __P4DIR = 0x1e
                0x0000001f                __P4SEL = 0x1f
                0x00000030                __P5IN = 0x30
                0x00000031                __P5OUT = 0x31
                0x00000032                __P5DIR = 0x32
                0x00000033                __P5SEL = 0x33
                0x00000034                __P6IN = 0x34
                0x00000035                __P6OUT = 0x35
                0x00000036                __P6DIR = 0x36
                0x00000037                __P6SEL = 0x37
                0x00000070                __U0CTL = 0x70
                0x00000071                __U0TCTL = 0x71
                0x00000072                __U0RCTL = 0x72
                0x00000073                __U0MCTL = 0x73
                0x00000074                __U0BR0 = 0x74
                0x00000075                __U0BR1 = 0x75
                0x00000076                __U0RXBUF = 0x76
                0x00000077                __U0TXBUF = 0x77
                0x00000078                __U1CTL = 0x78
                0x00000079                __U1TCTL = 0x79
                0x0000007a                __U1RCTL = 0x7a
                0x0000007b                __U1MCTL = 0x7b
                0x0000007c                __U1BR0 = 0x7c
                0x0000007d                __U1BR1 = 0x7d
                0x0000007e                __U1RXBUF = 0x7e
                0x0000007f                __U1TXBUF = 0x7f
                0x00000050                __I2CIE = 0x50
                0x00000051                __I2CIFG = 0x51
                0x00000052                __I2CNDAT = 0x52
                0x00000071                __I2CTCTL = 0x71
                0x00000072                __I2CDCTL = 0x72
                0x00000073                __I2CPSC = 0x73
                0x00000074                __I2CSCLH = 0x74
                0x00000075                __I2CSCLL = 0x75
                0x00000076                __I2CDRB = 0x76
                0x00000076                __I2CDRW = 0x76
                0x00000118                __I2COA = 0x118
                0x0000011a                __I2CSA = 0x11a
                0x0000011c                __I2CIV = 0x11c
                0x0000012e                __TAIV = 0x12e
                0x00000160                __TACTL = 0x160
                0x00000162                __TACCTL0 = 0x162
                0x00000164                __TACCTL1 = 0x164
                0x00000166                __TACCTL2 = 0x166
                0x00000170                __TAR = 0x170
                0x00000172                __TACCR0 = 0x172
                0x00000174                __TACCR1 = 0x174
                0x00000176                __TACCR2 = 0x176
                0x0000011e                __TBIV = 0x11e
                0x00000180                __TBCTL = 0x180
                0x00000182                __TBCCTL0 = 0x182
                0x00000184                __TBCCTL1 = 0x184
                0x00000186                __TBCCTL2 = 0x186
                0x00000188                __TBCCTL3 = 0x188
                0x0000018a                __TBCCTL4 = 0x18a
                0x0000018c                __TBCCTL5 = 0x18c
                0x0000018e                __TBCCTL6 = 0x18e
                0x00000190                __TBR = 0x190
                0x00000192                __TBCCR0 = 0x192
                0x00000194                __TBCCR1 = 0x194
                0x00000196                __TBCCR2 = 0x196
                0x00000198                __TBCCR3 = 0x198
                0x0000019a                __TBCCR4 = 0x19a
                0x0000019c                __TBCCR5 = 0x19c
                0x0000019e                __TBCCR6 = 0x19e
                0x00000056                __DCOCTL = 0x56
                0x00000057                __BCSCTL1 = 0x57
                0x00000058                __BCSCTL2 = 0x58
                0x00000055                __SVSCTL = 0x55
                0x00000128                __FCTL1 = 0x128
                0x0000012a                __FCTL2 = 0x12a
                0x0000012c                __FCTL3 = 0x12c
                0x00000059                __CACTL1 = 0x59
                0x0000005a                __CACTL2 = 0x5a
                0x0000005b                __CAPD = 0x5b
                0x000001a0                __ADC12CTL0 = 0x1a0
                0x000001a2                __ADC12CTL1 = 0x1a2
                0x000001a4                __ADC12IFG = 0x1a4
                0x000001a6                __ADC12IE = 0x1a6
                0x000001a8                __ADC12IV = 0x1a8
                0x00000140                __ADC12MEM0 = 0x140
                0x00000142                __ADC12MEM1 = 0x142
                0x00000144                __ADC12MEM2 = 0x144
                0x00000146                __ADC12MEM3 = 0x146
                0x00000148                __ADC12MEM4 = 0x148
                0x0000014a                __ADC12MEM5 = 0x14a
                0x0000014c                __ADC12MEM6 = 0x14c
                0x0000014e                __ADC12MEM7 = 0x14e
                0x00000150                __ADC12MEM8 = 0x150
                0x00000152                __ADC12MEM9 = 0x152
                0x00000154                __ADC12MEM10 = 0x154
                0x00000156                __ADC12MEM11 = 0x156
                0x00000158                __ADC12MEM12 = 0x158
                0x0000015a                __ADC12MEM13 = 0x15a
                0x0000015c                __ADC12MEM14 = 0x15c
                0x0000015e                __ADC12MEM15 = 0x15e
                0x00000080                __ADC12MCTL0 = 0x80
                0x00000081                __ADC12MCTL1 = 0x81
                0x00000082                __ADC12MCTL2 = 0x82
                0x00000083                __ADC12MCTL3 = 0x83
                0x00000084                __ADC12MCTL4 = 0x84
                0x00000085                __ADC12MCTL5 = 0x85
                0x00000086                __ADC12MCTL6 = 0x86
                0x00000087                __ADC12MCTL7 = 0x87
                0x00000088                __ADC12MCTL8 = 0x88
                0x00000089                __ADC12MCTL9 = 0x89
                0x0000008a                __ADC12MCTL10 = 0x8a
                0x0000008b                __ADC12MCTL11 = 0x8b
                0x0000008c                __ADC12MCTL12 = 0x8c
                0x0000008d                __ADC12MCTL13 = 0x8d
                0x0000008e                __ADC12MCTL14 = 0x8e
                0x0000008f                __ADC12MCTL15 = 0x8f
                0x000001c0                __DAC12_0CTL = 0x1c0
                0x000001c2                __DAC12_1CTL = 0x1c2
                0x000001c8                __DAC12_0DAT = 0x1c8
                0x000001ca                __DAC12_1DAT = 0x1ca
                0x00000122                __DMACTL0 = 0x122
                0x00000124                __DMACTL1 = 0x124
                0x000001e0                __DMA0CTL = 0x1e0
                0x000001e8                __DMA1CTL = 0x1e8
                0x000001f0                __DMA2CTL = 0x1f0
                0x000001e2                __DMA0SA = 0x1e2
                0x000001e4                __DMA0DA = 0x1e4
                0x000001e6                __DMA0SZ = 0x1e6
                0x000001ea                __DMA1SA = 0x1ea
                0x000001ec                __DMA1DA = 0x1ec
                0x000001ee                __DMA1SZ = 0x1ee
                0x000001f2                __DMA2SA = 0x1f2
                0x000001f4                __DMA2DA = 0x1f4
                0x000001f6                __DMA2SZ = 0x1f6

.hash
 *(.hash)

.dynsym
 *(.dynsym)

.dynstr
 *(.dynstr)

.gnu.version
 *(.gnu.version)

.gnu.version_d
 *(.gnu.version_d)

.gnu.version_r
 *(.gnu.version_r)

.rel.init
 *(.rel.init)

.rela.init
 *(.rela.init)

.rel.fini
 *(.rel.fini)

.rela.fini
 *(.rela.fini)

.rel.text
 *(.rel.text .rel.text.* .rel.gnu.linkonce.t.*)

.rela.text
 *(.rela.text .rela.text.* .rela.gnu.linkonce.t.*)

.rel.rodata
 *(.rel.rodata .rel.rodata.* .rel.gnu.linkonce.r.*)

.rela.rodata
 *(.rela.rodata .rela.rodata.* .rela.gnu.linkonce.r.*)

.rel.data
 *(.rel.data .rel.data.* .rel.gnu.linkonce.d.*)

.rela.data
 *(.rela.data .rela.data.* .rela.gnu.linkonce.d.*)

.rel.bss
 *(.rel.bss .rel.bss.* .rel.gnu.linkonce.b.*)

.rela.bss
 *(.rela.bss .rela.bss.* .rela.gnu.linkonce.b.*)

.rel.ctors
 *(.rel.ctors)

.rela.ctors
 *(.rela.ctors)

.rel.dtors
 *(.rel.dtors)

.rela.dtors
 *(.rela.dtors)

.rel.got
 *(.rel.got)

.rela.got
 *(.rela.got)

.rel.plt
 *(.rel.plt)

.rela.plt
 *(.rela.plt)

.text           0x00004000     0xb2bc
                0x00004000                . = ALIGN (0x2)
 *(.init .init.*)
 *(.init0)
 .init0         0x00004000        0x0 /usr/local/bin/../lib/gcc/msp430/4.7.2/mmpy-16/libcrt0.a(_reset_vector__.o)
                0x00004000                _reset_vector__
 *(.init1)
 .init1         0x00004000        0xc /usr/local/bin/../lib/gcc/msp430/4.7.2/mmpy-16/libcrt0.a(__watchdog_support.o)
                0x00004000                __watchdog_support
 *(.init2)
 .init2         0x0000400c        0x4 /usr/local/bin/../lib/gcc/msp430/4.7.2/mmpy-16/libcrt0.a(__init_stack.o)
                0x0000400c                __init_stack
 *(.init3)
 .init3         0x00004010        0x0 /usr/local/bin/../lib/gcc/msp430/4.7.2/mmpy-16/libcrt0.a(__low_level_init.o)
                0x00004010                __low_level_init
 *(.init4)
 .init4         0x00004010       0x18 /usr/local/bin/../lib/gcc/msp430/4.7.2/mmpy-16/libcrt0.a(_copy_data.o)
                0x00004010                __do_copy_data
 .init4         0x00004028       0x16 /usr/local/bin/../lib/gcc/msp430/4.7.2/mmpy-16/libcrt0.a(_clear_bss.o)
                0x00004028                __do_clear_bss
 *(.init5)
 *(.init6)
 *(.init7)
 *(.init8)
 *(.init9)
 .init9         0x0000403e      0x33e obj_sky/contiki-sky-main.o
                0x0000403e                main
 *(.fini9)
 .fini9         0x0000437c        0x0 /usr/local/bin/../lib/gcc/msp430/4.7.2/mmpy-16/libcrt0.a(__stop_progExec__.o)
                0x0000437c                __stop_progExec__
 *(.fini8)
 *(.fini7)
 *(.fini6)
 *(.fini5)
 *(.fini4)
 *(.fini3)
 *(.fini2)
 *(.fini1)
 *(.fini0)
 .fini0         0x0000437c        0x6 /usr/local/bin/../lib/gcc/msp430/4.7.2/mmpy-16/libcrt0.a(_endless_loop__.o)
                0x0000437c                _endless_loop__
 *(.fini .fini.*)
                0x00004382                . = ALIGN (0x2)
                0x00004382                __ctors_start = .
 *(.ctors)
                0x00004382                __ctors_end = .
                0x00004382                __dtors_start = .
 *(.dtors)
                0x00004382                __dtors_end = .
                0x00004382                . = ALIGN (0x2)
 *(.text .text.* .gnu.linkonce.t.*)
 .text          0x00004382        0x4 /usr/local/bin/../lib/gcc/msp430/4.7.2/mmpy-16/crt0ivtbl16.o
                0x00004382                __isr_14
                0x00004382                __isr_11
                0x00004382                __isr_2
                0x00004382                __isr_7
                0x00004382                __isr_0
                0x00004382                __isr_8
                0x00004382                __isr_3
                0x00004382                __isr_12
                0x00004382                __isr_13
                0x00004382                __isr_9
 .text.get_radio_parameter
                0x00004386       0x40 udp-echo-server.co
 .text.get_next_hop_addr
                0x000043c6       0x24 udp-echo-server.co
 .text.is_cmd_of_nw.isra.1
                0x000043ea       0x56 udp-echo-server.co
 .text.send_asyn_msg
                0x00004440       0x7a udp-echo-server.co
 .text.send_reply
                0x000044ba       0x62 udp-echo-server.co
 .text.process_req_cmd
                0x0000451c      0x134 udp-echo-server.co
 .text.process_thread_udp_echo_server_process
                0x00004650      0x586 udp-echo-server.co
 .text.gen_crc16
                0x00004bd6       0x44 obj_sky/util.o
                0x00004bd6                gen_crc16
 .text.gen_crc_for_cmd
                0x00004c1a       0x2a obj_sky/util.o
                0x00004c1a                gen_crc_for_cmd
 .text.check_crc_for_cmd
                0x00004c44       0x32 obj_sky/util.o
                0x00004c44                check_crc_for_cmd
 .text.hash     0x00004c76       0xd2 obj_sky/util.o
                0x00004c76                hash
 .text.scramble_data
                0x00004d48       0x30 obj_sky/util.o
                0x00004d48                scramble_data
 .text.encrypt_payload
                0x00004d78        0xa obj_sky/util.o
                0x00004d78                encrypt_payload
 .text.descramble_data
                0x00004d82       0x30 obj_sky/util.o
                0x00004d82                descramble_data
 .text.decrypt_payload
                0x00004db2        0xa obj_sky/util.o
                0x00004db2                decrypt_payload
 .text.init_platform
                0x00004dbc        0xc contiki-sky.a(contiki-sky-pla)
                0x00004dbc                init_platform
 .text.status   0x00004dc8       0x18 contiki-sky.a(button-sensor.o)
 .text.value    0x00004de0       0x20 contiki-sky.a(button-sensor.o)
 .text.configure
                0x00004e00       0x4c contiki-sky.a(button-sensor.o)
 .text.irq_p2   0x00004e4c       0x88 contiki-sky.a(button-sensor.o)
                0x00004e4c                irq_p2
                0x00004e4c                __isr_1
 .text.owreadb  0x00004ed4       0x50 contiki-sky.a(ds2411.o)
 .text.ds2411_init
                0x00004f24      0x120 contiki-sky.a(ds2411.o)
                0x00004f24                ds2411_init
 .text.wait_ready
                0x00005044       0x4a contiki-sky.a(xmem.o)
 .text.xmem_init
                0x0000508e       0x3c contiki-sky.a(xmem.o)
                0x0000508e                xmem_init
 .text.xmem_pread
                0x000050ca       0xda contiki-sky.a(xmem.o)
                0x000050ca                xmem_pread
 .text.node_id_restore
                0x000051a4       0x38 contiki-sky.a(node-id.o)
                0x000051a4                node_id_restore
 .text.process_thread_sensors_process
                0x000051dc       0xc2 contiki-sky.a(sensors.o)
 .text.sensors_changed
                0x0000529e       0x2a contiki-sky.a(sensors.o)
                0x0000529e                sensors_changed
 .text.get_object
                0x000052c8        0x4 contiki-sky.a(cc2420.o)
 .text.set_object
                0x000052cc        0x4 contiki-sky.a(cc2420.o)
 .text.strobe   0x000052d0       0x1c contiki-sky.a(cc2420.o)
 .text.getreg   0x000052ec       0x4c contiki-sky.a(cc2420.o)
 .text.setreg   0x00005338       0x4c contiki-sky.a(cc2420.o)
 .text.write_ram
                0x00005384       0x7c contiki-sky.a(cc2420.o)
 .text.write_fifo_buf
                0x00005400       0x3c contiki-sky.a(cc2420.o)
 .text.get_status
                0x0000543c       0x20 contiki-sky.a(cc2420.o)
 .text.set_txpower
                0x0000545c       0x24 contiki-sky.a(cc2420.o)
 .text.cc2420_receiving_packet
                0x00005480        0xc contiki-sky.a(cc2420.o)
 .text.pending_packet
                0x0000548c        0x8 contiki-sky.a(cc2420.o)
 .text.on       0x00005494       0x26 contiki-sky.a(cc2420.o)
 .text.wait_for_transmission
                0x000054ba       0x22 contiki-sky.a(cc2420.o)
 .text.wait_for_status
                0x000054dc       0x28 contiki-sky.a(cc2420.o)
 .text.getrxdata
                0x00005504       0x50 contiki-sky.a(cc2420.o)
 .text.flushrx  0x00005554       0x1a contiki-sky.a(cc2420.o)
 .text.off      0x0000556e       0x5e contiki-sky.a(cc2420.o)
 .text.RELEASE_LOCK
                0x000055cc       0x28 contiki-sky.a(cc2420.o)
 .text.set_key  0x000055f4       0x18 contiki-sky.a(cc2420.o)
 .text.set_frame_filtering
                0x0000560c       0x30 contiki-sky.a(cc2420.o)
 .text.set_auto_ack
                0x0000563c       0x30 contiki-sky.a(cc2420.o)
 .text.set_poll_mode
                0x0000566c       0x2c contiki-sky.a(cc2420.o)
 .text.cc2420_prepare
                0x00005698       0x3c contiki-sky.a(cc2420.o)
 .text.cc2420_on
                0x000056d4       0x22 contiki-sky.a(cc2420.o)
                0x000056d4                cc2420_on
 .text.cc2420_off
                0x000056f6       0x30 contiki-sky.a(cc2420.o)
                0x000056f6                cc2420_off
 .text.cc2420_cca
                0x00005726       0x68 contiki-sky.a(cc2420.o)
 .text.cc2420_read
                0x0000578e       0xbc contiki-sky.a(cc2420.o)
 .text.process_thread_cc2420_process
                0x0000584a       0x5c contiki-sky.a(cc2420.o)
 .text.encrypt  0x000058a6       0x88 contiki-sky.a(cc2420.o)
 .text.cc2420_set_channel
                0x0000592e       0x3c contiki-sky.a(cc2420.o)
                0x0000592e                cc2420_set_channel
 .text.cc2420_set_pan_addr
                0x0000596a       0x4c contiki-sky.a(cc2420.o)
                0x0000596a                cc2420_set_pan_addr
 .text.cc2420_interrupt
                0x000059b6       0x16 contiki-sky.a(cc2420.o)
                0x000059b6                cc2420_interrupt
 .text.cc2420_set_txpower
                0x000059cc        0xe contiki-sky.a(cc2420.o)
                0x000059cc                cc2420_set_txpower
 .text.cc2420_get_txpower
                0x000059da       0x1e contiki-sky.a(cc2420.o)
                0x000059da                cc2420_get_txpower
 .text.cc2420_transmit
                0x000059f8      0x116 contiki-sky.a(cc2420.o)
 .text.cc2420_send
                0x00005b0e       0x12 contiki-sky.a(cc2420.o)
 .text.cc2420_rssi
                0x00005b20       0x4c contiki-sky.a(cc2420.o)
                0x00005b20                cc2420_rssi
 .text.get_value
                0x00005b6c      0x104 contiki-sky.a(cc2420.o)
 .text.cc2420_set_cca_threshold
                0x00005c70       0x16 contiki-sky.a(cc2420.o)
                0x00005c70                cc2420_set_cca_threshold
 .text.set_value
                0x00005c86       0xb8 contiki-sky.a(cc2420.o)
 .text.cc2420_init
                0x00005d3e       0xea contiki-sky.a(cc2420.o)
                0x00005d3e                cc2420_init
 .text.cc2420_port1_interrupt
                0x00005e28       0x62 contiki-sky.a(cc2420-arch.o)
                0x00005e28                __isr_4
                0x00005e28                cc2420_port1_interrupt
 .text.cc2420_arch_init
                0x00005e8a       0x1a contiki-sky.a(cc2420-arch.o)
                0x00005e8a                cc2420_arch_init
 .text.uart1_active
                0x00005ea4       0x18 contiki-sky.a(uart1.o)
                0x00005ea4                uart1_active
 .text.uart1_writeb
                0x00005ebc       0x18 contiki-sky.a(uart1.o)
                0x00005ebc                uart1_writeb
 .text.uart1_init
                0x00005ed4       0xf4 contiki-sky.a(uart1.o)
                0x00005ed4                uart1_init
 .text.putchar  0x00005fc8       0x10 contiki-sky.a(uart1-putchar.o)
                0x00005fc8                putchar
 .text.msp430_init_dco
                0x00005fd8       0x82 contiki-sky.a(msp430.o)
                0x00005fd8                msp430_init_dco
 .text.msp430_add_lpm_req
                0x0000605a        0xc contiki-sky.a(msp430.o)
                0x0000605a                msp430_add_lpm_req
 .text.msp430_cpu_init
                0x00006066       0x2a contiki-sky.a(msp430.o)
                0x00006066                msp430_cpu_init
 .text.splhigh_
                0x00006090        0x8 contiki-sky.a(msp430.o)
                0x00006090                splhigh_
 .text.msp430_sync_dco
                0x00006098       0x6c contiki-sky.a(msp430.o)
                0x00006098                msp430_sync_dco
 .text.timera1  0x00006104      0x11e contiki-sky.a(clock.o)
                0x00006104                __isr_5
                0x00006104                timera1
 .text.clock_time
                0x00006222       0x1a contiki-sky.a(clock.o)
                0x00006222                clock_time
 .text.clock_init
                0x0000623c       0x28 contiki-sky.a(clock.o)
                0x0000623c                clock_init
 .text.clock_delay
                0x00006264        0xc contiki-sky.a(clock.o)
                0x00006264                clock_delay
 .text.clock_seconds
                0x00006270       0x1a contiki-sky.a(clock.o)
                0x00006270                clock_seconds
 .text.show_leds
                0x0000628a       0xf0 contiki-sky.a(leds.o)
 .text.leds_init
                0x0000637a        0xa contiki-sky.a(leds.o)
                0x0000637a                leds_init
 .text.leds_on  0x00006384        0xa contiki-sky.a(leds.o)
                0x00006384                leds_on
 .text.leds_off
                0x0000638e        0xe contiki-sky.a(leds.o)
                0x0000638e                leds_off
 .text.leds_toggle
                0x0000639c        0xa contiki-sky.a(leds.o)
                0x0000639c                leds_toggle
 .text.leds_arch_init
                0x000063a6        0xe contiki-sky.a(leds-arch.o)
                0x000063a6                leds_arch_init
 .text.leds_arch_set
                0x000063b4       0x38 contiki-sky.a(leds-arch.o)
                0x000063b4                leds_arch_set
 .text.watchdog_interrupt
                0x000063ec        0x6 contiki-sky.a(watchdog.o)
                0x000063ec                __isr_10
                0x000063ec                watchdog_interrupt
 .text.watchdog_start
                0x000063f2       0x14 contiki-sky.a(watchdog.o)
                0x000063f2                watchdog_start
 .text.watchdog_periodic
                0x00006406       0x12 contiki-sky.a(watchdog.o)
                0x00006406                watchdog_periodic
 .text.watchdog_stop
                0x00006418       0x16 contiki-sky.a(watchdog.o)
                0x00006418                watchdog_stop
 .text.watchdog_init
                0x0000642e       0x12 contiki-sky.a(watchdog.o)
                0x0000642e                watchdog_init
 .text.watchdog_reboot
                0x00006440        0x6 contiki-sky.a(watchdog.o)
                0x00006440                watchdog_reboot
 .text.rtimer_arch_init
                0x00006446        0xe contiki-sky.a(rtimer-arch.o)
                0x00006446                rtimer_arch_init
 .text.rtimer_arch_now
                0x00006454        0xe contiki-sky.a(rtimer-arch.o)
                0x00006454                rtimer_arch_now
 .text.timera0  0x00006462       0x70 contiki-sky.a(rtimer-arch.o)
                0x00006462                __isr_6
                0x00006462                timera0
 .text.rtimer_arch_schedule
                0x000064d2        0x6 contiki-sky.a(rtimer-arch.o)
                0x000064d2                rtimer_arch_schedule
 .text.autostart_start
                0x000064d8       0x16 contiki-sky.a(autostart.o)
                0x000064d8                autostart_start
 .text.process_thread_ctimer_process
                0x000064ee       0xa8 contiki-sky.a(ctimer.o)
 .text.ctimer_init
                0x00006596       0x18 contiki-sky.a(ctimer.o)
                0x00006596                ctimer_init
 .text.ctimer_set_with_process
                0x000065ae       0x4e contiki-sky.a(ctimer.o)
                0x000065ae                ctimer_set_with_process
 .text.ctimer_set
                0x000065fc       0x10 contiki-sky.a(ctimer.o)
                0x000065fc                ctimer_set
 .text.ctimer_reset
                0x0000660c       0x30 contiki-sky.a(ctimer.o)
                0x0000660c                ctimer_reset
 .text.ctimer_restart
                0x0000663c       0x30 contiki-sky.a(ctimer.o)
                0x0000663c                ctimer_restart
 .text.ctimer_stop
                0x0000666c       0x28 contiki-sky.a(ctimer.o)
                0x0000666c                ctimer_stop
 .text.energest_init
                0x00006694       0x26 contiki-sky.a(energest.o)
                0x00006694                energest_init
 .text.energest_type_time
                0x000066ba       0x48 contiki-sky.a(energest.o)
                0x000066ba                energest_type_time
 .text.energest_type_set
                0x00006702        0xe contiki-sky.a(energest.o)
                0x00006702                energest_type_set
 .text.energest_flush
                0x00006710       0x48 contiki-sky.a(energest.o)
                0x00006710                energest_flush
 .text.update_time
                0x00006758       0x78 contiki-sky.a(etimer.o)
 .text.etimer_request_poll
                0x000067d0        0xa contiki-sky.a(etimer.o)
                0x000067d0                etimer_request_poll
 .text.process_thread_etimer_process
                0x000067da       0xcc contiki-sky.a(etimer.o)
 .text.add_timer
                0x000068a6       0x40 contiki-sky.a(etimer.o)
 .text.etimer_set
                0x000068e6       0x12 contiki-sky.a(etimer.o)
                0x000068e6                etimer_set
 .text.etimer_reset
                0x000068f8       0x12 contiki-sky.a(etimer.o)
                0x000068f8                etimer_reset
 .text.etimer_restart
                0x0000690a       0x12 contiki-sky.a(etimer.o)
                0x0000690a                etimer_restart
 .text.etimer_expired
                0x0000691c        0xe contiki-sky.a(etimer.o)
                0x0000691c                etimer_expired
 .text.etimer_expiration_time
                0x0000692a       0x14 contiki-sky.a(etimer.o)
                0x0000692a                etimer_expiration_time
 .text.etimer_pending
                0x0000693e        0xc contiki-sky.a(etimer.o)
                0x0000693e                etimer_pending
 .text.etimer_next_expiration_time
                0x0000694a       0x16 contiki-sky.a(etimer.o)
                0x0000694a                etimer_next_expiration_time
 .text.etimer_stop
                0x00006960       0x3e contiki-sky.a(etimer.o)
                0x00006960                etimer_stop
 .text.call_process
                0x0000699e       0x46 contiki-sky.a(process.o)
 .text.exit_process
                0x000069e4       0x96 contiki-sky.a(process.o)
 .text.do_poll  0x00006a7a       0x30 contiki-sky.a(process.o)
 .text.process_alloc_event
                0x00006aaa        0xe contiki-sky.a(process.o)
                0x00006aaa                process_alloc_event
 .text.process_init
                0x00006ab8       0x1c contiki-sky.a(process.o)
                0x00006ab8                process_init
 .text.process_run
                0x00006ad4       0x92 contiki-sky.a(process.o)
                0x00006ad4                process_run
 .text.process_nevents
                0x00006b66        0xe contiki-sky.a(process.o)
                0x00006b66                process_nevents
 .text.process_post
                0x00006b74       0x4e contiki-sky.a(process.o)
                0x00006b74                process_post
 .text.process_post_synch
                0x00006bc2       0x12 contiki-sky.a(process.o)
                0x00006bc2                process_post_synch
 .text.process_start
                0x00006bd4       0x36 contiki-sky.a(process.o)
                0x00006bd4                process_start
 .text.process_poll
                0x00006c0a       0x18 contiki-sky.a(process.o)
                0x00006c0a                process_poll
 .text.rtimer_init
                0x00006c22        0x6 contiki-sky.a(rtimer.o)
                0x00006c22                rtimer_init
 .text.rtimer_run_next
                0x00006c28       0x26 contiki-sky.a(rtimer.o)
                0x00006c28                rtimer_run_next
 .text.timer_set
                0x00006c4e       0x1c contiki-sky.a(timer.o)
                0x00006c4e                timer_set
 .text.timer_reset
                0x00006c6a        0xe contiki-sky.a(timer.o)
                0x00006c6a                timer_reset
 .text.timer_restart
                0x00006c78       0x14 contiki-sky.a(timer.o)
                0x00006c78                timer_restart
 .text.timer_expired
                0x00006c8c       0x2a contiki-sky.a(timer.o)
                0x00006c8c                timer_expired
 .text.list_init
                0x00006cb6        0x6 contiki-sky.a(list.o)
                0x00006cb6                list_init
 .text.list_head
                0x00006cbc        0x4 contiki-sky.a(list.o)
                0x00006cbc                list_head
 .text.list_tail
                0x00006cc0       0x12 contiki-sky.a(list.o)
                0x00006cc0                list_tail
 .text.list_remove
                0x00006cd2       0x34 contiki-sky.a(list.o)
                0x00006cd2                list_remove
 .text.list_push
                0x00006d06       0x1a contiki-sky.a(list.o)
                0x00006d06                list_push
 .text.list_add
                0x00006d20       0x2a contiki-sky.a(list.o)
                0x00006d20                list_add
 .text.list_length
                0x00006d4a       0x10 contiki-sky.a(list.o)
                0x00006d4a                list_length
 .text.list_item_next
                0x00006d5a        0xc contiki-sky.a(list.o)
                0x00006d5a                list_item_next
 .text.random_init
                0x00006d66        0x6 contiki-sky.a(random.o)
                0x00006d66                random_init
 .text.random_rand
                0x00006d6c        0x6 contiki-sky.a(random.o)
                0x00006d6c                random_rand
 .text.uip_ds6_list_loop
                0x00006d72       0x86 contiki-sky.a(uip-ds6.o)
                0x00006d72                uip_ds6_list_loop
 .text.uip_ds6_prefix_add
                0x00006df8       0x80 contiki-sky.a(uip-ds6.o)
                0x00006df8                uip_ds6_prefix_add
 .text.uip_ds6_is_addr_onlink
                0x00006e78       0x54 contiki-sky.a(uip-ds6.o)
                0x00006e78                uip_ds6_is_addr_onlink
 .text.uip_ds6_addr_lookup
                0x00006ecc       0x2a contiki-sky.a(uip-ds6.o)
                0x00006ecc                uip_ds6_addr_lookup
 .text.uip_ds6_get_link_local
                0x00006ef6       0x3e contiki-sky.a(uip-ds6.o)
                0x00006ef6                uip_ds6_get_link_local
 .text.uip_ds6_maddr_add
                0x00006f34       0x4c contiki-sky.a(uip-ds6.o)
                0x00006f34                uip_ds6_maddr_add
 .text.uip_ds6_addr_add
                0x00006f80       0xc4 contiki-sky.a(uip-ds6.o)
                0x00006f80                uip_ds6_addr_add
 .text.uip_ds6_maddr_rm
                0x00007044        0xa contiki-sky.a(uip-ds6.o)
                0x00007044                uip_ds6_maddr_rm
 .text.uip_ds6_maddr_lookup
                0x0000704e       0x2a contiki-sky.a(uip-ds6.o)
                0x0000704e                uip_ds6_maddr_lookup
 .text.uip_ds6_addr_rm
                0x00007078       0x54 contiki-sky.a(uip-ds6.o)
                0x00007078                uip_ds6_addr_rm
 .text.uip_ds6_periodic
                0x000070cc       0x46 contiki-sky.a(uip-ds6.o)
                0x000070cc                uip_ds6_periodic
 .text.uip_ds6_set_addr_iid
                0x00007112       0x14 contiki-sky.a(uip-ds6.o)
                0x00007112                uip_ds6_set_addr_iid
 .text.get_match_length
                0x00007126       0x44 contiki-sky.a(uip-ds6.o)
                0x00007126                get_match_length
 .text.uip_ds6_select_src
                0x0000716a       0xaa contiki-sky.a(uip-ds6.o)
                0x0000716a                uip_ds6_select_src
 .text.uip_ds6_compute_reachable_time
                0x00007214       0x3e contiki-sky.a(uip-ds6.o)
                0x00007214                uip_ds6_compute_reachable_time
 .text.uip_ds6_init
                0x00007252      0x154 contiki-sky.a(uip-ds6.o)
                0x00007252                uip_ds6_init
 .text.uip_ds6_route_init
                0x000073a6       0x12 contiki-sky.a(uip-ds6-route.o)
                0x000073a6                uip_ds6_route_init
 .text.uip_ds6_route_nexthop
                0x000073b8        0x4 contiki-sky.a(uip-ds6-route.o)
                0x000073b8                uip_ds6_route_nexthop
 .text.uip_ds6_route_is_nexthop
                0x000073bc        0x4 contiki-sky.a(uip-ds6-route.o)
                0x000073bc                uip_ds6_route_is_nexthop
 .text.uip_ds6_route_lookup
                0x000073c0        0x4 contiki-sky.a(uip-ds6-route.o)
                0x000073c0                uip_ds6_route_lookup
 .text.uip_ds6_route_rm
                0x000073c4        0x2 contiki-sky.a(uip-ds6-route.o)
                0x000073c4                uip_ds6_route_rm
 .text.uip_ds6_defrt_rm
                0x000073c6       0x3c contiki-sky.a(uip-ds6-route.o)
                0x000073c6                uip_ds6_defrt_rm
 .text.uip_ds6_defrt_lookup
                0x00007402       0x36 contiki-sky.a(uip-ds6-route.o)
                0x00007402                uip_ds6_defrt_lookup
 .text.uip_ds6_defrt_add
                0x00007438       0x6a contiki-sky.a(uip-ds6-route.o)
                0x00007438                uip_ds6_defrt_add
 .text.uip_ds6_defrt_choose
                0x000074a2       0x3a contiki-sky.a(uip-ds6-route.o)
                0x000074a2                uip_ds6_defrt_choose
 .text.uip_ds6_defrt_periodic
                0x000074dc       0x38 contiki-sky.a(uip-ds6-route.o)
                0x000074dc                uip_ds6_defrt_periodic
 .text.chksum   0x00007514       0x32 contiki-sky.a(uip6.o)
 .text.upper_layer_chksum
                0x00007546       0x56 contiki-sky.a(uip6.o)
 .text.ext_hdr_options_process
                0x0000759c       0xd0 contiki-sky.a(uip6.o)
 .text.uip_add32
                0x0000766c       0x68 contiki-sky.a(uip6.o)
                0x0000766c                uip_add32
 .text.uip_add_rcv_nxt
                0x000076d4       0x2e contiki-sky.a(uip6.o)
 .text.uip_icmp6chksum
                0x00007702        0xa contiki-sky.a(uip6.o)
                0x00007702                uip_icmp6chksum
 .text.uip_tcpchksum
                0x0000770c        0xa contiki-sky.a(uip6.o)
                0x0000770c                uip_tcpchksum
 .text.uip_udpchksum
                0x00007716        0xa contiki-sky.a(uip6.o)
                0x00007716                uip_udpchksum
 .text.uip_init
                0x00007720       0x56 contiki-sky.a(uip6.o)
                0x00007720                uip_init
 .text.remove_ext_hdr
                0x00007776       0x54 contiki-sky.a(uip6.o)
                0x00007776                remove_ext_hdr
 .text.uip_udp_new
                0x000077ca       0xae contiki-sky.a(uip6.o)
                0x000077ca                uip_udp_new
 .text.uip_unlisten
                0x00007878       0x1a contiki-sky.a(uip6.o)
                0x00007878                uip_unlisten
 .text.uip_process
                0x00007892      0xe16 contiki-sky.a(uip6.o)
                0x00007892                uip_process
 .text.uip_htonl
                0x000086a8       0x2e contiki-sky.a(uip6.o)
                0x000086a8                uip_htonl
 .text.uip_ds6_nbr_rm
                0x000086d6       0x1e contiki-sky.a(uip-ds6-nbr.o)
                0x000086d6                uip_ds6_nbr_rm
 .text.uip_ds6_neighbors_init
                0x000086f4       0x12 contiki-sky.a(uip-ds6-nbr.o)
                0x000086f4                uip_ds6_neighbors_init
 .text.uip_ds6_nbr_add
                0x00008706       0x3e contiki-sky.a(uip-ds6-nbr.o)
                0x00008706                uip_ds6_nbr_add
 .text.uip_ds6_nbr_get_ll
                0x00008744        0xc contiki-sky.a(uip-ds6-nbr.o)
                0x00008744                uip_ds6_nbr_get_ll
 .text.uip_ds6_nbr_lookup
                0x00008750       0x42 contiki-sky.a(uip-ds6-nbr.o)
                0x00008750                uip_ds6_nbr_lookup
 .text.uip_ds6_nbr_ll_lookup
                0x00008792        0xc contiki-sky.a(uip-ds6-nbr.o)
                0x00008792                uip_ds6_nbr_ll_lookup
 .text.uip_ds6_nbr_ipaddr_from_lladdr
                0x0000879e        0x6 contiki-sky.a(uip-ds6-nbr.o)
                0x0000879e                uip_ds6_nbr_ipaddr_from_lladdr
 .text.uip_ds6_nbr_lladdr_from_ipaddr
                0x000087a4       0x12 contiki-sky.a(uip-ds6-nbr.o)
                0x000087a4                uip_ds6_nbr_lladdr_from_ipaddr
 .text.uip_ds6_link_neighbor_callback
                0x000087b6       0x36 contiki-sky.a(uip-ds6-nbr.o)
                0x000087b6                uip_ds6_link_neighbor_callback
 .text.uip_nd6_init
                0x000087ec        0x2 contiki-sky.a(uip-nd6.o)
                0x000087ec                uip_nd6_init
 .text.clear_fragments
                0x000087ee       0x40 contiki-sky.a(sicslowpan.o)
 .text.set_packet_attrs
                0x0000882e       0x46 contiki-sky.a(sicslowpan.o)
 .text.addr_context_lookup_by_number
                0x00008874       0x32 contiki-sky.a(sicslowpan.o)
 .text.compress_addr_64
                0x000088a6       0xae contiki-sky.a(sicslowpan.o)
 .text.store_fragment
                0x00008954       0xc8 contiki-sky.a(sicslowpan.o)
 .text.uncompress_addr
                0x00008a1c       0xb4 contiki-sky.a(sicslowpan.o)
 .text.sicslowpan_init
                0x00008ad0       0x24 contiki-sky.a(sicslowpan.o)
                0x00008ad0                sicslowpan_init
 .text.addr_context_lookup_by_prefix
                0x00008af4       0x4c contiki-sky.a(sicslowpan.o)
 .text.packet_sent
                0x00008b40       0x22 contiki-sky.a(sicslowpan.o)
 .text.add_fragment
                0x00008b62      0x1ec contiki-sky.a(sicslowpan.o)
 .text.input    0x00008d4e      0x6dc contiki-sky.a(sicslowpan.o)
 .text.send_packet
                0x0000942a       0x1a contiki-sky.a(sicslowpan.o)
 .text.output   0x00009444      0x6bc contiki-sky.a(sicslowpan.o)
 .text.uip_udp_packet_send
                0x00009b00       0x2a contiki-sky.a(uip-udp-packet.)
                0x00009b00                uip_udp_packet_send
 .text.start_periodic_tcp_timer
                0x00009b2a       0x16 contiki-sky.a(tcpip.o)
 .text.tcpip_output
                0x00009b40       0x10 contiki-sky.a(tcpip.o)
                0x00009b40                tcpip_output
 .text.tcpip_set_outputfunc
                0x00009b50        0x6 contiki-sky.a(tcpip.o)
                0x00009b50                tcpip_set_outputfunc
 .text.udp_new  0x00009b56       0x1a contiki-sky.a(tcpip.o)
                0x00009b56                udp_new
 .text.tcpip_input
                0x00009b70       0x16 contiki-sky.a(tcpip.o)
                0x00009b70                tcpip_input
 .text.tcpip_ipv6_output
                0x00009b86       0xe4 contiki-sky.a(tcpip.o)
                0x00009b86                tcpip_ipv6_output
 .text.process_thread_tcpip_process
                0x00009c6a      0x1bc contiki-sky.a(tcpip.o)
 .text.tcpip_uipcall
                0x00009e26       0x62 contiki-sky.a(tcpip.o)
                0x00009e26                tcpip_uipcall
 .text.lollipop_greater_than
                0x00009e88       0x3c contiki-sky.a(rpl-dag.o)
 .text.find_parent_any_dag_any_instance
                0x00009ec4       0x14 contiki-sky.a(rpl-dag.o)
 .text.rpl_set_preferred_parent
                0x00009ed8       0x30 contiki-sky.a(rpl-dag.o)
 .text.set_ip_from_prefix
                0x00009f08       0x38 contiki-sky.a(rpl-dag.o)
 .text.check_prefix
                0x00009f40       0x80 contiki-sky.a(rpl-dag.o)
 .text.rpl_dag_init
                0x00009fc0        0xe contiki-sky.a(rpl-dag.o)
                0x00009fc0                rpl_dag_init
 .text.rpl_get_parent
                0x00009fce        0xc contiki-sky.a(rpl-dag.o)
                0x00009fce                rpl_get_parent
 .text.rpl_rank_via_parent
                0x00009fda       0x2a contiki-sky.a(rpl-dag.o)
                0x00009fda                rpl_rank_via_parent
 .text.rpl_get_parent_lladdr
                0x0000a004        0xc contiki-sky.a(rpl-dag.o)
                0x0000a004                rpl_get_parent_lladdr
 .text.rpl_get_parent_ipaddr
                0x0000a010        0xa contiki-sky.a(rpl-dag.o)
                0x0000a010                rpl_get_parent_ipaddr
 .text.rpl_get_parent_link_stats
                0x0000a01a        0xa contiki-sky.a(rpl-dag.o)
                0x0000a01a                rpl_get_parent_link_stats
 .text.rpl_parent_is_fresh
                0x0000a024        0xa contiki-sky.a(rpl-dag.o)
                0x0000a024                rpl_parent_is_fresh
 .text.best_parent
                0x0000a02e       0x76 contiki-sky.a(rpl-dag.o)
 .text.rpl_set_prefix
                0x0000a0a4       0x8e contiki-sky.a(rpl-dag.o)
                0x0000a0a4                rpl_set_prefix
 .text.rpl_set_default_route
                0x0000a132       0x3e contiki-sky.a(rpl-dag.o)
                0x0000a132                rpl_set_default_route
 .text.rpl_alloc_instance
                0x0000a170       0x34 contiki-sky.a(rpl-dag.o)
                0x0000a170                rpl_alloc_instance
 .text.rpl_add_parent
                0x0000a1a4       0x3e contiki-sky.a(rpl-dag.o)
                0x0000a1a4                rpl_add_parent
 .text.rpl_find_parent
                0x0000a1e2       0x1a contiki-sky.a(rpl-dag.o)
                0x0000a1e2                rpl_find_parent
 .text.rpl_find_parent_any_dag
                0x0000a1fc       0x22 contiki-sky.a(rpl-dag.o)
                0x0000a1fc                rpl_find_parent_any_dag
 .text.rpl_select_parent
                0x0000a21e       0x66 contiki-sky.a(rpl-dag.o)
                0x0000a21e                rpl_select_parent
 .text.rpl_select_dag
                0x0000a284      0x16a contiki-sky.a(rpl-dag.o)
                0x0000a284                rpl_select_dag
 .text.rpl_nullify_parent
                0x0000a3ee       0x4a contiki-sky.a(rpl-dag.o)
                0x0000a3ee                rpl_nullify_parent
 .text.rpl_remove_parent
                0x0000a438       0x16 contiki-sky.a(rpl-dag.o)
                0x0000a438                rpl_remove_parent
 .text.nbr_callback
                0x0000a44e        0x6 contiki-sky.a(rpl-dag.o)
 .text.remove_parents.constprop.4
                0x0000a454       0x30 contiki-sky.a(rpl-dag.o)
 .text.rpl_free_dag
                0x0000a484       0x2e contiki-sky.a(rpl-dag.o)
                0x0000a484                rpl_free_dag
 .text.rpl_move_parent
                0x0000a4b2       0x46 contiki-sky.a(rpl-dag.o)
                0x0000a4b2                rpl_move_parent
 .text.rpl_get_dag
                0x0000a4f8       0x86 contiki-sky.a(rpl-dag.o)
                0x0000a4f8                rpl_get_dag
 .text.rpl_get_any_dag
                0x0000a57e       0x16 contiki-sky.a(rpl-dag.o)
                0x0000a57e                rpl_get_any_dag
 .text.rpl_get_instance
                0x0000a594       0x16 contiki-sky.a(rpl-dag.o)
                0x0000a594                rpl_get_instance
 .text.rpl_alloc_dag
                0x0000a5aa       0x64 contiki-sky.a(rpl-dag.o)
                0x0000a5aa                rpl_alloc_dag
 .text.rpl_repair_root
                0x0000a60e       0x4c contiki-sky.a(rpl-dag.o)
                0x0000a60e                rpl_repair_root
 .text.rpl_find_of
                0x0000a65a       0x10 contiki-sky.a(rpl-dag.o)
                0x0000a65a                rpl_find_of
 .text.rpl_join_instance
                0x0000a66a      0x15a contiki-sky.a(rpl-dag.o)
                0x0000a66a                rpl_join_instance
 .text.rpl_local_repair
                0x0000a7c4       0x98 contiki-sky.a(rpl-dag.o)
                0x0000a7c4                rpl_local_repair
 .text.rpl_process_parent_event
                0x0000a85c       0x8e contiki-sky.a(rpl-dag.o)
                0x0000a85c                rpl_process_parent_event
 .text.rpl_recalculate_ranks
                0x0000a8ea       0x44 contiki-sky.a(rpl-dag.o)
                0x0000a8ea                rpl_recalculate_ranks
 .text.rpl_add_dag
                0x0000a92e      0x114 contiki-sky.a(rpl-dag.o)
                0x0000a92e                rpl_add_dag
 .text.rpl_process_dio
                0x0000aa42      0x342 contiki-sky.a(rpl-dag.o)
                0x0000aa42                rpl_process_dio
 .text.handle_unicast_dio_timer
                0x0000ad84       0x1c contiki-sky.a(rpl-timers.o)
 .text.new_dio_interval
                0x0000ada0       0x92 contiki-sky.a(rpl-timers.o)
 .text.set_dao_lifetime_timer
                0x0000ae32       0x8c contiki-sky.a(rpl-timers.o)
 .text.handle_periodic_timer
                0x0000aebe       0x50 contiki-sky.a(rpl-timers.o)
 .text.schedule_dao
                0x0000af0e       0x82 contiki-sky.a(rpl-timers.o)
 .text.handle_dio_timer
                0x0000af90       0x88 contiki-sky.a(rpl-timers.o)
 .text.handle_dao_timer
                0x0000b018       0x64 contiki-sky.a(rpl-timers.o)
 .text.rpl_reset_periodic_timer
                0x0000b07c       0x54 contiki-sky.a(rpl-timers.o)
                0x0000b07c                rpl_reset_periodic_timer
 .text.rpl_reset_dio_timer
                0x0000b0d0       0x18 contiki-sky.a(rpl-timers.o)
                0x0000b0d0                rpl_reset_dio_timer
 .text.rpl_schedule_dao
                0x0000b0e8        0xc contiki-sky.a(rpl-timers.o)
                0x0000b0e8                rpl_schedule_dao
 .text.rpl_schedule_unicast_dio_immediately
                0x0000b0f4       0x16 contiki-sky.a(rpl-timers.o)
                0x0000b0f4                rpl_schedule_unicast_dio_immediately
 .text.get_probing_delay
                0x0000b10a       0x40 contiki-sky.a(rpl-timers.o)
                0x0000b10a                get_probing_delay
 .text.get_probing_target
                0x0000b14a       0xfa contiki-sky.a(rpl-timers.o)
                0x0000b14a                get_probing_target
 .text.rpl_schedule_probing
                0x0000b244       0x26 contiki-sky.a(rpl-timers.o)
                0x0000b244                rpl_schedule_probing
 .text.handle_probing_timer
                0x0000b26a       0x3c contiki-sky.a(rpl-timers.o)
 .text.update_hbh_header
                0x0000b2a6       0x78 contiki-sky.a(rpl-ext-header.)
 .text.insert_hbh_header
                0x0000b31e       0x9c contiki-sky.a(rpl-ext-header.)
 .text.rpl_verify_hbh_header
                0x0000b3ba       0xfe contiki-sky.a(rpl-ext-header.)
                0x0000b3ba                rpl_verify_hbh_header
 .text.rpl_srh_get_next_hop
                0x0000b4b8       0xce contiki-sky.a(rpl-ext-header.)
                0x0000b4b8                rpl_srh_get_next_hop
 .text.rpl_process_srh_header
                0x0000b586      0x152 contiki-sky.a(rpl-ext-header.)
                0x0000b586                rpl_process_srh_header
 .text.rpl_remove_header
                0x0000b6d8       0x7a contiki-sky.a(rpl-ext-header.)
                0x0000b6d8                rpl_remove_header
 .text.rpl_update_header
                0x0000b752      0x28e contiki-sky.a(rpl-ext-header.)
                0x0000b752                rpl_update_header
 .text.rpl_get_mode
                0x0000b9e0        0x6 contiki-sky.a(rpl.o)
                0x0000b9e0                rpl_get_mode
 .text.rpl_link_neighbor_callback
                0x0000b9e6       0x4c contiki-sky.a(rpl.o)
                0x0000b9e6                rpl_link_neighbor_callback
 .text.rpl_ipv6_neighbor_callback
                0x0000ba32       0x1e contiki-sky.a(rpl.o)
                0x0000ba32                rpl_ipv6_neighbor_callback
 .text.rpl_purge_dags
                0x0000ba50       0x70 contiki-sky.a(rpl.o)
                0x0000ba50                rpl_purge_dags
 .text.rpl_init
                0x0000bac0       0x48 contiki-sky.a(rpl.o)
                0x0000bac0                rpl_init
 .text.reset    0x0000bb08        0x2 contiki-sky.a(rpl-mrhof.o)
 .text.update_metric_container
                0x0000bb0a        0x6 contiki-sky.a(rpl-mrhof.o)
 .text.parent_link_metric
                0x0000bb10       0x10 contiki-sky.a(rpl-mrhof.o)
 .text.parent_has_usable_link
                0x0000bb20       0x14 contiki-sky.a(rpl-mrhof.o)
 .text.best_dag
                0x0000bb34       0x2e contiki-sky.a(rpl-mrhof.o)
 .text.parent_path_cost
                0x0000bb62       0x44 contiki-sky.a(rpl-mrhof.o)
 .text.parent_is_acceptable
                0x0000bba6       0x2e contiki-sky.a(rpl-mrhof.o)
 .text.rank_via_parent
                0x0000bbd4       0x56 contiki-sky.a(rpl-mrhof.o)
 .text.best_parent
                0x0000bc2a       0x82 contiki-sky.a(rpl-mrhof.o)
 .text.node_matches_address
                0x0000bcac       0x4a contiki-sky.a(rpl-ns.o)
 .text.rpl_ns_get_node
                0x0000bcf6       0x38 contiki-sky.a(rpl-ns.o)
                0x0000bcf6                rpl_ns_get_node
 .text.rpl_ns_is_node_reachable
                0x0000bd2e       0x36 contiki-sky.a(rpl-ns.o)
                0x0000bd2e                rpl_ns_is_node_reachable
 .text.rpl_ns_expire_parent
                0x0000bd64       0x38 contiki-sky.a(rpl-ns.o)
                0x0000bd64                rpl_ns_expire_parent
 .text.rpl_ns_update_node
                0x0000bd9c       0xbc contiki-sky.a(rpl-ns.o)
                0x0000bd9c                rpl_ns_update_node
 .text.rpl_ns_init
                0x0000be58       0x16 contiki-sky.a(rpl-ns.o)
                0x0000be58                rpl_ns_init
 .text.rpl_ns_get_node_global_addr
                0x0000be6e       0x32 contiki-sky.a(rpl-ns.o)
                0x0000be6e                rpl_ns_get_node_global_addr
 .text.rpl_ns_periodic
                0x0000bea0       0x8c contiki-sky.a(rpl-ns.o)
                0x0000bea0                rpl_ns_periodic
 .text.get32    0x0000bf2c       0x46 contiki-sky.a(rpl-icmp6.o)
 .text.set32    0x0000bf72       0x2a contiki-sky.a(rpl-icmp6.o)
 .text.get16    0x0000bf9c        0xe contiki-sky.a(rpl-icmp6.o)
 .text.set16    0x0000bfaa       0x10 contiki-sky.a(rpl-icmp6.o)
 .text.dao_ack_input
                0x0000bfba        0xa contiki-sky.a(rpl-icmp6.o)
 .text.dao_input
                0x0000bfc4      0x164 contiki-sky.a(rpl-icmp6.o)
 .text.dio_input
                0x0000c128      0x2a8 contiki-sky.a(rpl-icmp6.o)
 .text.rpl_icmp6_update_nbr_table
                0x0000c3d0       0x30 contiki-sky.a(rpl-icmp6.o)
                0x0000c3d0                rpl_icmp6_update_nbr_table
 .text.dis_output
                0x0000c400       0x50 contiki-sky.a(rpl-icmp6.o)
                0x0000c400                dis_output
 .text.dio_output
                0x0000c450      0x272 contiki-sky.a(rpl-icmp6.o)
                0x0000c450                dio_output
 .text.dis_input
                0x0000c6c2       0x3e contiki-sky.a(rpl-icmp6.o)
 .text.dao_output_target
                0x0000c700      0x10e contiki-sky.a(rpl-icmp6.o)
                0x0000c700                dao_output_target
 .text.dao_output
                0x0000c80e       0xb4 contiki-sky.a(rpl-icmp6.o)
                0x0000c80e                dao_output
 .text.rpl_icmp6_register_handlers
                0x0000c8c2       0x22 contiki-sky.a(rpl-icmp6.o)
                0x0000c8c2                rpl_icmp6_register_handlers
 .text.input_packet
                0x0000c8e4        0x6 contiki-sky.a(csma.o)
 .text.on       0x0000c8ea        0x6 contiki-sky.a(csma.o)
 .text.off      0x0000c8f0        0x6 contiki-sky.a(csma.o)
 .text.channel_check_interval
                0x0000c8f6       0x10 contiki-sky.a(csma.o)
 .text.transmit_packet_list
                0x0000c906       0x24 contiki-sky.a(csma.o)
 .text.schedule_transmission
                0x0000c92a       0x96 contiki-sky.a(csma.o)
 .text.init     0x0000c9c0       0x1a contiki-sky.a(csma.o)
 .text.tx_done  0x0000c9da       0x94 contiki-sky.a(csma.o)
 .text.send_packet
                0x0000ca6e      0x164 contiki-sky.a(csma.o)
 .text.packet_sent
                0x0000cbd2       0xd6 contiki-sky.a(csma.o)
 .text.mac_call_sent_callback
                0x0000cca8       0x14 contiki-sky.a(mac.o)
                0x0000cca8                mac_call_sent_callback
 .text.create_frame.isra.0
                0x0000ccbc      0x118 contiki-sky.a(framer-802154.o)
 .text.create   0x0000cdd4        0x8 contiki-sky.a(framer-802154.o)
 .text.hdr_length
                0x0000cddc        0x8 contiki-sky.a(framer-802154.o)
 .text.parse    0x0000cde4       0x9e contiki-sky.a(framer-802154.o)
 .text.on       0x0000ce82        0x6 contiki-sky.a(nullrdc.o)
 .text.channel_check_interval
                0x0000ce88        0x4 contiki-sky.a(nullrdc.o)
 .text.init     0x0000ce8c        0x6 contiki-sky.a(nullrdc.o)
 .text.off      0x0000ce92       0x10 contiki-sky.a(nullrdc.o)
 .text.packet_input
                0x0000cea2       0x40 contiki-sky.a(nullrdc.o)
 .text.send_one_packet
                0x0000cee2      0x124 contiki-sky.a(nullrdc.o)
 .text.send_list
                0x0000d006       0x30 contiki-sky.a(nullrdc.o)
 .text.send_packet
                0x0000d036        0x6 contiki-sky.a(nullrdc.o)
 .text.queuebuf_init
                0x0000d03c       0x12 contiki-sky.a(queuebuf.o)
                0x0000d03c                queuebuf_init
 .text.queuebuf_numfree
                0x0000d04e        0xa contiki-sky.a(queuebuf.o)
                0x0000d04e                queuebuf_numfree
 .text.queuebuf_new_from_packetbuf
                0x0000d058       0x52 contiki-sky.a(queuebuf.o)
                0x0000d058                queuebuf_new_from_packetbuf
 .text.queuebuf_update_attr_from_packetbuf
                0x0000d0aa       0x12 contiki-sky.a(queuebuf.o)
                0x0000d0aa                queuebuf_update_attr_from_packetbuf
 .text.queuebuf_free
                0x0000d0bc       0x2a contiki-sky.a(queuebuf.o)
                0x0000d0bc                queuebuf_free
 .text.queuebuf_to_packetbuf
                0x0000d0e6       0x32 contiki-sky.a(queuebuf.o)
                0x0000d0e6                queuebuf_to_packetbuf
 .text.queuebuf_attr
                0x0000d118        0xe contiki-sky.a(queuebuf.o)
                0x0000d118                queuebuf_attr
 .text.key_from_index
                0x0000d126       0x18 contiki-sky.a(nbr-table.o)
 .text.item_from_index
                0x0000d13e       0x2a contiki-sky.a(nbr-table.o)
 .text.index_from_key
                0x0000d168       0x26 contiki-sky.a(nbr-table.o)
 .text.index_from_item
                0x0000d18e       0x1e contiki-sky.a(nbr-table.o)
 .text.nbr_set_bit
                0x0000d1ac       0x58 contiki-sky.a(nbr-table.o)
 .text.index_from_lladdr
                0x0000d204       0x42 contiki-sky.a(nbr-table.o)
 .text.nbr_get_bit.constprop.0
                0x0000d246       0x2e contiki-sky.a(nbr-table.o)
 .text.remove_key
                0x0000d274       0x66 contiki-sky.a(nbr-table.o)
 .text.nbr_table_register
                0x0000d2da       0x26 contiki-sky.a(nbr-table.o)
                0x0000d2da                nbr_table_register
 .text.nbr_table_next
                0x0000d300       0x3e contiki-sky.a(nbr-table.o)
                0x0000d300                nbr_table_next
 .text.nbr_table_head
                0x0000d33e       0x3a contiki-sky.a(nbr-table.o)
                0x0000d33e                nbr_table_head
 .text.nbr_table_add_lladdr
                0x0000d378      0x110 contiki-sky.a(nbr-table.o)
                0x0000d378                nbr_table_add_lladdr
 .text.nbr_table_get_from_lladdr
                0x0000d488       0x2c contiki-sky.a(nbr-table.o)
                0x0000d488                nbr_table_get_from_lladdr
 .text.nbr_table_remove
                0x0000d4b4       0x32 contiki-sky.a(nbr-table.o)
                0x0000d4b4                nbr_table_remove
 .text.nbr_table_lock
                0x0000d4e6       0x10 contiki-sky.a(nbr-table.o)
                0x0000d4e6                nbr_table_lock
 .text.nbr_table_unlock
                0x0000d4f6       0x10 contiki-sky.a(nbr-table.o)
                0x0000d4f6                nbr_table_unlock
 .text.nbr_table_get_lladdr
                0x0000d506       0x14 contiki-sky.a(nbr-table.o)
                0x0000d506                nbr_table_get_lladdr
 .text.packetbuf_hdrreduce
                0x0000d51a       0x1a contiki-sky.a(packetbuf.o)
                0x0000d51a                packetbuf_hdrreduce
 .text.packetbuf_set_datalen
                0x0000d534        0x6 contiki-sky.a(packetbuf.o)
                0x0000d534                packetbuf_set_datalen
 .text.packetbuf_hdrptr
                0x0000d53a        0x6 contiki-sky.a(packetbuf.o)
                0x0000d53a                packetbuf_hdrptr
 .text.packetbuf_datalen
                0x0000d540        0x6 contiki-sky.a(packetbuf.o)
                0x0000d540                packetbuf_datalen
 .text.packetbuf_hdrlen
                0x0000d546        0xa contiki-sky.a(packetbuf.o)
                0x0000d546                packetbuf_hdrlen
 .text.packetbuf_dataptr
                0x0000d550        0xc contiki-sky.a(packetbuf.o)
                0x0000d550                packetbuf_dataptr
 .text.packetbuf_copyto
                0x0000d55c       0x46 contiki-sky.a(packetbuf.o)
                0x0000d55c                packetbuf_copyto
 .text.packetbuf_totlen
                0x0000d5a2        0xc contiki-sky.a(packetbuf.o)
                0x0000d5a2                packetbuf_totlen
 .text.packetbuf_hdralloc
                0x0000d5ae       0x3c contiki-sky.a(packetbuf.o)
                0x0000d5ae                packetbuf_hdralloc
 .text.packetbuf_attr_clear
                0x0000d5ea       0x28 contiki-sky.a(packetbuf.o)
                0x0000d5ea                packetbuf_attr_clear
 .text.packetbuf_clear
                0x0000d612       0x12 contiki-sky.a(packetbuf.o)
                0x0000d612                packetbuf_clear
 .text.packetbuf_copyfrom
                0x0000d624       0x2e contiki-sky.a(packetbuf.o)
                0x0000d624                packetbuf_copyfrom
 .text.packetbuf_attr_copyto
                0x0000d652       0x22 contiki-sky.a(packetbuf.o)
                0x0000d652                packetbuf_attr_copyto
 .text.packetbuf_attr_copyfrom
                0x0000d674       0x24 contiki-sky.a(packetbuf.o)
                0x0000d674                packetbuf_attr_copyfrom
 .text.packetbuf_holds_broadcast
                0x0000d698        0xe contiki-sky.a(packetbuf.o)
                0x0000d698                packetbuf_holds_broadcast
 .text.linkaddr_copy
                0x0000d6a6        0x8 contiki-sky.a(linkaddr.o)
                0x0000d6a6                linkaddr_copy
 .text.linkaddr_cmp
                0x0000d6ae       0x12 contiki-sky.a(linkaddr.o)
                0x0000d6ae                linkaddr_cmp
 .text.linkaddr_set_node_addr
                0x0000d6c0        0xc contiki-sky.a(linkaddr.o)
                0x0000d6c0                linkaddr_set_node_addr
 .text.periodic
                0x0000d6cc       0x28 contiki-sky.a(link-stats.o)
 .text.link_stats_from_lladdr
                0x0000d6f4        0xc contiki-sky.a(link-stats.o)
                0x0000d6f4                link_stats_from_lladdr
 .text.link_stats_is_fresh
                0x0000d700       0x32 contiki-sky.a(link-stats.o)
                0x0000d700                link_stats_is_fresh
 .text.link_stats_packet_sent
                0x0000d732       0xd6 contiki-sky.a(link-stats.o)
                0x0000d732                link_stats_packet_sent
 .text.link_stats_input_callback
                0x0000d808       0xb2 contiki-sky.a(link-stats.o)
                0x0000d808                link_stats_input_callback
 .text.link_stats_init
                0x0000d8ba       0x22 contiki-sky.a(link-stats.o)
                0x0000d8ba                link_stats_init
 .text.init     0x0000d8dc        0x2 contiki-sky.a(nullsec.o)
 .text.send     0x0000d8de        0xa contiki-sky.a(nullsec.o)
 .text.input    0x0000d8e8        0x6 contiki-sky.a(nullsec.o)
 .text.spi_init
                0x0000d8ee       0x30 contiki-sky.a(spi.o)
                0x0000d8ee                spi_init
 .text.stimer_set
                0x0000d91e       0x1c contiki-sky.a(stimer.o)
                0x0000d91e                stimer_set
 .text.stimer_expired
                0x0000d93a       0x30 contiki-sky.a(stimer.o)
                0x0000d93a                stimer_expired
 .text.memb_init
                0x0000d96a       0x36 contiki-sky.a(memb.o)
                0x0000d96a                memb_init
 .text.memb_alloc
                0x0000d9a0       0x3e contiki-sky.a(memb.o)
                0x0000d9a0                memb_alloc
 .text.memb_free
                0x0000d9de       0x3a contiki-sky.a(memb.o)
                0x0000d9de                memb_free
 .text.memb_inmemb
                0x0000da18       0x2a contiki-sky.a(memb.o)
                0x0000da18                memb_inmemb
 .text.memb_numfree
                0x0000da42       0x26 contiki-sky.a(memb.o)
                0x0000da42                memb_numfree
 .text.echo_reply_input
                0x0000da68       0xb2 contiki-sky.a(uip-icmp6.o)
 .text.echo_request_input
                0x0000db1a       0xca contiki-sky.a(uip-icmp6.o)
 .text.uip_icmp6_input
                0x0000dbe4       0x48 contiki-sky.a(uip-icmp6.o)
                0x0000dbe4                uip_icmp6_input
 .text.uip_icmp6_register_input_handler
                0x0000dc2c        0xc contiki-sky.a(uip-icmp6.o)
                0x0000dc2c                uip_icmp6_register_input_handler
 .text.uip_icmp6_error_output
                0x0000dc38      0x180 contiki-sky.a(uip-icmp6.o)
                0x0000dc38                uip_icmp6_error_output
 .text.uip_icmp6_send
                0x0000ddb8       0x94 contiki-sky.a(uip-icmp6.o)
                0x0000ddb8                uip_icmp6_send
 .text.uip_icmp6_init
                0x0000de4c       0x12 contiki-sky.a(uip-icmp6.o)
                0x0000de4c                uip_icmp6_init
 .text.update_nbr
                0x0000de5e       0xe6 contiki-sky.a(rpl-nbr-policy.)
 .text.handle_periodic_timer
                0x0000df44        0xe contiki-sky.a(rpl-nbr-policy.)
 .text.find_removable_dis
                0x0000df52       0x14 contiki-sky.a(rpl-nbr-policy.)
                0x0000df52                find_removable_dis
 .text.find_removable_dio
                0x0000df66       0x3e contiki-sky.a(rpl-nbr-policy.)
                0x0000df66                find_removable_dio
 .text.find_removable_dao
                0x0000dfa4       0x32 contiki-sky.a(rpl-nbr-policy.)
                0x0000dfa4                find_removable_dao
 .text.rpl_nbr_policy_find_removable
                0x0000dfd6       0x30 contiki-sky.a(rpl-nbr-policy.)
                0x0000dfd6                rpl_nbr_policy_find_removable
 .text.mac_sequence_is_duplicate
                0x0000e006       0x76 contiki-sky.a(mac-sequence.o)
                0x0000e006                mac_sequence_is_duplicate
 .text.mac_sequence_register_seqno
                0x0000e07c       0x80 contiki-sky.a(mac-sequence.o)
                0x0000e07c                mac_sequence_register_seqno
 .text.frame802154_get_pan_id
                0x0000e0fc        0x6 contiki-sky.a(frame802154.o)
                0x0000e0fc                frame802154_get_pan_id
 .text.frame802154_has_panid
                0x0000e102       0x78 contiki-sky.a(frame802154.o)
                0x0000e102                frame802154_has_panid
 .text.field_len
                0x0000e17a       0xac contiki-sky.a(frame802154.o)
 .text.frame802154_is_broadcast_addr
                0x0000e226       0x28 contiki-sky.a(frame802154.o)
                0x0000e226                frame802154_is_broadcast_addr
 .text.frame802154_hdrlen
                0x0000e24e       0x32 contiki-sky.a(frame802154.o)
                0x0000e24e                frame802154_hdrlen
 .text.frame802154_create
                0x0000e280      0x16a contiki-sky.a(frame802154.o)
                0x0000e280                frame802154_create
 .text.frame802154_parse
                0x0000e3ea      0x200 contiki-sky.a(frame802154.o)
                0x0000e3ea                frame802154_parse
 .text.libgcc   0x0000e5ea       0x2c /usr/local/bin/../lib/gcc/msp430/4.7.2/mmpy-16/libgcc.a(_mulsi3.o)
                0x0000e5ea                __mulsi3
 .text.libgcc   0x0000e616       0x22 /usr/local/bin/../lib/gcc/msp430/4.7.2/mmpy-16/libgcc.a(_udivmod16.o)
                0x0000e616                __udivhi3
                0x0000e616                __ext_udivmod16
                0x0000e630                __umodhi3
 .text.libgcc   0x0000e638       0x3a /usr/local/bin/../lib/gcc/msp430/4.7.2/mmpy-16/libgcc.a(_divmod16.o)
                0x0000e638                __ext_divmod16
                0x0000e638                __divhi3
                0x0000e66a                __modhi3
 .text.libgcc   0x0000e672       0x40 /usr/local/bin/../lib/gcc/msp430/4.7.2/mmpy-16/libgcc.a(_udivmod32.o)
                0x0000e672                __udivsi3
                0x0000e672                __ext_udivmod32
                0x0000e6a8                __umodsi3
 .text.libgcc   0x0000e6b2       0x4c /usr/local/bin/../lib/gcc/msp430/4.7.2/mmpy-16/libgcc.a(_divmod32.o)
                0x0000e6b2                __ext_divmod32
                0x0000e6b2                __divsi3
                0x0000e6f4                __modsi3
 .text.printf   0x0000e6fe       0x10 /usr/local/bin/../lib/gcc/msp430/4.7.2/../../../../msp430/lib/mmpy-16/libc.a(printf.o)
                0x0000e6fe                printf
 .text.print_field
                0x0000e70e      0x194 /usr/local/bin/../lib/gcc/msp430/4.7.2/../../../../msp430/lib/mmpy-16/libc.a(vuprintf.o)
 .text.vuprintf
                0x0000e8a2      0x63e /usr/local/bin/../lib/gcc/msp430/4.7.2/../../../../msp430/lib/mmpy-16/libc.a(vuprintf.o)
                0x0000e8a2                vuprintf
 .text.puts     0x0000eee0       0x2c /usr/local/bin/../lib/gcc/msp430/4.7.2/../../../../msp430/lib/mmpy-16/libc.a(puts.o)
                0x0000eee0                puts
 .text.rand     0x0000ef0c       0x26 /usr/local/bin/../lib/gcc/msp430/4.7.2/../../../../msp430/lib/mmpy-16/libc.a(rand.o)
                0x0000ef0c                rand
 .text.srand    0x0000ef32        0xa /usr/local/bin/../lib/gcc/msp430/4.7.2/../../../../msp430/lib/mmpy-16/libc.a(rand.o)
                0x0000ef32                srand
 .text.memcmp   0x0000ef3c       0x30 /usr/local/bin/../lib/gcc/msp430/4.7.2/../../../../msp430/lib/mmpy-16/libc.a(memcmp.o)
                0x0000ef3c                memcmp
 .text.memcpy   0x0000ef6c       0xfa /usr/local/bin/../lib/gcc/msp430/4.7.2/../../../../msp430/lib/mmpy-16/libc.a(memcpy.o)
                0x0000ef6c                memcpy
 .text.memmove  0x0000f066       0xfa /usr/local/bin/../lib/gcc/msp430/4.7.2/../../../../msp430/lib/mmpy-16/libc.a(memmove.o)
                0x0000f066                memmove
 .text.memset   0x0000f160       0x6a /usr/local/bin/../lib/gcc/msp430/4.7.2/../../../../msp430/lib/mmpy-16/libc.a(memset.o)
                0x0000f160                memset
 .text.libgcc   0x0000f1ca       0xf0 /usr/local/bin/../lib/gcc/msp430/4.7.2/mmpy-16/libgcc.a(_udivmod64.o)
                0x0000f1ca                __xabi_udivmod64
                0x0000f228                __udivdi3
                0x0000f24e                __umoddi3
                0x0000f27c                __udivmoddi4
 .text.crt0     0x0000f2ba        0x2 /usr/local/bin/../lib/gcc/msp430/4.7.2/mmpy-16/libcrt0.a(_unexpected_.o)
                0x0000f2ba                _unexpected_
 *(.near.text .near.text.*)

.rodata         0x0000f2bc      0x2d1
                0x0000f2bc                . = ALIGN (0x2)
 *(.rodata .rodata.* .gnu.linkonce.r.*)
 .rodata.process_req_cmd
                0x0000f2bc       0x3c udp-echo-server.co
 .rodata        0x0000f2f8       0x18 udp-echo-server.co
                0x0000f2f8                autostart_processes
 .rodata        0x0000f310      0x12e obj_sky/contiki-sky-main.o
 .rodata        0x0000f43e       0x10 contiki-sky.a(button-sensor.o)
                0x0000f446                button_sensor
 .rodata        0x0000f44e        0x8 contiki-sky.a(sensors.o)
 *fill*         0x0000f456        0x2 00
 .rodata.get_value
                0x0000f458       0x24 contiki-sky.a(cc2420.o)
 .rodata.set_value
                0x0000f47c       0x10 contiki-sky.a(cc2420.o)
 .rodata        0x0000f48c       0x3e contiki-sky.a(cc2420.o)
                0x0000f48c                cc2420_aes_128_driver
                0x0000f490                cc2420_driver
 .rodata        0x0000f4ca        0xf contiki-sky.a(ctimer.o)
 .rodata        0x0000f4d9        0xc contiki-sky.a(etimer.o)
 *fill*         0x0000f4e5        0x3 00
 .rodata.uip_process
                0x0000f4e8       0x20 contiki-sky.a(uip6.o)
 .rodata        0x0000f508       0x24 contiki-sky.a(sicslowpan.o)
                0x0000f514                sicslowpan_driver
                0x0000f51a                llprefix
                0x0000f51c                unc_mxconf
                0x0000f520                unc_ctxconf
                0x0000f524                unc_llconf
 .rodata        0x0000f52c        0xd contiki-sky.a(tcpip.o)
 *fill*         0x0000f539        0x1 00
 .rodata        0x0000f53a       0x14 contiki-sky.a(csma.o)
                0x0000f540                csma_driver
 .rodata        0x0000f54e        0x6 contiki-sky.a(framer-802154.o)
                0x0000f54e                framer_802154
 .rodata        0x0000f554       0x18 contiki-sky.a(nullrdc.o)
                0x0000f55c                nullrdc_driver
 .rodata        0x0000f56c        0x8 contiki-sky.a(linkaddr.o)
                0x0000f56c                linkaddr_null
 .rodata        0x0000f574       0x10 contiki-sky.a(nullsec.o)
                0x0000f57c                nullsec_driver
 .rodata        0x0000f584        0x2 contiki-sky.a(frame802154.o)
 .rodata.vuprintf
                0x0000f586        0x7 /usr/local/bin/../lib/gcc/msp430/4.7.2/../../../../msp430/lib/mmpy-16/libc.a(vuprintf.o)
 *(.near.rodata .near.rodata.*)
                0x0000f58e                . = ALIGN (0x2)
                0x0000f58e                _etext = .

.data           0x00001100       0xde load address 0x0000f58e
                0x00001100                . = ALIGN (0x2)
                0x00001100                __data_start = .
 *(.data .data.* .gnu.linkonce.d.*)
 .data          0x00001100        0xa udp-echo-server.co
                0x00001100                udp_echo_server_process
 .data          0x0000110a        0x4 contiki-sky.a(contiki-sky-pla)
                0x0000110a                sensors
 .data          0x0000110e        0xa contiki-sky.a(sensors.o)
                0x0000110e                sensors_process
 .data          0x00001118        0xc contiki-sky.a(cc2420.o)
                0x00001118                cc2420_process
 .data          0x00001124        0x2 contiki-sky.a(msp430.o)
 .data          0x00001126        0xa contiki-sky.a(ctimer.o)
                0x00001126                ctimer_process
 .data          0x00001130        0xa contiki-sky.a(etimer.o)
                0x00001130                etimer_process
 .data          0x0000113a        0x8 contiki-sky.a(uip-ds6-route.o)
 .data          0x00001142        0xa contiki-sky.a(uip-ds6-nbr.o)
                0x00001142                ds6_neighbors
 .data          0x0000114c        0xa contiki-sky.a(tcpip.o)
                0x0000114c                tcpip_process
 .data          0x00001156        0xa contiki-sky.a(rpl-dag.o)
                0x00001156                rpl_parents
 .data          0x00001160       0x12 contiki-sky.a(rpl-mrhof.o)
                0x00001160                rpl_mrhof
 .data          0x00001172        0x8 contiki-sky.a(rpl-ns.o)
 .data          0x0000117a       0x1a contiki-sky.a(rpl-icmp6.o)
 .data          0x00001194       0x18 contiki-sky.a(csma.o)
 .data          0x000011ac       0x10 contiki-sky.a(queuebuf.o)
 .data          0x000011bc        0x8 contiki-sky.a(nbr-table.o)
 .data          0x000011c4        0x8 contiki-sky.a(link-stats.o)
 .data          0x000011cc        0xc contiki-sky.a(uip-icmp6.o)
 .data          0x000011d8        0x2 contiki-sky.a(frame802154.o)
 .data.next     0x000011da        0x4 /usr/local/bin/../lib/gcc/msp430/4.7.2/../../../../msp430/lib/mmpy-16/libc.a(rand.o)
 *(.near.data .near.data.*)
                0x000011de                . = ALIGN (0x2)
                0x000011de                _edata = .
                0x0000f58e                __data_load_start = LOADADDR (.data)
                0x000000de                __data_size = SIZEOF (.data)

.bss            0x000011de     0x1d6c load address 0x0000f66c
                0x000011de                __bss_start = .
 *(.bss .bss.*)
 .bss           0x000011de      0x1c8 udp-echo-server.co
 .bss           0x000013a6        0xc obj_sky/contiki-sky-main.o
 .bss           0x000013b2        0x8 contiki-sky.a(button-sensor.o)
 .bss           0x000013ba        0x2 contiki-sky.a(node-id.o)
                0x000013ba                node_id
 .bss           0x000013bc        0x6 contiki-sky.a(sensors.o)
 .bss           0x000013c2        0xa contiki-sky.a(cc2420.o)
 .bss           0x000013cc       0x9a contiki-sky.a(uart1.o)
 .bss           0x00001466        0xa contiki-sky.a(clock.o)
 .bss           0x00001470        0x1 contiki-sky.a(leds.o)
 *fill*         0x00001471        0x1 00
 .bss           0x00001472        0x2 contiki-sky.a(watchdog.o)
 .bss           0x00001474        0x4 contiki-sky.a(ctimer.o)
 .bss           0x00001478        0x6 contiki-sky.a(etimer.o)
 .bss           0x0000147e       0x38 contiki-sky.a(process.o)
                0x0000147e                process_current
                0x00001480                process_list
 .bss           0x000014b6        0x2 contiki-sky.a(rtimer.o)
 .bss           0x000014b8       0x18 contiki-sky.a(uip-ds6.o)
 .bss           0x000014d0       0x3c contiki-sky.a(uip-ds6-route.o)
 .bss           0x0000150c        0xa contiki-sky.a(uip6.o)
                0x0000150c                uip_ext_opt_offset
                0x0000150d                uip_ext_len
                0x0000150e                uip_ext_bitmap
 .bss           0x00001516       0xb4 contiki-sky.a(uip-ds6-nbr.o)
 .bss           0x000015ca      0x6e6 contiki-sky.a(sicslowpan.o)
 .bss           0x00001cb0       0x30 contiki-sky.a(tcpip.o)
 .bss           0x00001ce0       0x3c contiki-sky.a(rpl-dag.o)
 .bss           0x00001d1c       0x18 contiki-sky.a(rpl-timers.o)
 .bss           0x00001d34        0x2 contiki-sky.a(rpl.o)
 .bss           0x00001d36      0x2fc contiki-sky.a(rpl-ns.o)
 .bss           0x00002032       0xc0 contiki-sky.a(csma.o)
 .bss           0x000020f2        0x2 contiki-sky.a(framer-802154.o)
 .bss           0x000020f4      0x5a0 contiki-sky.a(queuebuf.o)
 .bss           0x00002694       0x96 contiki-sky.a(nbr-table.o)
 .bss           0x0000272a       0x86 contiki-sky.a(packetbuf.o)
 .bss           0x000027b0       0x64 contiki-sky.a(link-stats.o)
 .bss           0x00002814       0x14 contiki-sky.a(uip-icmp6.o)
 .bss           0x00002828       0x20 contiki-sky.a(rpl-nbr-policy.)
 .bss           0x00002848       0xe0 contiki-sky.a(mac-sequence.o)
 *(.near.bss .near.bss.*)
 *(COMMON)
 COMMON         0x00002928        0x2 contiki-sky.a(contiki-sky-pla)
                0x00002928                sensors_flags
 COMMON         0x0000292a        0x8 contiki-sky.a(ds2411.o)
                0x0000292a                ds2411_id
 COMMON         0x00002932        0x1 contiki-sky.a(sensors.o)
                0x00002932                sensors_event
 *fill*         0x00002933        0x1 00
 COMMON         0x00002934       0x10 contiki-sky.a(cc2420.o)
                0x00002934                cc2420_last_rssi
                0x00002936                cc2420_sfd_start_time
                0x00002938                cc2420_time_of_departure
                0x0000293a                cc2420_time_of_arrival
                0x0000293c                cc2420_last_correlation
                0x0000293e                cc2420_authority_level_of_sender
                0x00002940                cc2420_sfd_counter
                0x00002942                cc2420_sfd_end_time
 COMMON         0x00002944        0x2 contiki-sky.a(msp430.o)
                0x00002944                msp430_dco_required
 COMMON         0x00002946       0x56 contiki-sky.a(energest.o)
                0x00002946                energest_total_time
                0x00002976                energest_total_count
                0x00002978                energest_current_mode
                0x00002984                energest_current_time
 COMMON         0x0000299c        0x1 contiki-sky.a(process.o)
                0x0000299c                process_maxevents
 *fill*         0x0000299d        0x1 00
 COMMON         0x0000299e      0x15c contiki-sky.a(uip-ds6.o)
                0x0000299e                uip_ds6_timer_ra
                0x000029a6                uip_ds6_if
                0x00002a92                uip_ds6_netif_addr_list_offset
                0x00002a93                uip_ds6_addr_size
                0x00002a94                uip_ds6_prefix_list
                0x00002aee                uip_ds6_timer_periodic
 COMMON         0x00002afa      0x304 contiki-sky.a(uip6.o)
                0x00002afa                uip_len
                0x00002afc                uip_sappdata
                0x00002afe                uip_acc32
                0x00002b02                uip_lladdr
                0x00002b0a                uip_aligned_buf
                0x00002bfa                uip_flags
                0x00002bfc                uip_next_hdr
                0x00002bfe                uip_udp_conn
                0x00002c00                uip_appdata
                0x00002c02                uip_conn
                0x00002c04                uip_conns
                0x00002cb4                uip_listenports
                0x00002cc4                uip_slen
                0x00002cc6                uip_udp_conns
 COMMON         0x00002dfe        0x1 contiki-sky.a(tcpip.o)
                0x00002dfe                tcpip_event
 *fill*         0x00002dff        0x1 00
 COMMON         0x00002e00      0x100 contiki-sky.a(rpl-dag.o)
                0x00002e00                default_instance
                0x00002e02                instance_table
 COMMON         0x00002f00       0x2e contiki-sky.a(packetbuf.o)
                0x00002f00                packetbuf_addrs
                0x00002f10                packetbuf_attrs
 COMMON         0x00002f2e        0x8 contiki-sky.a(linkaddr.o)
                0x00002f2e                linkaddr_node_addr
 COMMON         0x00002f36       0x14 contiki-sky.a(link-stats.o)
                0x00002f36                periodic_timer
                0x00002f4a                . = ALIGN (0x2)
                0x00002f4a                __bss_end = .
                0x00001d6c                __bss_size = SIZEOF (.bss)

.noinit         0x00002f4a        0x2 load address 0x0000f66c
                0x00002f4a                . = ALIGN (0x2)
                0x00002f4a                __noinit_start = .
 *(.noinit .noinit.*)
 .noinit.crt0   0x00002f4a        0x2 /usr/local/bin/../lib/gcc/msp430/4.7.2/mmpy-16/libcrt0.a(__watchdog_support.o)
                0x00002f4a                __wdt_clear_value
                0x00002f4c                . = ALIGN (0x2)
                0x00002f4c                __noinit_end = .
                0x00002f4c                . = ALIGN (0x2)
                0x00002f4c                _end = .

.infomem        0x00001000        0x0
                0x00001000                . = ALIGN (0x2)
 *(.infomem .infomem.*)

.infomemnobits  0x00001000        0x0
                0x00001000                . = ALIGN (0x2)
 *(.infomemnobits .infomemnobits.*)

.infoa          0x00001080        0x0
                0x00001080                . = ALIGN (0x2)
 *(.infoa .infoa.*)

.infob          0x00001000        0x0
                0x00001000                . = ALIGN (0x2)
 *(.infob .infob.*)

.infoc          0x00000000        0x0
                0x00000000                . = ALIGN (0x2)
 *(.infoc .infoc.*)

.infod          0x00000000        0x0
                0x00000000                . = ALIGN (0x2)
 *(.infod .infod.*)
                0x0000ffff                PROVIDE (__vte_0, 0xffff)
                0x0000ffff                PROVIDE (__vte_1, 0xffff)
                0x0000ffff                PROVIDE (__vte_2, 0xffff)
                0x0000ffff                PROVIDE (__vte_3, 0xffff)
                0x0000ffff                PROVIDE (__vte_4, 0xffff)
                0x0000ffff                PROVIDE (__vte_5, 0xffff)
                0x0000ffff                PROVIDE (__vte_6, 0xffff)
                0x0000ffff                PROVIDE (__vte_7, 0xffff)
                0x0000ffff                PROVIDE (__vte_8, 0xffff)
                0x0000ffff                PROVIDE (__vte_9, 0xffff)
                0x0000ffff                PROVIDE (__vte_10, 0xffff)
                0x0000ffff                PROVIDE (__vte_11, 0xffff)
                0x0000ffff                PROVIDE (__vte_12, 0xffff)
                0x0000ffff                PROVIDE (__vte_13, 0xffff)
                0x0000ffff                PROVIDE (__vte_14, 0xffff)
                0x0000ffff                PROVIDE (__vte_15, 0xffff)
                0x0000ffff                PROVIDE (__vte_16, 0xffff)
                0x0000ffff                PROVIDE (__vte_17, 0xffff)
                0x0000ffff                PROVIDE (__vte_18, 0xffff)
                0x0000ffff                PROVIDE (__vte_19, 0xffff)
                0x0000ffff                PROVIDE (__vte_20, 0xffff)
                0x0000ffff                PROVIDE (__vte_21, 0xffff)
                0x0000ffff                PROVIDE (__vte_22, 0xffff)
                0x0000ffff                PROVIDE (__vte_23, 0xffff)
                0x0000ffff                PROVIDE (__vte_24, 0xffff)
                0x0000ffff                PROVIDE (__vte_25, 0xffff)
                0x0000ffff                PROVIDE (__vte_26, 0xffff)
                0x0000ffff                PROVIDE (__vte_27, 0xffff)
                0x0000ffff                PROVIDE (__vte_28, 0xffff)
                0x0000ffff                PROVIDE (__vte_29, 0xffff)
                0x0000ffff                PROVIDE (__vte_30, 0xffff)
                0x0000ffff                PROVIDE (__vte_31, 0xffff)

.vectors        0x0000ffe0       0x20
                0x0000ffe0                __vectors_start = .
 *(.vectors*)
 .vectors       0x0000ffe0       0x20 /usr/local/bin/../lib/gcc/msp430/4.7.2/mmpy-16/crt0ivtbl16.o
                0x0000ffe0                __ivtbl_16
                0x00010000                _vectors_end = .

.fartext        0x00000000        0x0
                0x00000000                . = ALIGN (0x2)
 *(.fartext .fartext.*)

.far.text       0x00000000        0x0
                0x00000000                . = ALIGN (0x2)
 *(.far.text .far.text.*)

.far.rodata     0x00000000        0x0
                0x00000000                . = ALIGN (0x2)
 *(.far.rodata .far.rodata.*)
                0x00000000                . = ALIGN (0x2)
                0x00000000                _efartext = .

.far.data       0x00000000        0x0
                0x00000000                . = ALIGN (0x2)
                0x00000000                __far_data_start = .
 *(.far.data .far.data.*)
                0x00000000                . = ALIGN (0x2)
                0x00000000                _efardata = .
                0x00000000                __far_data_load_start = LOADADDR (.far.data)
                0x00000000                __far_data_size = SIZEOF (.far.data)

.far.bss        0x00000000        0x0
                0x00000000                . = ALIGN (0x2)
                0x00000000                __far_bss_start = .
 *(.far.bss .far.bss.*)
                0x00000000                . = ALIGN (0x2)
                0x00000000                __far_bss_end = .
                0x00000000                __far_bss_size = SIZEOF (.far.bss)
                0x00000000                . = ALIGN (0x2)
                0x00000000                _far_end = .

.profiler
 *(.profiler)

.stab           0x00000000    0x2b398
 *(.stab)
 .stab          0x00000000     0x27fc udp-echo-server.co
 .stab          0x000027fc      0xc30 obj_sky/util.o
                               0x1e90 (size before relaxing)
 .stab          0x0000342c     0x1320 obj_sky/contiki-sky-main.o
                               0x1b00 (size before relaxing)
 .stab          0x0000474c      0x258 contiki-sky.a(contiki-sky-pla)
                                0x5ac (size before relaxing)
 .stab          0x000049a4      0x468 contiki-sky.a(button-sensor.o)
                                0x7d4 (size before relaxing)
 .stab          0x00004e0c      0x618 contiki-sky.a(ds2411.o)
                                0xb34 (size before relaxing)
 .stab          0x00005424      0xb4c contiki-sky.a(xmem.o)
                                0xf00 (size before relaxing)
 .stab          0x00005f70      0x2b8 contiki-sky.a(node-id.o)
                                0x4e0 (size before relaxing)
 .stab          0x00006228      0x69c contiki-sky.a(sensors.o)
                                0xbb8 (size before relaxing)
 .stab          0x000068c4     0x2850 contiki-sky.a(cc2420.o)
                               0x2f7c (size before relaxing)
 .stab          0x00009114      0x624 contiki-sky.a(cc2420-arch.o)
                               0x1710 (size before relaxing)
 .stab          0x00009738      0x600 contiki-sky.a(uart1.o)
                                0x954 (size before relaxing)
 .stab          0x00009d38      0x234 contiki-sky.a(uart1-putchar.o)
                                0x588 (size before relaxing)
 .stab          0x00009f6c      0x72c contiki-sky.a(msp430.o)
                                0xa80 (size before relaxing)
 .stab          0x0000a698      0x930 contiki-sky.a(clock.o)
                                0xc84 (size before relaxing)
 .stab          0x0000afc8      0x5a0 contiki-sky.a(leds.o)
                                0x7ec (size before relaxing)
 .stab          0x0000b568      0x378 contiki-sky.a(leds-arch.o)
                                0x6cc (size before relaxing)
 .stab          0x0000b8e0      0x3cc contiki-sky.a(watchdog.o)
                                0x720 (size before relaxing)
 .stab          0x0000bcac      0x3b4 contiki-sky.a(rtimer-arch.o)
                                0x708 (size before relaxing)
 .stab          0x0000c060      0x294 contiki-sky.a(autostart.o)
                                0x534 (size before relaxing)
 .stab          0x0000c2f4      0x834 contiki-sky.a(ctimer.o)
                                0xba0 (size before relaxing)
 .stab          0x0000cb28      0x474 contiki-sky.a(energest.o)
                                0x6fc (size before relaxing)
 .stab          0x0000cf9c      0xa80 contiki-sky.a(etimer.o)
                                0xd50 (size before relaxing)
 .stab          0x0000da1c      0xb94 contiki-sky.a(process.o)
                               0x102c (size before relaxing)
 .stab          0x0000e5b0      0x3cc contiki-sky.a(rtimer.o)
                                0x6b4 (size before relaxing)
 .stab          0x0000e97c      0x348 contiki-sky.a(timer.o)
                                0x588 (size before relaxing)
 .stab          0x0000ecc4      0x7bc contiki-sky.a(list.o)
                                0x7c8 (size before relaxing)
 .stab          0x0000f480      0x240 contiki-sky.a(random.o)
                                0x618 (size before relaxing)
 .stab          0x0000f6c0     0x14c4 contiki-sky.a(uip-ds6.o)
                               0x20dc (size before relaxing)
 .stab          0x00010b84      0xa74 contiki-sky.a(uip-ds6-route.o)
                               0x1674 (size before relaxing)
 .stab          0x000115f8     0x2a30 contiki-sky.a(uip6.o)
                               0x3714 (size before relaxing)
 .stab          0x00014028      0xccc contiki-sky.a(uip-ds6-nbr.o)
                               0x1584 (size before relaxing)
 .stab          0x00014cf4      0x594 contiki-sky.a(uip-nd6.o)
                               0x11e8 (size before relaxing)
 .stab          0x00015288     0x2b14 contiki-sky.a(sicslowpan.o)
                               0x351c (size before relaxing)
 .stab          0x00017d9c      0x42c contiki-sky.a(uip-udp-packet.)
                                0xc30 (size before relaxing)
 .stab          0x000181c8     0x1278 contiki-sky.a(tcpip.o)
                               0x2574 (size before relaxing)
 .stab          0x00019440     0x354c contiki-sky.a(rpl-dag.o)
                               0x41e8 (size before relaxing)
 .stab          0x0001c98c      0xf90 contiki-sky.a(rpl-timers.o)
                               0x1d4c (size before relaxing)
 .stab          0x0001d91c     0x1170 contiki-sky.a(rpl-ext-header.)
                               0x1f68 (size before relaxing)
 .stab          0x0001ea8c      0xb4c contiki-sky.a(rpl.o)
                               0x1950 (size before relaxing)
 .stab          0x0001f5d8      0x9e4 contiki-sky.a(rpl-mrhof.o)
                               0x17a0 (size before relaxing)
 .stab          0x0001ffbc      0xb7c contiki-sky.a(rpl-ns.o)
                               0x1998 (size before relaxing)
 .stab          0x00020b38     0x168c contiki-sky.a(rpl-icmp6.o)
                               0x24cc (size before relaxing)
 .stab          0x000221c4     0x111c contiki-sky.a(csma.o)
                               0x1644 (size before relaxing)
 .stab          0x000232e0      0x1f8 contiki-sky.a(mac.o)
                                0x4ec (size before relaxing)
 .stab          0x000234d8      0x900 contiki-sky.a(framer-802154.o)
                                0xf0c (size before relaxing)
 .stab          0x00023dd8      0x948 contiki-sky.a(nullrdc.o)
                               0x1290 (size before relaxing)
 .stab          0x00024720      0xa80 contiki-sky.a(queuebuf.o)
                               0x1b84 (size before relaxing)
 .stab          0x000251a0     0x10f8 contiki-sky.a(nbr-table.o)
                               0x1a64 (size before relaxing)
 .stab          0x00026298      0xc48 contiki-sky.a(packetbuf.o)
                               0x1d64 (size before relaxing)
 .stab          0x00026ee0      0x2ac contiki-sky.a(linkaddr.o)