Archive member included because of file (symbol)

contiki-z1.a(contiki-z1-plat)
                              obj_z1/contiki-z1-main.o (init_platform)
contiki-z1.a(msp430.o)        obj_z1/contiki-z1-main.o (splhigh_)
contiki-z1.a(leds.o)          obj_z1/contiki-z1-main.o (leds_init)
contiki-z1.a(watchdog.o)      obj_z1/contiki-z1-main.o (watchdog_start)
contiki-z1.a(xmem.o)          obj_z1/contiki-z1-main.o (xmem_init)
contiki-z1.a(spi.o)           contiki-z1.a(xmem.o) (spi_init)
contiki-z1.a(cc2420.o)        obj_z1/contiki-z1-main.o (cc2420_set_pan_addr)
contiki-z1.a(cc2420-arch.o)   contiki-z1.a(cc2420.o) (cc2420_arch_init)
contiki-z1.a(node-id.o)       obj_z1/contiki-z1-main.o (node_id_restore)
contiki-z1.a(sensors.o)       contiki-z1.a(contiki-z1-plat) (sensors_process)
contiki-z1.a(uart0.o)         obj_z1/contiki-z1-main.o (uart0_active)
contiki-z1.a(uart0-putchar.o)
                              obj_z1/util.o (putchar)
contiki-z1.a(z1-sensors.o)    contiki-z1.a(sensors.o) (sensors_flags)
contiki-z1.a(adxl345.o)       obj_z1/contiki-z1-main.o (adxl345)
contiki-z1.a(tmp102.o)        contiki-z1.a(z1-sensors.o) (tmp102)
contiki-z1.a(clock.o)         obj_z1/contiki-z1-main.o (clock_init)
contiki-z1.a(leds-arch.o)     contiki-z1.a(leds.o) (leds_arch_init)
contiki-z1.a(rtimer-arch.o)   obj_z1/contiki-z1-main.o (rtimer_arch_now)
contiki-z1.a(csma.o)          obj_z1/contiki-z1-main.o (csma_driver)
contiki-z1.a(mac.o)           contiki-z1.a(csma.o) (mac_call_sent_callback)
contiki-z1.a(queuebuf.o)      obj_z1/contiki-z1-main.o (queuebuf_init)
contiki-z1.a(packetbuf.o)     contiki-z1.a(cc2420.o) (packetbuf_set_datalen)
contiki-z1.a(linkaddr.o)      obj_z1/contiki-z1-main.o (linkaddr_copy)
contiki-z1.a(contikimac.o)    obj_z1/contiki-z1-main.o (contikimac_driver)
contiki-z1.a(noncoresec.o)    contiki-z1.a(contikimac.o) (noncoresec_framer)
contiki-z1.a(autostart.o)     obj_z1/contiki-z1-main.o (autostart_start)
contiki-z1.a(ctimer.o)        obj_z1/contiki-z1-main.o (ctimer_init)
contiki-z1.a(energest.o)      obj_z1/contiki-z1-main.o (energest_init)
contiki-z1.a(etimer.o)        contiki-z1.a(clock.o) (etimer_request_poll)
contiki-z1.a(process.o)       contiki-z1.a(ctimer.o) (process_current)
contiki-z1.a(rtimer.o)        obj_z1/contiki-z1-main.o (rtimer_init)
contiki-z1.a(timer.o)         contiki-z1.a(adxl345.o) (timer_set)
contiki-z1.a(ccm-star.o)      contiki-z1.a(noncoresec.o) (ccm_star_driver)
contiki-z1.a(list.o)          contiki-z1.a(csma.o) (list_init)
contiki-z1.a(aes-128.o)       contiki-z1.a(ccm-star.o) (aes_128_driver)
contiki-z1.a(memb.o)          contiki-z1.a(csma.o) (memb_init)
contiki-z1.a(random.o)        obj_z1/contiki-z1-main.o (random_init)
contiki-z1.a(uip-ds6.o)       obj_z1/contiki-z1-main.o (uip_ds6_get_link_local)
contiki-z1.a(uip-ds6-route.o)
                              contiki-z1.a(uip-ds6.o) (uip_ds6_route_init)
contiki-z1.a(uip6.o)          udp-echo-server.co (uip_aligned_buf)
contiki-z1.a(uip-ds6-nbr.o)   contiki-z1.a(uip-ds6.o) (uip_ds6_neighbors_init)
contiki-z1.a(uip-nd6.o)       contiki-z1.a(uip6.o) (uip_nd6_init)
contiki-z1.a(sicslowpan.o)    obj_z1/contiki-z1-main.o (sicslowpan_driver)
contiki-z1.a(uip-debug.o)     udp-echo-server.co (uip_debug_ipaddr_print)
contiki-z1.a(uip-udp-packet.)
                              udp-echo-server.co (uip_udp_packet_send)
contiki-z1.a(tcpip.o)         contiki-z1.a(sicslowpan.o) (tcpip_set_outputfunc)
contiki-z1.a(rpl-dag.o)       udp-echo-server.co (rpl_get_any_dag)
contiki-z1.a(rpl-timers.o)    contiki-z1.a(rpl-dag.o) (rpl_reset_dio_timer)
contiki-z1.a(rpl-ext-header.)
                              contiki-z1.a(uip6.o) (rpl_verify_hbh_header)
contiki-z1.a(rpl.o)           contiki-z1.a(rpl-timers.o) (rpl_get_mode)
contiki-z1.a(rpl-mrhof.o)     contiki-z1.a(rpl-dag.o) (rpl_mrhof)
contiki-z1.a(rpl-ns.o)        contiki-z1.a(rpl-ext-header.) (rpl_ns_get_node)
contiki-z1.a(rpl-icmp6.o)     contiki-z1.a(rpl-dag.o) (rpl_icmp6_update_nbr_table)
contiki-z1.a(anti-replay.o)   contiki-z1.a(noncoresec.o) (anti_replay_set_counter)
contiki-z1.a(ccm-star-packet)
                              contiki-z1.a(noncoresec.o) (ccm_star_packetbuf_set_nonce)
contiki-z1.a(i2cmaster.o)     contiki-z1.a(adxl345.o) (i2c_receiveinit)
contiki-z1.a(button-sensor.o)
                              contiki-z1.a(z1-sensors.o) (button_sensor)
contiki-z1.a(framer-802154.o)
                              contiki-z1.a(noncoresec.o) (framer_802154)
contiki-z1.a(nbr-table.o)     contiki-z1.a(noncoresec.o) (nbr_table_register)
contiki-z1.a(link-stats.o)    contiki-z1.a(rpl-dag.o) (link_stats_from_lladdr)
contiki-z1.a(stimer.o)        contiki-z1.a(uip-ds6.o) (stimer_set)
contiki-z1.a(uip-icmp6.o)     contiki-z1.a(uip6.o) (uip_icmp6_input)
contiki-z1.a(rpl-nbr-policy.)
                              contiki-z1.a(nbr-table.o) (rpl_nbr_policy_find_removable)
contiki-z1.a(frame802154.o)   contiki-z1.a(framer-802154.o) (frame802154_get_pan_id)
[...]
Memory Configuration

Name             Origin             Length             Attributes
sfr              0x00000000         0x00000010
peripheral_8bit  0x00000010         0x000000f0
peripheral_16bit 0x00000100         0x00000100
ram_mirror       0x00000200         0x00000800         xw
infomem          0x00001000         0x00000100
infod            0x00001000         0x00000040
infoc            0x00001040         0x00000040
infob            0x00001080         0x00000040
infoa            0x000010c0         0x00000040
ram              0x00001100         0x00002000         xw
rom              0x00003100         0x0000cebe         xr
vectors          0x0000ffc0         0x00000040
far_rom          0x00010000         0x0000a000
bsl              0x00000000         0x00000000
ram2             0x00000000         0x00000000         xw
usbram           0x00000000         0x00000000         xw
*default*        0x00000000         0xffffffff

Linker script and memory map

LOAD /usr/local/bin/../lib/gcc/msp430/4.7.2/mcpu-430x/mmpy-16/msr20/mc20/crt0ivtbl32.o
                0x00000041                __P1SEL2 = 0x41
                0x00000045                __P5SEL2 = 0x45
LOAD udp-echo-server.co
LOAD obj_z1/util.o
LOAD obj_z1/contiki-z1-main.o
LOAD contiki-z1.a
LOAD /usr/local/bin/../lib/gcc/msp430/4.7.2/mcpu-430x/mmpy-16/msr20/mc20/libgcc.a
LOAD /usr/local/bin/../lib/gcc/msp430/4.7.2/../../../../msp430/lib/mcpu-430x/mmpy-16/msr20/mc20/libc.a
LOAD /usr/local/bin/../lib/gcc/msp430/4.7.2/mcpu-430x/mmpy-16/msr20/mc20/libgcc.a
LOAD /usr/local/bin/../lib/gcc/msp430/4.7.2/mcpu-430x/mmpy-16/msr20/mc20/libcrt0.a
                0x00000040                PROVIDE (__info_segment_size, 0x40)
                0x00001000                PROVIDE (__infod, 0x1000)
                0x00001040                PROVIDE (__infoc, 0x1040)
                0x00001080                PROVIDE (__infob, 0x1080)
                0x000010c0                PROVIDE (__infoa, 0x10c0)
                0x00000000                __IE1 = 0x0
                0x00000002                __IFG1 = 0x2
                0x00000001                __IE2 = 0x1
                0x00000003                __IFG2 = 0x3
                0x00000006                __UC1IE = 0x6
                0x00000007                __UC1IFG = 0x7
                0x000001a0                __ADC12CTL0 = 0x1a0
                0x000001a2                __ADC12CTL1 = 0x1a2
                0x000001a4                __ADC12IFG = 0x1a4
                0x000001a6                __ADC12IE = 0x1a6
                0x000001a8                __ADC12IV = 0x1a8
                0x00000140                __ADC12MEM0 = 0x140
                0x00000142                __ADC12MEM1 = 0x142
                0x00000144                __ADC12MEM2 = 0x144
                0x00000146                __ADC12MEM3 = 0x146
                0x00000148                __ADC12MEM4 = 0x148
                0x0000014a                __ADC12MEM5 = 0x14a
                0x0000014c                __ADC12MEM6 = 0x14c
                0x0000014e                __ADC12MEM7 = 0x14e
                0x00000150                __ADC12MEM8 = 0x150
                0x00000152                __ADC12MEM9 = 0x152
                0x00000154                __ADC12MEM10 = 0x154
                0x00000156                __ADC12MEM11 = 0x156
                0x00000158                __ADC12MEM12 = 0x158
                0x0000015a                __ADC12MEM13 = 0x15a
                0x0000015c                __ADC12MEM14 = 0x15c
                0x0000015e                __ADC12MEM15 = 0x15e
                0x00000080                __ADC12MCTL0 = 0x80
                0x00000081                __ADC12MCTL1 = 0x81
                0x00000082                __ADC12MCTL2 = 0x82
                0x00000083                __ADC12MCTL3 = 0x83
                0x00000084                __ADC12MCTL4 = 0x84
                0x00000085                __ADC12MCTL5 = 0x85
                0x00000086                __ADC12MCTL6 = 0x86
                0x00000087                __ADC12MCTL7 = 0x87
                0x00000088                __ADC12MCTL8 = 0x88
                0x00000089                __ADC12MCTL9 = 0x89
                0x0000008a                __ADC12MCTL10 = 0x8a
                0x0000008b                __ADC12MCTL11 = 0x8b
                0x0000008c                __ADC12MCTL12 = 0x8c
                0x0000008d                __ADC12MCTL13 = 0x8d
                0x0000008e                __ADC12MCTL14 = 0x8e
                0x0000008f                __ADC12MCTL15 = 0x8f
                0x00000056                __DCOCTL = 0x56
                0x00000057                __BCSCTL1 = 0x57
                0x00000058                __BCSCTL2 = 0x58
                0x00000053                __BCSCTL3 = 0x53
                0x00000059                __CACTL1 = 0x59
                0x0000005a                __CACTL2 = 0x5a
                0x0000005b                __CAPD = 0x5b
                0x000001c0                __DAC12_0CTL = 0x1c0
                0x000001c2                __DAC12_1CTL = 0x1c2
                0x000001c8                __DAC12_0DAT = 0x1c8
                0x000001ca                __DAC12_1DAT = 0x1ca
                0x00000122                __DMACTL0 = 0x122
                0x00000124                __DMACTL1 = 0x124
                0x00000126                __DMAIV = 0x126
                0x000001d0                __DMA0CTL = 0x1d0
                0x000001dc                __DMA1CTL = 0x1dc
                0x000001e8                __DMA2CTL = 0x1e8
                0x000001d2                __DMA0SA = 0x1d2
                0x000001d2                __DMA0SAL = 0x1d2
                0x000001d6                __DMA0DA = 0x1d6
                0x000001d6                __DMA0DAL = 0x1d6
                0x000001da                __DMA0SZ = 0x1da
                0x000001de                __DMA1SA = 0x1de
                0x000001de                __DMA1SAL = 0x1de
                0x000001e2                __DMA1DA = 0x1e2
                0x000001e2                __DMA1DAL = 0x1e2
                0x000001e6                __DMA1SZ = 0x1e6
                0x000001ea                __DMA2SA = 0x1ea
                0x000001ea                __DMA2SAL = 0x1ea
                0x000001ee                __DMA2DA = 0x1ee
                0x000001ee                __DMA2DAL = 0x1ee
                0x000001f2                __DMA2SZ = 0x1f2
                0x00000128                __FCTL1 = 0x128
                0x0000012a                __FCTL2 = 0x12a
                0x0000012c                __FCTL3 = 0x12c
                0x000001be                __FCTL4 = 0x1be
                0x00000130                __MPY = 0x130
                0x00000132                __MPYS = 0x132
                0x00000134                __MAC = 0x134
                0x00000136                __MACS = 0x136
                0x00000138                __OP2 = 0x138
                0x0000013a                __RESLO = 0x13a
                0x0000013c                __RESHI = 0x13c
                0x0000013e                __SUMEXT = 0x13e
                0x00000020                __P1IN = 0x20
                0x00000021                __P1OUT = 0x21
                0x00000022                __P1DIR = 0x22
                0x00000023                __P1IFG = 0x23
                0x00000024                __P1IES = 0x24
                0x00000025                __P1IE = 0x25
                0x00000026                __P1SEL = 0x26
                0x00000027                __P1REN = 0x27
                0x00000028                __P2IN = 0x28
                0x00000029                __P2OUT = 0x29
                0x0000002a                __P2DIR = 0x2a
                0x0000002b                __P2IFG = 0x2b
                0x0000002c                __P2IES = 0x2c
                0x0000002d                __P2IE = 0x2d
                0x0000002e                __P2SEL = 0x2e
                0x0000002f                __P2REN = 0x2f
                0x00000018                __P3IN = 0x18
                0x00000019                __P3OUT = 0x19
                0x0000001a                __P3DIR = 0x1a
                0x0000001b                __P3SEL = 0x1b
                0x00000010                __P3REN = 0x10
                0x0000001c                __P4IN = 0x1c
                0x0000001d                __P4OUT = 0x1d
                0x0000001e                __P4DIR = 0x1e
                0x0000001f                __P4SEL = 0x1f
                0x00000011                __P4REN = 0x11
                0x00000030                __P5IN = 0x30
                0x00000031                __P5OUT = 0x31
                0x00000032                __P5DIR = 0x32
                0x00000033                __P5SEL = 0x33
                0x00000012                __P5REN = 0x12
                0x00000034                __P6IN = 0x34
                0x00000035                __P6OUT = 0x35
                0x00000036                __P6DIR = 0x36
                0x00000037                __P6SEL = 0x37
                0x00000013                __P6REN = 0x13
                0x00000038                __P7IN = 0x38
                0x0000003a                __P7OUT = 0x3a
                0x0000003c                __P7DIR = 0x3c
                0x0000003e                __P7SEL = 0x3e
                0x00000014                __P7REN = 0x14
                0x00000039                __P8IN = 0x39
                0x0000003b                __P8OUT = 0x3b
                0x0000003d                __P8DIR = 0x3d
                0x0000003f                __P8SEL = 0x3f
                0x00000015                __P8REN = 0x15
                0x00000038                __PAIN = 0x38
                0x0000003a                __PAOUT = 0x3a
                0x0000003c                __PADIR = 0x3c
                0x0000003e                __PASEL = 0x3e
                0x00000014                __PAREN = 0x14
                0x00000055                __SVSCTL = 0x55
                0x0000012e                __TAIV = 0x12e
                0x00000160                __TACTL = 0x160
                0x00000162                __TACCTL0 = 0x162
                0x00000164                __TACCTL1 = 0x164
                0x00000166                __TACCTL2 = 0x166
                0x00000170                __TAR = 0x170
                0x00000172                __TACCR0 = 0x172
                0x00000174                __TACCR1 = 0x174
                0x00000176                __TACCR2 = 0x176
                0x0000011e                __TBIV = 0x11e
                0x00000180                __TBCTL = 0x180
                0x00000182                __TBCCTL0 = 0x182
                0x00000184                __TBCCTL1 = 0x184
                0x00000186                __TBCCTL2 = 0x186
                0x00000188                __TBCCTL3 = 0x188
                0x0000018a                __TBCCTL4 = 0x18a
                0x0000018c                __TBCCTL5 = 0x18c
                0x0000018e                __TBCCTL6 = 0x18e
                0x00000190                __TBR = 0x190
                0x00000192                __TBCCR0 = 0x192
                0x00000194                __TBCCR1 = 0x194
                0x00000196                __TBCCR2 = 0x196
                0x00000198                __TBCCR3 = 0x198
                0x0000019a                __TBCCR4 = 0x19a
                0x0000019c                __TBCCR5 = 0x19c
                0x0000019e                __TBCCR6 = 0x19e
                0x00000060                __UCA0CTL0 = 0x60
                0x00000061                __UCA0CTL1 = 0x61
                0x00000062                __UCA0BR0 = 0x62
                0x00000063                __UCA0BR1 = 0x63
                0x00000064                __UCA0MCTL = 0x64
                0x00000065                __UCA0STAT = 0x65
                0x00000066                __UCA0RXBUF = 0x66
                0x00000067                __UCA0TXBUF = 0x67
                0x0000005d                __UCA0ABCTL = 0x5d
                0x0000005e                __UCA0IRTCTL = 0x5e
                0x0000005f                __UCA0IRRCTL = 0x5f
                0x00000068                __UCB0CTL0 = 0x68
                0x00000069                __UCB0CTL1 = 0x69
                0x0000006a                __UCB0BR0 = 0x6a
                0x0000006b                __UCB0BR1 = 0x6b
                0x0000006c                __UCB0I2CIE = 0x6c
                0x0000006d                __UCB0STAT = 0x6d
                0x0000006e                __UCB0RXBUF = 0x6e
                0x0000006f                __UCB0TXBUF = 0x6f
                0x00000118                __UCB0I2COA = 0x118
                0x0000011a                __UCB0I2CSA = 0x11a
                0x000000d0                __UCA1CTL0 = 0xd0
                0x000000d1                __UCA1CTL1 = 0xd1
                0x000000d2                __UCA1BR0 = 0xd2
                0x000000d3                __UCA1BR1 = 0xd3
                0x000000d4                __UCA1MCTL = 0xd4
                0x000000d5                __UCA1STAT = 0xd5
                0x000000d6                __UCA1RXBUF = 0xd6
                0x000000d7                __UCA1TXBUF = 0xd7
                0x000000cd                __UCA1ABCTL = 0xcd
                0x000000ce                __UCA1IRTCTL = 0xce
                0x000000cf                __UCA1IRRCTL = 0xcf
                0x000000d8                __UCB1CTL0 = 0xd8
                0x000000d9                __UCB1CTL1 = 0xd9
                0x000000da                __UCB1BR0 = 0xda
                0x000000db                __UCB1BR1 = 0xdb
                0x000000dc                __UCB1I2CIE = 0xdc
                0x000000dd                __UCB1STAT = 0xdd
                0x000000de                __UCB1RXBUF = 0xde
                0x000000df                __UCB1TXBUF = 0xdf
                0x0000017c                __UCB1I2COA = 0x17c
                0x0000017e                __UCB1I2CSA = 0x17e
                0x00000120                __WDTCTL = 0x120
                0x000010c0                __TLV_CHECKSUM = 0x10c0
                0x000010f6                __TLV_DCO_30_TAG = 0x10f6
                0x000010f7                __TLV_DCO_30_LEN = 0x10f7
                0x000010da                __TLV_ADC12_1_TAG = 0x10da
                0x000010db                __TLV_ADC12_1_LEN = 0x10db
                0x000010f8                __CALDCO_16MHZ = 0x10f8
                0x000010f9                __CALBC1_16MHZ = 0x10f9
                0x000010fa                __CALDCO_12MHZ = 0x10fa
                0x000010fb                __CALBC1_12MHZ = 0x10fb
                0x000010fc                __CALDCO_8MHZ = 0x10fc
                0x000010fd                __CALBC1_8MHZ = 0x10fd
                0x000010fe                __CALDCO_1MHZ = 0x10fe
                0x000010ff                __CALBC1_1MHZ = 0x10ff

.hash
 *(.hash)

.dynsym
 *(.dynsym)

.dynstr
 *(.dynstr)

.gnu.version
 *(.gnu.version)

.gnu.version_d
 *(.gnu.version_d)

.gnu.version_r
 *(.gnu.version_r)

.rel.init
 *(.rel.init)

.rela.init
 *(.rela.init)

.rel.fini
 *(.rel.fini)

.rela.fini
 *(.rela.fini)

.rel.text
 *(.rel.text .rel.text.* .rel.gnu.linkonce.t.*)

.rela.text
 *(.rela.text .rela.text.* .rela.gnu.linkonce.t.*)

.rel.rodata
 *(.rel.rodata .rel.rodata.* .rel.gnu.linkonce.r.*)

.rela.rodata
 *(.rela.rodata .rela.rodata.* .rela.gnu.linkonce.r.*)

.rel.data
 *(.rel.data .rel.data.* .rel.gnu.linkonce.d.*)

.rela.data
 *(.rela.data .rela.data.* .rela.gnu.linkonce.d.*)

.rel.bss
 *(.rel.bss .rel.bss.* .rel.gnu.linkonce.b.*)

.rela.bss
 *(.rela.bss .rela.bss.* .rela.gnu.linkonce.b.*)

.rel.ctors
 *(.rel.ctors)

.rela.ctors
 *(.rela.ctors)

.rel.dtors
 *(.rel.dtors)

.rela.dtors
 *(.rela.dtors)

.rel.got
 *(.rel.got)

.rela.got
 *(.rela.got)

.rel.plt
 *(.rel.plt)

.rela.plt
 *(.rela.plt)

.text           0x00003100     0xc02a
                0x00003100                . = ALIGN (0x2)
 *(.init .init.*)
 *(.init0)
 .init0         0x00003100        0x0 /usr/local/bin/../lib/gcc/msp430/4.7.2/mcpu-430x/mmpy-16/msr20/mc20/libcrt0.a(_reset_vector__.o)
                0x00003100                _reset_vector__
 *(.init1)
 .init1         0x00003100        0xc /usr/local/bin/../lib/gcc/msp430/4.7.2/mcpu-430x/mmpy-16/msr20/mc20/libcrt0.a(__watchdog_support.o)
                0x00003100                __watchdog_support
 *(.init2)
 .init2         0x0000310c        0x4 /usr/local/bin/../lib/gcc/msp430/4.7.2/mcpu-430x/mmpy-16/msr20/mc20/libcrt0.a(__init_stack.o)
                0x0000310c                __init_stack
 *(.init3)
 .init3         0x00003110        0x0 /usr/local/bin/../lib/gcc/msp430/4.7.2/mcpu-430x/mmpy-16/msr20/mc20/libcrt0.a(__low_level_init.o)
                0x00003110                __low_level_init
 *(.init4)
 .init4         0x00003110       0x18 /usr/local/bin/../lib/gcc/msp430/4.7.2/mcpu-430x/mmpy-16/msr20/mc20/libcrt0.a(_copy_data.o)
                0x00003110                __do_copy_data
 .init4         0x00003128       0x16 /usr/local/bin/../lib/gcc/msp430/4.7.2/mcpu-430x/mmpy-16/msr20/mc20/libcrt0.a(_clear_bss.o)
                0x00003128                __do_clear_bss
 *(.init5)
 *(.init6)
 *(.init7)
 *(.init8)
 *(.init9)
 .init9         0x0000313e      0x348 obj_z1/contiki-z1-main.o
                0x0000313e                main
 *(.fini9)
 .fini9         0x00003486        0x0 /usr/local/bin/../lib/gcc/msp430/4.7.2/mcpu-430x/mmpy-16/msr20/mc20/libcrt0.a(__stop_progExec__.o)
                0x00003486                __stop_progExec__
 *(.fini8)
 *(.fini7)
 *(.fini6)
 *(.fini5)
 *(.fini4)
 *(.fini3)
 *(.fini2)
 *(.fini1)
 *(.fini0)
 .fini0         0x00003486        0x6 /usr/local/bin/../lib/gcc/msp430/4.7.2/mcpu-430x/mmpy-16/msr20/mc20/libcrt0.a(_endless_loop__.o)
                0x00003486                _endless_loop__
 *(.fini .fini.*)
                0x0000348c                . = ALIGN (0x2)
                0x0000348c                __ctors_start = .
 *(.ctors)
                0x0000348c                __ctors_end = .
                0x0000348c                __dtors_start = .
 *(.dtors)
                0x0000348c                __dtors_end = .
                0x0000348c                . = ALIGN (0x2)
 *(.text .text.* .gnu.linkonce.t.*)
 .text          0x0000348c        0x4 /usr/local/bin/../lib/gcc/msp430/4.7.2/mcpu-430x/mmpy-16/msr20/mc20/crt0ivtbl32.o
                0x0000348c                __isr_14
                0x0000348c                __isr_4
                0x0000348c                __isr_29
                0x0000348c                __isr_11
                0x0000348c                __isr_5
                0x0000348c                __isr_2
                0x0000348c                __isr_10
                0x0000348c                __isr_7
                0x0000348c                __isr_0
                0x0000348c                __isr_28
                0x0000348c                __isr_8
                0x0000348c                __isr_20
                0x0000348c                __isr_3
                0x0000348c                __isr_12
                0x0000348c                __isr_13
                0x0000348c                __isr_27
                0x0000348c                __isr_9
                0x0000348c                __isr_30
                0x0000348c                __isr_6
                0x0000348c                __isr_22
                0x0000348c                __isr_1
                0x0000348c                __isr_15
                0x0000348c                __isr_21
 .text.libgcc   0x00003490       0x26 /usr/local/bin/../lib/gcc/msp430/4.7.2/mcpu-430x/mmpy-16/msr20/mc20/libgcc.a(_mulsi3.o)
                0x00003490                __mulsi3
 .text.libgcc   0x000034b6       0x22 /usr/local/bin/../lib/gcc/msp430/4.7.2/mcpu-430x/mmpy-16/msr20/mc20/libgcc.a(_udivmod16.o)
                0x000034b6                __udivhi3
                0x000034b6                __ext_udivmod16
                0x000034d0                __umodhi3
 .text.libgcc   0x000034d8       0x3a /usr/local/bin/../lib/gcc/msp430/4.7.2/mcpu-430x/mmpy-16/msr20/mc20/libgcc.a(_divmod16.o)
                0x000034d8                __ext_divmod16
                0x000034d8                __divhi3
                0x0000350a                __modhi3
 .text.libgcc   0x00003512       0x38 /usr/local/bin/../lib/gcc/msp430/4.7.2/mcpu-430x/mmpy-16/msr20/mc20/libgcc.a(_udivmod32.o)
                0x00003512                __udivsi3
                0x00003512                __ext_udivmod32
                0x00003540                __umodsi3
 .text.libgcc   0x0000354a       0x4c /usr/local/bin/../lib/gcc/msp430/4.7.2/mcpu-430x/mmpy-16/msr20/mc20/libgcc.a(_divmod32.o)
                0x0000354a                __ext_divmod32
                0x0000354a                __divsi3
                0x0000358c                __modsi3
 .text.libgcc   0x00003596       0xbc /usr/local/bin/../lib/gcc/msp430/4.7.2/mcpu-430x/mmpy-16/msr20/mc20/libgcc.a(_udivmod64.o)
                0x00003596                __xabi_udivmod64
                0x000035e8                __udivdi3
                0x00003602                __umoddi3
                0x00003624                __udivmoddi4
 .text.crt0     0x00003652        0x2 /usr/local/bin/../lib/gcc/msp430/4.7.2/mcpu-430x/mmpy-16/msr20/mc20/libcrt0.a(_unexpected_.o)
                0x00003652                _unexpected_
 *(.near.text .near.text.*)
 .near.text.watchdog_interrupt
                0x00003654        0x6 contiki-z1.a(watchdog.o)
                0x00003654                __isr_26
                0x00003654                watchdog_interrupt
 .near.text.uart0_rx_interrupt
                0x0000365a       0x64 contiki-z1.a(uart0.o)
                0x0000365a                __isr_23
                0x0000365a                uart0_rx_interrupt
 .near.text.port1_isr
                0x000036be       0xbe contiki-z1.a(adxl345.o)
                0x000036be                port1_isr
                0x000036be                __isr_18
 .near.text.timera1
                0x0000377c      0x10a contiki-z1.a(clock.o)
                0x0000377c                __isr_24
                0x0000377c                timera1
 .near.text.timera0
                0x00003886       0x5c contiki-z1.a(rtimer-arch.o)
                0x00003886                __isr_25
                0x00003886                timera0
 .near.text.i2c_tx_interrupt
                0x000038e2       0x84 contiki-z1.a(i2cmaster.o)
                0x000038e2                __isr_16
                0x000038e2                i2c_tx_interrupt
 .near.text.i2c_rx_interrupt
                0x00003966       0x14 contiki-z1.a(i2cmaster.o)
                0x00003966                i2c_rx_interrupt
                0x00003966                __isr_17
 .near.text.irq_p2
                0x0000397a       0x76 contiki-z1.a(button-sensor.o)
                0x0000397a                irq_p2
                0x0000397a                __isr_19
 .any.text.get_radio_parameter
                0x000039f0       0x7e udp-echo-server.co
 .any.text.get_next_hop_addr
                0x00003a6e       0x24 udp-echo-server.co
 .any.text.is_cmd_of_nw.isra.0
                0x00003a92       0x56 udp-echo-server.co
 .any.text.send_reply_hello.isra.2
                0x00003ae8      0x124 udp-echo-server.co
 .any.text.make_packet_for_node.part.3.constprop.8
                0x00003c0c       0x9c udp-echo-server.co
 .any.text.send_asyn_msg
                0x00003ca8       0xa4 udp-echo-server.co
 .any.text.send_reply
                0x00003d4c       0xa2 udp-echo-server.co
 .any.text.process_req_cmd
                0x00003dee      0x164 udp-echo-server.co
 .any.text.process_hello_cmd
                0x00003f52      0x26e udp-echo-server.co
 .any.text.process_thread_udp_echo_server_process
                0x000041c0      0x830 udp-echo-server.co
 .any.text.KeyExpansion
                0x000049f0       0xde obj_z1/util.o
 .any.text.AddRoundKey
                0x00004ace       0x3c obj_z1/util.o
 .any.text.SubBytes
                0x00004b0a       0x2e obj_z1/util.o
 .any.text.ShiftRows
                0x00004b38       0x56 obj_z1/util.o
 .any.text.xtime
                0x00004b8e       0x26 obj_z1/util.o
 .any.text.InvSubBytes
                0x00004bb4       0x2e obj_z1/util.o
 .any.text.InvShiftRows
                0x00004be2       0x56 obj_z1/util.o
 .any.text.Cipher
                0x00004c38       0xa0 obj_z1/util.o
 .any.text.InvCipher
                0x00004cd8      0x146 obj_z1/util.o
 .any.text.BlockCopy
                0x00004e1e       0x1c obj_z1/util.o
 .any.text.XorWithIv
                0x00004e3a       0x20 obj_z1/util.o
 .any.text.AES128_CBC_encrypt_buffer
                0x00004e5a       0x92 obj_z1/util.o
                0x00004e5a                AES128_CBC_encrypt_buffer
 .any.text.AES128_CBC_decrypt_buffer
                0x00004eec       0x92 obj_z1/util.o
                0x00004eec                AES128_CBC_decrypt_buffer
 .any.text.gen_crc16
                0x00004f7e       0x3c obj_z1/util.o
                0x00004f7e                gen_crc16
 .any.text.gen_crc_for_cmd
                0x00004fba       0x34 obj_z1/util.o
                0x00004fba                gen_crc_for_cmd
 .any.text.check_crc_for_cmd
                0x00004fee       0x42 obj_z1/util.o
                0x00004fee                check_crc_for_cmd
 .any.text.phex_16
                0x00005030       0x2c obj_z1/util.o
                0x00005030                phex_16
 .any.text.phex_64
                0x0000505c       0x32 obj_z1/util.o
                0x0000505c                phex_64
 .any.text.encrypt_cbc
                0x0000508e       0x52 obj_z1/util.o
                0x0000508e                encrypt_cbc
 .any.text.decrypt_cbc
                0x000050e0       0xde obj_z1/util.o
                0x000050e0                decrypt_cbc
 .any.text.hash
                0x000051be       0xc6 obj_z1/util.o
                0x000051be                hash
 .any.text.encrypt_payload
                0x00005284       0x2c obj_z1/util.o
                0x00005284                encrypt_payload
 .any.text.decrypt_payload
                0x000052b0       0x46 obj_z1/util.o
                0x000052b0                decrypt_payload
 .any.text.init_platform
                0x000052f6        0xc contiki-z1.a(contiki-z1-plat)
                0x000052f6                init_platform
 .any.text.msp430_init_dco
                0x00005302       0x28 contiki-z1.a(msp430.o)
                0x00005302                msp430_init_dco
 .any.text.splhigh_
                0x0000532a        0x8 contiki-z1.a(msp430.o)
                0x0000532a                splhigh_
 .any.text.msp430_sync_dco
                0x00005332       0x6e contiki-z1.a(msp430.o)
                0x00005332                msp430_sync_dco
 .any.text.msp430_cpu_init
                0x000053a0       0x2e contiki-z1.a(msp430.o)
                0x000053a0                msp430_cpu_init
 .any.text.show_leds
                0x000053ce       0xe8 contiki-z1.a(leds.o)
 .any.text.leds_init
                0x000054b6        0xa contiki-z1.a(leds.o)
                0x000054b6                leds_init
 .any.text.leds_on
                0x000054c0        0xa contiki-z1.a(leds.o)
                0x000054c0                leds_on
 .any.text.leds_off
                0x000054ca        0xe contiki-z1.a(leds.o)
                0x000054ca                leds_off
 .any.text.leds_toggle
                0x000054d8        0xa contiki-z1.a(leds.o)
                0x000054d8                leds_toggle
 .any.text.watchdog_start
                0x000054e2       0x14 contiki-z1.a(watchdog.o)
                0x000054e2                watchdog_start
 .any.text.watchdog_periodic
                0x000054f6       0x12 contiki-z1.a(watchdog.o)
                0x000054f6                watchdog_periodic
 .any.text.watchdog_stop
                0x00005508       0x16 contiki-z1.a(watchdog.o)
                0x00005508                watchdog_stop
 .any.text.watchdog_init
                0x0000551e       0x12 contiki-z1.a(watchdog.o)
                0x0000551e                watchdog_init
 .any.text.watchdog_reboot
                0x00005530        0x6 contiki-z1.a(watchdog.o)
                0x00005530                watchdog_reboot
 .any.text.wait_ready
                0x00005536       0x46 contiki-z1.a(xmem.o)
 .any.text.xmem_init
                0x0000557c       0x1e contiki-z1.a(xmem.o)
                0x0000557c                xmem_init
 .any.text.xmem_pread
                0x0000559a       0xc0 contiki-z1.a(xmem.o)
                0x0000559a                xmem_pread
 .any.text.spi_init
                0x0000565a       0x32 contiki-z1.a(spi.o)
                0x0000565a                spi_init
 .any.text.get_object
                0x0000568c        0x4 contiki-z1.a(cc2420.o)
 .any.text.set_object
                0x00005690        0x4 contiki-z1.a(cc2420.o)
 .any.text.strobe
                0x00005694       0x1a contiki-z1.a(cc2420.o)
 .any.text.getreg
                0x000056ae       0x46 contiki-z1.a(cc2420.o)
 .any.text.setreg
                0x000056f4       0x44 contiki-z1.a(cc2420.o)
 .any.text.write_ram
                0x00005738       0x72 contiki-z1.a(cc2420.o)
 .any.text.write_fifo_buf
                0x000057aa       0x38 contiki-z1.a(cc2420.o)
 .any.text.get_status
                0x000057e2       0x1e contiki-z1.a(cc2420.o)
 .any.text.set_txpower
                0x00005800       0x24 contiki-z1.a(cc2420.o)
 .any.text.cc2420_receiving_packet
                0x00005824        0xa contiki-z1.a(cc2420.o)
 .any.text.pending_packet
                0x0000582e        0xa contiki-z1.a(cc2420.o)
 .any.text.on   0x00005838       0x26 contiki-z1.a(cc2420.o)
 .any.text.wait_for_transmission
                0x0000585e       0x22 contiki-z1.a(cc2420.o)
 .any.text.wait_for_status
                0x00005880       0x24 contiki-z1.a(cc2420.o)
 .any.text.getrxdata
                0x000058a4       0x4c contiki-z1.a(cc2420.o)
 .any.text.flushrx
                0x000058f0       0x1a contiki-z1.a(cc2420.o)
 .any.text.off  0x0000590a       0x5a contiki-z1.a(cc2420.o)
 .any.text.RELEASE_LOCK
                0x00005964       0x28 contiki-z1.a(cc2420.o)
 .any.text.set_frame_filtering
                0x0000598c       0x30 contiki-z1.a(cc2420.o)
 .any.text.set_auto_ack
                0x000059bc       0x30 contiki-z1.a(cc2420.o)
 .any.text.set_poll_mode
                0x000059ec       0x2c contiki-z1.a(cc2420.o)
 .any.text.cc2420_prepare
                0x00005a18       0x38 contiki-z1.a(cc2420.o)
 .any.text.cc2420_on
                0x00005a50       0x22 contiki-z1.a(cc2420.o)
                0x00005a50                cc2420_on
 .any.text.cc2420_off
                0x00005a72       0x30 contiki-z1.a(cc2420.o)
                0x00005a72                cc2420_off
 .any.text.cc2420_cca
                0x00005aa2       0x54 contiki-z1.a(cc2420.o)
 .any.text.cc2420_read
                0x00005af6       0xb8 contiki-z1.a(cc2420.o)
 .any.text.process_thread_cc2420_process
                0x00005bae       0x5c contiki-z1.a(cc2420.o)
 .any.text.cc2420_set_channel
                0x00005c0a       0x3a contiki-z1.a(cc2420.o)
                0x00005c0a                cc2420_set_channel
 .any.text.cc2420_set_pan_addr
                0x00005c44       0x4c contiki-z1.a(cc2420.o)
                0x00005c44                cc2420_set_pan_addr
 .any.text.cc2420_interrupt
                0x00005c90       0x16 contiki-z1.a(cc2420.o)
                0x00005c90                cc2420_interrupt
 .any.text.cc2420_set_txpower
                0x00005ca6        0xe contiki-z1.a(cc2420.o)
                0x00005ca6                cc2420_set_txpower
 .any.text.cc2420_get_txpower
                0x00005cb4       0x1e contiki-z1.a(cc2420.o)
                0x00005cb4                cc2420_get_txpower
 .any.text.cc2420_transmit
                0x00005cd2      0x10e contiki-z1.a(cc2420.o)
 .any.text.cc2420_send
                0x00005de0       0x12 contiki-z1.a(cc2420.o)
 .any.text.cc2420_rssi
                0x00005df2       0x48 contiki-z1.a(cc2420.o)
                0x00005df2                cc2420_rssi
 .any.text.get_value
                0x00005e3a      0x104 contiki-z1.a(cc2420.o)
 .any.text.cc2420_set_cca_threshold
                0x00005f3e       0x16 contiki-z1.a(cc2420.o)
                0x00005f3e                cc2420_set_cca_threshold
 .any.text.set_value
                0x00005f54       0xb2 contiki-z1.a(cc2420.o)
 .any.text.cc2420_init
                0x00006006       0xea contiki-z1.a(cc2420.o)
                0x00006006                cc2420_init
 .any.text.cc2420_arch_init
                0x000060f0       0x1a contiki-z1.a(cc2420-arch.o)
                0x000060f0                cc2420_arch_init
 .any.text.node_id_restore
                0x0000610a       0x4c contiki-z1.a(node-id.o)
                0x0000610a                node_id_restore
 .any.text.process_thread_sensors_process
                0x00006156       0xc2 contiki-z1.a(sensors.o)
 .any.text.sensors_changed
                0x00006218       0x2a contiki-z1.a(sensors.o)
                0x00006218                sensors_changed
 .any.text.uart0_active
                0x00006242        0xe contiki-z1.a(uart0.o)
                0x00006242                uart0_active
 .any.text.uart0_writeb
                0x00006250       0x16 contiki-z1.a(uart0.o)
                0x00006250                uart0_writeb
 .any.text.uart0_init
                0x00006266       0x4e contiki-z1.a(uart0.o)
                0x00006266                uart0_init
 .any.text.putchar
                0x000062b4       0x10 contiki-z1.a(uart0-putchar.o)
                0x000062b4                putchar
 .any.text.status
                0x000062c4       0x12 contiki-z1.a(adxl345.o)
 .any.text.accm_write_reg
                0x000062d6       0x2e contiki-z1.a(adxl345.o)
 .any.text.accm_write_stream
                0x00006304       0x2a contiki-z1.a(adxl345.o)
 .any.text.accm_read_reg
                0x0000632e       0x54 contiki-z1.a(adxl345.o)
 .any.text.process_thread_accmeter_process
                0x00006382       0x56 contiki-z1.a(adxl345.o)
 .any.text.accm_read_axis.part.0
                0x000063d8       0x5a contiki-z1.a(adxl345.o)
 .any.text.value
                0x00006432       0x1e contiki-z1.a(adxl345.o)
 .any.text.accm_init
                0x00006450       0x78 contiki-z1.a(adxl345.o)
                0x00006450                accm_init
 .any.text.accm_stop
                0x000064c8       0x32 contiki-z1.a(adxl345.o)
                0x000064c8                accm_stop
 .any.text.configure
                0x000064fa       0x26 contiki-z1.a(adxl345.o)
 .any.text.status
                0x00006520       0x12 contiki-z1.a(tmp102.o)
 .any.text.tmp102_init
                0x00006532       0x24 contiki-z1.a(tmp102.o)
                0x00006532                tmp102_init
 .any.text.tmp102_stop
                0x00006556        0xa contiki-z1.a(tmp102.o)
                0x00006556                tmp102_stop
 .any.text.configure
                0x00006560       0x26 contiki-z1.a(tmp102.o)
 .any.text.tmp102_read_reg
                0x00006586       0x5e contiki-z1.a(tmp102.o)
                0x00006586                tmp102_read_reg
 .any.text.tmp102_read_temp_x100
                0x000065e4       0x58 contiki-z1.a(tmp102.o)
                0x000065e4                tmp102_read_temp_x100
 .any.text.value
                0x0000663c        0x6 contiki-z1.a(tmp102.o)
 .any.text.clock_time
                0x00006642       0x1a contiki-z1.a(clock.o)
                0x00006642                clock_time
 .any.text.clock_init
                0x0000665c       0x28 contiki-z1.a(clock.o)
                0x0000665c                clock_init
 .any.text.clock_delay
                0x00006684        0xc contiki-z1.a(clock.o)
                0x00006684                clock_delay
 .any.text.clock_wait
                0x00006690       0x24 contiki-z1.a(clock.o)
                0x00006690                clock_wait
 .any.text.clock_seconds
                0x000066b4       0x1a contiki-z1.a(clock.o)
                0x000066b4                clock_seconds
 .any.text.leds_arch_init
                0x000066ce        0xe contiki-z1.a(leds-arch.o)
                0x000066ce                leds_arch_init
 .any.text.leds_arch_set
                0x000066dc       0x38 contiki-z1.a(leds-arch.o)
                0x000066dc                leds_arch_set
 .any.text.rtimer_arch_init
                0x00006714        0xe contiki-z1.a(rtimer-arch.o)
                0x00006714                rtimer_arch_init
 .any.text.rtimer_arch_now
                0x00006722        0xe contiki-z1.a(rtimer-arch.o)
                0x00006722                rtimer_arch_now
 .any.text.rtimer_arch_schedule
                0x00006730        0x6 contiki-z1.a(rtimer-arch.o)
                0x00006730                rtimer_arch_schedule
 .any.text.input_packet
                0x00006736        0x6 contiki-z1.a(csma.o)
 .any.text.on   0x0000673c        0x6 contiki-z1.a(csma.o)
 .any.text.off  0x00006742        0x6 contiki-z1.a(csma.o)
 .any.text.channel_check_interval
                0x00006748       0x10 contiki-z1.a(csma.o)
 .any.text.transmit_packet_list
                0x00006758       0x24 contiki-z1.a(csma.o)
 .any.text.schedule_transmission
                0x0000677c       0x84 contiki-z1.a(csma.o)
 .any.text.init
                0x00006800       0x1a contiki-z1.a(csma.o)
 .any.text.tx_done
                0x0000681a       0x84 contiki-z1.a(csma.o)
 .any.text.send_packet
                0x0000689e      0x158 contiki-z1.a(csma.o)
 .any.text.packet_sent
                0x000069f6       0xca contiki-z1.a(csma.o)
 .any.text.mac_call_sent_callback
                0x00006ac0       0x14 contiki-z1.a(mac.o)
                0x00006ac0                mac_call_sent_callback
 .any.text.queuebuf_init
                0x00006ad4       0x12 contiki-z1.a(queuebuf.o)
                0x00006ad4                queuebuf_init
 .any.text.queuebuf_numfree
                0x00006ae6        0xa contiki-z1.a(queuebuf.o)
                0x00006ae6                queuebuf_numfree
 .any.text.queuebuf_new_from_packetbuf
                0x00006af0       0x4e contiki-z1.a(queuebuf.o)
                0x00006af0                queuebuf_new_from_packetbuf
 .any.text.queuebuf_update_attr_from_packetbuf
                0x00006b3e       0x12 contiki-z1.a(queuebuf.o)
                0x00006b3e                queuebuf_update_attr_from_packetbuf
 .any.text.queuebuf_update_from_packetbuf
                0x00006b50       0x22 contiki-z1.a(queuebuf.o)
                0x00006b50                queuebuf_update_from_packetbuf
 .any.text.queuebuf_free
                0x00006b72       0x2a contiki-z1.a(queuebuf.o)
                0x00006b72                queuebuf_free
 .any.text.queuebuf_to_packetbuf
                0x00006b9c       0x32 contiki-z1.a(queuebuf.o)
                0x00006b9c                queuebuf_to_packetbuf
 .any.text.queuebuf_attr
                0x00006bce        0xe contiki-z1.a(queuebuf.o)
                0x00006bce                queuebuf_attr
 .any.text.packetbuf_hdrreduce
                0x00006bdc       0x1a contiki-z1.a(packetbuf.o)
                0x00006bdc                packetbuf_hdrreduce
 .any.text.packetbuf_set_datalen
                0x00006bf6        0x6 contiki-z1.a(packetbuf.o)
                0x00006bf6                packetbuf_set_datalen
 .any.text.packetbuf_hdrptr
                0x00006bfc        0x6 contiki-z1.a(packetbuf.o)
                0x00006bfc                packetbuf_hdrptr
 .any.text.packetbuf_datalen
                0x00006c02        0x6 contiki-z1.a(packetbuf.o)
                0x00006c02                packetbuf_datalen
 .any.text.packetbuf_hdrlen
                0x00006c08        0xa contiki-z1.a(packetbuf.o)
                0x00006c08                packetbuf_hdrlen
 .any.text.packetbuf_dataptr
                0x00006c12        0xc contiki-z1.a(packetbuf.o)
                0x00006c12                packetbuf_dataptr
 .any.text.packetbuf_copyto
                0x00006c1e       0x3a contiki-z1.a(packetbuf.o)
                0x00006c1e                packetbuf_copyto
 .any.text.packetbuf_totlen
                0x00006c58        0xc contiki-z1.a(packetbuf.o)
                0x00006c58                packetbuf_totlen
 .any.text.packetbuf_hdralloc
                0x00006c64       0x3c contiki-z1.a(packetbuf.o)
                0x00006c64                packetbuf_hdralloc
 .any.text.packetbuf_attr_clear
                0x00006ca0       0x28 contiki-z1.a(packetbuf.o)
                0x00006ca0                packetbuf_attr_clear
 .any.text.packetbuf_clear
                0x00006cc8       0x12 contiki-z1.a(packetbuf.o)
                0x00006cc8                packetbuf_clear
 .any.text.packetbuf_copyfrom
                0x00006cda       0x2a contiki-z1.a(packetbuf.o)
                0x00006cda                packetbuf_copyfrom
 .any.text.packetbuf_attr_copyto
                0x00006d04       0x22 contiki-z1.a(packetbuf.o)
                0x00006d04                packetbuf_attr_copyto
 .any.text.packetbuf_attr_copyfrom
                0x00006d26       0x24 contiki-z1.a(packetbuf.o)
                0x00006d26                packetbuf_attr_copyfrom
 .any.text.packetbuf_holds_broadcast
                0x00006d4a        0xe contiki-z1.a(packetbuf.o)
                0x00006d4a                packetbuf_holds_broadcast
 .any.text.linkaddr_copy
                0x00006d58        0x8 contiki-z1.a(linkaddr.o)
                0x00006d58                linkaddr_copy
 .any.text.linkaddr_cmp
                0x00006d60       0x12 contiki-z1.a(linkaddr.o)
                0x00006d60                linkaddr_cmp
 .any.text.linkaddr_set_node_addr
                0x00006d72        0xc contiki-z1.a(linkaddr.o)
                0x00006d72                linkaddr_set_node_addr
 .any.text.duty_cycle
                0x00006d7e        0x6 contiki-z1.a(contikimac.o)
 .any.text.init
                0x00006d84       0x2a contiki-z1.a(contikimac.o)
 .any.text.on   0x00006dae       0x1a contiki-z1.a(contikimac.o)
 .any.text.off  0x00006dc8       0x22 contiki-z1.a(contikimac.o)
 .any.text.recv_burst_off
                0x00006dea        0xa contiki-z1.a(contikimac.o)
 .any.text.powercycle_turn_radio_off
                0x00006df4       0x14 contiki-z1.a(contikimac.o)
 .any.text.turn_off
                0x00006e08       0x20 contiki-z1.a(contikimac.o)
 .any.text.turn_on
                0x00006e28       0x30 contiki-z1.a(contikimac.o)
 .any.text.schedule_powercycle_fixed.part.5
                0x00006e58       0x32 contiki-z1.a(contikimac.o)
 .any.text.input_packet
                0x00006e8a       0x88 contiki-z1.a(contikimac.o)
 .any.text.send_packet.isra.8
                0x00006f12      0x1d8 contiki-z1.a(contikimac.o)
 .any.text.qsend_list
                0x000070ea       0xb2 contiki-z1.a(contikimac.o)
 .any.text.qsend_packet
                0x0000719c       0x28 contiki-z1.a(contikimac.o)
 .any.text.powercycle_wrapper
                0x000071c4      0x1c2 contiki-z1.a(contikimac.o)
 .any.text.input
                0x00007386        0x6 contiki-z1.a(noncoresec.o)
 .any.text.length
                0x0000738c       0x16 contiki-z1.a(noncoresec.o)
 .any.text.init
                0x000073a2       0x14 contiki-z1.a(noncoresec.o)
 .any.text.aead
                0x000073b6       0x7c contiki-z1.a(noncoresec.o)
 .any.text.parse
                0x00007432       0x96 contiki-z1.a(noncoresec.o)
 .any.text.create
                0x000074c8       0x1a contiki-z1.a(noncoresec.o)
 .any.text.send
                0x000074e2       0x2a contiki-z1.a(noncoresec.o)
 .any.text.autostart_start
                0x0000750c       0x16 contiki-z1.a(autostart.o)
                0x0000750c                autostart_start
 .any.text.process_thread_ctimer_process
                0x00007522       0xa0 contiki-z1.a(ctimer.o)
 .any.text.ctimer_init
                0x000075c2       0x18 contiki-z1.a(ctimer.o)
                0x000075c2                ctimer_init
 .any.text.ctimer_set_with_process
                0x000075da       0x4a contiki-z1.a(ctimer.o)
                0x000075da                ctimer_set_with_process
 .any.text.ctimer_set
                0x00007624       0x10 contiki-z1.a(ctimer.o)
                0x00007624                ctimer_set
 .any.text.ctimer_reset
                0x00007634       0x2c contiki-z1.a(ctimer.o)
                0x00007634                ctimer_reset
 .any.text.ctimer_restart
                0x00007660       0x2c contiki-z1.a(ctimer.o)
                0x00007660                ctimer_restart
 .any.text.ctimer_stop
                0x0000768c       0x28 contiki-z1.a(ctimer.o)
                0x0000768c                ctimer_stop
 .any.text.energest_init
                0x000076b4       0x24 contiki-z1.a(energest.o)
                0x000076b4                energest_init
 .any.text.energest_type_time
                0x000076d8       0x3c contiki-z1.a(energest.o)
                0x000076d8                energest_type_time
 .any.text.energest_type_set
                0x00007714        0xc contiki-z1.a(energest.o)
                0x00007714                energest_type_set
 .any.text.energest_flush
                0x00007720       0x38 contiki-z1.a(energest.o)
                0x00007720                energest_flush
 .any.text.update_time
                0x00007758       0x70 contiki-z1.a(etimer.o)
 .any.text.etimer_request_poll
                0x000077c8        0xa contiki-z1.a(etimer.o)
                0x000077c8                etimer_request_poll
 .any.text.process_thread_etimer_process
                0x000077d2       0xc4 contiki-z1.a(etimer.o)
 .any.text.add_timer
                0x00007896       0x40 contiki-z1.a(etimer.o)
 .any.text.etimer_set
                0x000078d6       0x12 contiki-z1.a(etimer.o)
                0x000078d6                etimer_set
 .any.text.etimer_reset
                0x000078e8       0x12 contiki-z1.a(etimer.o)
                0x000078e8                etimer_reset
 .any.text.etimer_restart
                0x000078fa       0x12 contiki-z1.a(etimer.o)
                0x000078fa                etimer_restart
 .any.text.etimer_expired
                0x0000790c        0xe contiki-z1.a(etimer.o)
                0x0000790c                etimer_expired
 .any.text.etimer_expiration_time
                0x0000791a       0x14 contiki-z1.a(etimer.o)
                0x0000791a                etimer_expiration_time
 .any.text.etimer_pending
                0x0000792e        0xc contiki-z1.a(etimer.o)
                0x0000792e                etimer_pending
 .any.text.etimer_next_expiration_time
                0x0000793a       0x16 contiki-z1.a(etimer.o)
                0x0000793a                etimer_next_expiration_time
 .any.text.etimer_stop
                0x00007950       0x3e contiki-z1.a(etimer.o)
                0x00007950                etimer_stop
 .any.text.call_process
                0x0000798e       0x40 contiki-z1.a(process.o)
 .any.text.exit_process
                0x000079ce       0x88 contiki-z1.a(process.o)
 .any.text.do_poll
                0x00007a56       0x30 contiki-z1.a(process.o)
 .any.text.process_alloc_event
                0x00007a86        0xe contiki-z1.a(process.o)
                0x00007a86                process_alloc_event
 .any.text.process_init
                0x00007a94       0x1c contiki-z1.a(process.o)
                0x00007a94                process_init
 .any.text.process_run
                0x00007ab0       0x8c contiki-z1.a(process.o)
                0x00007ab0                process_run
 .any.text.process_nevents
                0x00007b3c        0xe contiki-z1.a(process.o)
                0x00007b3c                process_nevents
 .any.text.process_post
                0x00007b4a       0x4a contiki-z1.a(process.o)
                0x00007b4a                process_post
 .any.text.process_post_synch
                0x00007b94       0x12 contiki-z1.a(process.o)
                0x00007b94                process_post_synch
 .any.text.process_start
                0x00007ba6       0x36 contiki-z1.a(process.o)
                0x00007ba6                process_start
 .any.text.process_poll
                0x00007bdc       0x18 contiki-z1.a(process.o)
                0x00007bdc                process_poll
 .any.text.rtimer_init
                0x00007bf4        0x6 contiki-z1.a(rtimer.o)
                0x00007bf4                rtimer_init
 .any.text.rtimer_set
                0x00007bfa       0x24 contiki-z1.a(rtimer.o)
                0x00007bfa                rtimer_set
 .any.text.rtimer_run_next
                0x00007c1e       0x26 contiki-z1.a(rtimer.o)
                0x00007c1e                rtimer_run_next
 .any.text.timer_set
                0x00007c44       0x1c contiki-z1.a(timer.o)
                0x00007c44                timer_set
 .any.text.timer_reset
                0x00007c60        0xe contiki-z1.a(timer.o)
                0x00007c60                timer_reset
 .any.text.timer_restart
                0x00007c6e       0x14 contiki-z1.a(timer.o)
                0x00007c6e                timer_restart
 .any.text.timer_expired
                0x00007c82       0x2a contiki-z1.a(timer.o)
                0x00007c82                timer_expired
 .any.text.set_key
                0x00007cac        0x6 contiki-z1.a(ccm-star.o)
 .any.text.ctr_step
                0x00007cb2       0x5e contiki-z1.a(ccm-star.o)
 .any.text.aead
                0x00007d10      0x186 contiki-z1.a(ccm-star.o)
 .any.text.list_init
                0x00007e96        0x6 contiki-z1.a(list.o)
                0x00007e96                list_init
 .any.text.list_head
                0x00007e9c        0x4 contiki-z1.a(list.o)
                0x00007e9c                list_head
 .any.text.list_tail
                0x00007ea0       0x12 contiki-z1.a(list.o)
                0x00007ea0                list_tail
 .any.text.list_remove
                0x00007eb2       0x34 contiki-z1.a(list.o)
                0x00007eb2                list_remove
 .any.text.list_push
                0x00007ee6       0x16 contiki-z1.a(list.o)
                0x00007ee6                list_push
 .any.text.list_add
                0x00007efc       0x26 contiki-z1.a(list.o)
                0x00007efc                list_add
 .any.text.list_length
                0x00007f22       0x10 contiki-z1.a(list.o)
                0x00007f22                list_length
 .any.text.list_item_next
                0x00007f32        0xc contiki-z1.a(list.o)
                0x00007f32                list_item_next
 .any.text.set_key
                0x00007f3e       0xac contiki-z1.a(aes-128.o)
 .any.text.encrypt
                0x00007fea      0x1b2 contiki-z1.a(aes-128.o)
 .any.text.memb_init
                0x0000819c       0x36 contiki-z1.a(memb.o)
                0x0000819c                memb_init
 .any.text.memb_alloc
                0x000081d2       0x3e contiki-z1.a(memb.o)
                0x000081d2                memb_alloc
 .any.text.memb_free
                0x00008210       0x3a contiki-z1.a(memb.o)
                0x00008210                memb_free
 .any.text.memb_inmemb
                0x0000824a       0x2a contiki-z1.a(memb.o)
                0x0000824a                memb_inmemb
 .any.text.memb_numfree
                0x00008274       0x26 contiki-z1.a(memb.o)
                0x00008274                memb_numfree
 .any.text.random_init
                0x0000829a        0x6 contiki-z1.a(random.o)
                0x0000829a                random_init
 .any.text.random_rand
                0x000082a0        0x6 contiki-z1.a(random.o)
                0x000082a0                random_rand
 .any.text.uip_ds6_list_loop
                0x000082a6       0x66 contiki-z1.a(uip-ds6.o)
                0x000082a6                uip_ds6_list_loop
 .any.text.uip_ds6_prefix_add
                0x0000830c       0x70 contiki-z1.a(uip-ds6.o)
                0x0000830c                uip_ds6_prefix_add
 .any.text.uip_ds6_is_addr_onlink
                0x0000837c       0x42 contiki-z1.a(uip-ds6.o)
                0x0000837c                uip_ds6_is_addr_onlink
 .any.text.uip_ds6_addr_lookup
                0x000083be       0x2a contiki-z1.a(uip-ds6.o)
                0x000083be                uip_ds6_addr_lookup
 .any.text.uip_ds6_get_link_local
                0x000083e8       0x3e contiki-z1.a(uip-ds6.o)
                0x000083e8                uip_ds6_get_link_local
 .any.text.uip_ds6_maddr_add
                0x00008426       0x48 contiki-z1.a(uip-ds6.o)
                0x00008426                uip_ds6_maddr_add
 .any.text.uip_ds6_addr_add
                0x0000846e       0xb4 contiki-z1.a(uip-ds6.o)
                0x0000846e                uip_ds6_addr_add
 .any.text.uip_ds6_maddr_rm
                0x00008522        0xa contiki-z1.a(uip-ds6.o)
                0x00008522                uip_ds6_maddr_rm
 .any.text.uip_ds6_maddr_lookup
                0x0000852c       0x2a contiki-z1.a(uip-ds6.o)
                0x0000852c                uip_ds6_maddr_lookup
 .any.text.uip_ds6_addr_rm
                0x00008556       0x54 contiki-z1.a(uip-ds6.o)
                0x00008556                uip_ds6_addr_rm
 .any.text.uip_ds6_periodic
                0x000085aa       0x46 contiki-z1.a(uip-ds6.o)
                0x000085aa                uip_ds6_periodic
 .any.text.uip_ds6_set_addr_iid
                0x000085f0       0x14 contiki-z1.a(uip-ds6.o)
                0x000085f0                uip_ds6_set_addr_iid
 .any.text.get_match_length
                0x00008604       0x3c contiki-z1.a(uip-ds6.o)
                0x00008604                get_match_length
 .any.text.uip_ds6_select_src
                0x00008640       0x9a contiki-z1.a(uip-ds6.o)
                0x00008640                uip_ds6_select_src
 .any.text.uip_ds6_compute_reachable_time
                0x000086da       0x36 contiki-z1.a(uip-ds6.o)
                0x000086da                uip_ds6_compute_reachable_time
 .any.text.uip_ds6_init
                0x00008710      0x138 contiki-z1.a(uip-ds6.o)
                0x00008710                uip_ds6_init
 .any.text.uip_ds6_route_init
                0x00008848       0x12 contiki-z1.a(uip-ds6-route.o)
                0x00008848                uip_ds6_route_init
 .any.text.uip_ds6_route_nexthop
                0x0000885a        0x4 contiki-z1.a(uip-ds6-route.o)
                0x0000885a                uip_ds6_route_nexthop
 .any.text.uip_ds6_route_is_nexthop
                0x0000885e        0x4 contiki-z1.a(uip-ds6-route.o)
                0x0000885e                uip_ds6_route_is_nexthop
 .any.text.uip_ds6_route_lookup
                0x00008862        0x4 contiki-z1.a(uip-ds6-route.o)
                0x00008862                uip_ds6_route_lookup
 .any.text.uip_ds6_route_rm
                0x00008866        0x2 contiki-z1.a(uip-ds6-route.o)
                0x00008866                uip_ds6_route_rm
 .any.text.uip_ds6_defrt_rm
                0x00008868       0x38 contiki-z1.a(uip-ds6-route.o)
                0x00008868                uip_ds6_defrt_rm
 .any.text.uip_ds6_defrt_lookup
                0x000088a0       0x32 contiki-z1.a(uip-ds6-route.o)
                0x000088a0                uip_ds6_defrt_lookup
 .any.text.uip_ds6_defrt_add
                0x000088d2       0x5e contiki-z1.a(uip-ds6-route.o)
                0x000088d2                uip_ds6_defrt_add
 .any.text.uip_ds6_defrt_choose
                0x00008930       0x36 contiki-z1.a(uip-ds6-route.o)
                0x00008930                uip_ds6_defrt_choose
 .any.text.uip_ds6_defrt_periodic
                0x00008966       0x38 contiki-z1.a(uip-ds6-route.o)
                0x00008966                uip_ds6_defrt_periodic
 .any.text.chksum
                0x0000899e       0x32 contiki-z1.a(uip6.o)
 .any.text.upper_layer_chksum
                0x000089d0       0x56 contiki-z1.a(uip6.o)
 .any.text.ext_hdr_options_process
                0x00008a26       0xc2 contiki-z1.a(uip6.o)
 .any.text.uip_add32
                0x00008ae8       0x60 contiki-z1.a(uip6.o)
                0x00008ae8                uip_add32
 .any.text.uip_add_rcv_nxt
                0x00008b48       0x2e contiki-z1.a(uip6.o)
 .any.text.uip_icmp6chksum
                0x00008b76        0xa contiki-z1.a(uip6.o)
                0x00008b76                uip_icmp6chksum
 .any.text.uip_tcpchksum
                0x00008b80        0xa contiki-z1.a(uip6.o)
                0x00008b80                uip_tcpchksum
 .any.text.uip_udpchksum
                0x00008b8a        0xa contiki-z1.a(uip6.o)
                0x00008b8a                uip_udpchksum
 .any.text.uip_init
                0x00008b94       0x56 contiki-z1.a(uip6.o)
                0x00008b94                uip_init
 .any.text.remove_ext_hdr
                0x00008bea       0x50 contiki-z1.a(uip6.o)
                0x00008bea                remove_ext_hdr
 .any.text.uip_udp_new
                0x00008c3a       0xa2 contiki-z1.a(uip6.o)
                0x00008c3a                uip_udp_new
 .any.text.uip_unlisten
                0x00008cdc       0x1a contiki-z1.a(uip6.o)
                0x00008cdc                uip_unlisten
 .any.text.uip_process
                0x00008cf6      0xda2 contiki-z1.a(uip6.o)
                0x00008cf6                uip_process
 .any.text.uip_htonl
                0x00009a98       0x2a contiki-z1.a(uip6.o)
                0x00009a98                uip_htonl
 .any.text.uip_ds6_nbr_rm
                0x00009ac2       0x1e contiki-z1.a(uip-ds6-nbr.o)
                0x00009ac2                uip_ds6_nbr_rm
 .any.text.uip_ds6_neighbors_init
                0x00009ae0       0x12 contiki-z1.a(uip-ds6-nbr.o)
                0x00009ae0                uip_ds6_neighbors_init
 .any.text.uip_ds6_nbr_add
                0x00009af2       0x36 contiki-z1.a(uip-ds6-nbr.o)
                0x00009af2                uip_ds6_nbr_add
 .any.text.uip_ds6_nbr_get_ll
                0x00009b28        0xc contiki-z1.a(uip-ds6-nbr.o)
                0x00009b28                uip_ds6_nbr_get_ll
 .any.text.uip_ds6_nbr_lookup
                0x00009b34       0x3e contiki-z1.a(uip-ds6-nbr.o)
                0x00009b34                uip_ds6_nbr_lookup
 .any.text.uip_ds6_nbr_ll_lookup
                0x00009b72        0xc contiki-z1.a(uip-ds6-nbr.o)
                0x00009b72                uip_ds6_nbr_ll_lookup
 .any.text.uip_ds6_nbr_ipaddr_from_lladdr
                0x00009b7e        0x6 contiki-z1.a(uip-ds6-nbr.o)
                0x00009b7e                uip_ds6_nbr_ipaddr_from_lladdr
 .any.text.uip_ds6_nbr_lladdr_from_ipaddr
                0x00009b84       0x12 contiki-z1.a(uip-ds6-nbr.o)
                0x00009b84                uip_ds6_nbr_lladdr_from_ipaddr
 .any.text.uip_ds6_link_neighbor_callback
                0x00009b96       0x32 contiki-z1.a(uip-ds6-nbr.o)
                0x00009b96                uip_ds6_link_neighbor_callback
 .any.text.uip_nd6_init
                0x00009bc8        0x2 contiki-z1.a(uip-nd6.o)
                0x00009bc8                uip_nd6_init
 .any.text.clear_fragments
                0x00009bca       0x38 contiki-z1.a(sicslowpan.o)
 .any.text.set_packet_attrs
                0x00009c02       0x46 contiki-z1.a(sicslowpan.o)
 .any.text.addr_context_lookup_by_number
                0x00009c48       0x30 contiki-z1.a(sicslowpan.o)
 .any.text.compress_addr_64
                0x00009c78       0x9a contiki-z1.a(sicslowpan.o)
 .any.text.store_fragment
                0x00009d12       0x6e contiki-z1.a(sicslowpan.o)
 .any.text.uncompress_addr
                0x00009d80       0x96 contiki-z1.a(sicslowpan.o)
 .any.text.sicslowpan_init
                0x00009e16       0x24 contiki-z1.a(sicslowpan.o)
                0x00009e16                sicslowpan_init
 .any.text.addr_context_lookup_by_prefix
                0x00009e3a       0x4a contiki-z1.a(sicslowpan.o)
 .any.text.packet_sent
                0x00009e84       0x22 contiki-z1.a(sicslowpan.o)
 .any.text.add_fragment
                0x00009ea6      0x160 contiki-z1.a(sicslowpan.o)
 .any.text.input
                0x0000a006      0x60e contiki-z1.a(sicslowpan.o)
 .any.text.send_packet
                0x0000a614       0x1a contiki-z1.a(sicslowpan.o)
 .any.text.output
                0x0000a62e      0x67c contiki-z1.a(sicslowpan.o)
 .any.text.uip_debug_ipaddr_print
                0x0000acaa       0xbc contiki-z1.a(uip-debug.o)
                0x0000acaa                uip_debug_ipaddr_print
 .any.text.uip_udp_packet_send
                0x0000ad66       0x2a contiki-z1.a(uip-udp-packet.)
                0x0000ad66                uip_udp_packet_send
 .any.text.start_periodic_tcp_timer
                0x0000ad90       0x16 contiki-z1.a(tcpip.o)
 .any.text.tcpip_output
                0x0000ada6       0x10 contiki-z1.a(tcpip.o)
                0x0000ada6                tcpip_output
 .any.text.tcpip_set_outputfunc
                0x0000adb6        0x6 contiki-z1.a(tcpip.o)
                0x0000adb6                tcpip_set_outputfunc
 .any.text.udp_new
                0x0000adbc       0x1a contiki-z1.a(tcpip.o)
                0x0000adbc                udp_new
 .any.text.tcpip_input
                0x0000add6       0x16 contiki-z1.a(tcpip.o)
                0x0000add6                tcpip_input
 .any.text.tcpip_ipv6_output
                0x0000adec       0xe4 contiki-z1.a(tcpip.o)
                0x0000adec                tcpip_ipv6_output
 .any.text.process_thread_tcpip_process
                0x0000aed0      0x1a8 contiki-z1.a(tcpip.o)
 .any.text.tcpip_uipcall
                0x0000b078       0x62 contiki-z1.a(tcpip.o)
                0x0000b078                tcpip_uipcall
 .any.text.lollipop_greater_than
                0x0000b0da       0x3c contiki-z1.a(rpl-dag.o)
 .any.text.find_parent_any_dag_any_instance
                0x0000b116       0x14 contiki-z1.a(rpl-dag.o)
 .any.text.rpl_set_preferred_parent
                0x0000b12a       0x2c contiki-z1.a(rpl-dag.o)
 .any.text.set_ip_from_prefix
                0x0000b156       0x30 contiki-z1.a(rpl-dag.o)
 .any.text.check_prefix
                0x0000b186       0x70 contiki-z1.a(rpl-dag.o)
 .any.text.rpl_dag_init
                0x0000b1f6        0xe contiki-z1.a(rpl-dag.o)
                0x0000b1f6                rpl_dag_init
 .any.text.rpl_get_parent
                0x0000b204        0xc contiki-z1.a(rpl-dag.o)
                0x0000b204                rpl_get_parent
 .any.text.rpl_rank_via_parent
                0x0000b210       0x2a contiki-z1.a(rpl-dag.o)
                0x0000b210                rpl_rank_via_parent
 .any.text.rpl_get_parent_lladdr
                0x0000b23a        0xc contiki-z1.a(rpl-dag.o)
                0x0000b23a                rpl_get_parent_lladdr
 .any.text.rpl_get_parent_ipaddr
                0x0000b246        0xa contiki-z1.a(rpl-dag.o)
                0x0000b246                rpl_get_parent_ipaddr
 .any.text.rpl_get_parent_link_stats
                0x0000b250        0xa contiki-z1.a(rpl-dag.o)
                0x0000b250                rpl_get_parent_link_stats
 .any.text.rpl_parent_is_fresh
                0x0000b25a        0xa contiki-z1.a(rpl-dag.o)
                0x0000b25a                rpl_parent_is_fresh
 .any.text.best_parent
                0x0000b264       0x66 contiki-z1.a(rpl-dag.o)
 .any.text.rpl_set_prefix
                0x0000b2ca       0x74 contiki-z1.a(rpl-dag.o)
                0x0000b2ca                rpl_set_prefix
 .any.text.rpl_set_default_route
                0x0000b33e       0x3a contiki-z1.a(rpl-dag.o)
                0x0000b33e                rpl_set_default_route
 .any.text.rpl_alloc_instance
                0x0000b378       0x34 contiki-z1.a(rpl-dag.o)
                0x0000b378                rpl_alloc_instance
 .any.text.rpl_add_parent
                0x0000b3ac       0x3a contiki-z1.a(rpl-dag.o)
                0x0000b3ac                rpl_add_parent
 .any.text.rpl_find_parent
                0x0000b3e6       0x1a contiki-z1.a(rpl-dag.o)
                0x0000b3e6                rpl_find_parent
 .any.text.rpl_find_parent_any_dag
                0x0000b400       0x22 contiki-z1.a(rpl-dag.o)
                0x0000b400                rpl_find_parent_any_dag
 .any.text.rpl_select_parent
                0x0000b422       0x62 contiki-z1.a(rpl-dag.o)
                0x0000b422                rpl_select_parent
 .any.text.rpl_select_dag
                0x0000b484      0x156 contiki-z1.a(rpl-dag.o)
                0x0000b484                rpl_select_dag
 .any.text.rpl_nullify_parent
                0x0000b5da       0x46 contiki-z1.a(rpl-dag.o)
                0x0000b5da                rpl_nullify_parent
 .any.text.rpl_remove_parent
                0x0000b620       0x16 contiki-z1.a(rpl-dag.o)
                0x0000b620                rpl_remove_parent
 .any.text.nbr_callback
                0x0000b636        0x6 contiki-z1.a(rpl-dag.o)
 .any.text.remove_parents.constprop.4
                0x0000b63c       0x2c contiki-z1.a(rpl-dag.o)
 .any.text.rpl_free_dag
                0x0000b668       0x2e contiki-z1.a(rpl-dag.o)
                0x0000b668                rpl_free_dag
 .any.text.rpl_move_parent
                0x0000b696       0x3e contiki-z1.a(rpl-dag.o)
                0x0000b696                rpl_move_parent
 .any.text.rpl_get_dag
                0x0000b6d4       0x5c contiki-z1.a(rpl-dag.o)
                0x0000b6d4                rpl_get_dag
 .any.text.rpl_get_any_dag
                0x0000b730       0x16 contiki-z1.a(rpl-dag.o)
                0x0000b730                rpl_get_any_dag
 .any.text.rpl_get_instance
                0x0000b746       0x16 contiki-z1.a(rpl-dag.o)
                0x0000b746                rpl_get_instance
 .any.text.rpl_alloc_dag
                0x0000b75c       0x60 contiki-z1.a(rpl-dag.o)
                0x0000b75c                rpl_alloc_dag
 .any.text.rpl_repair_root
                0x0000b7bc       0x4c contiki-z1.a(rpl-dag.o)
                0x0000b7bc                rpl_repair_root
 .any.text.rpl_find_of
                0x0000b808       0x10 contiki-z1.a(rpl-dag.o)
                0x0000b808                rpl_find_of
 .any.text.rpl_join_instance
                0x0000b818      0x146 contiki-z1.a(rpl-dag.o)
                0x0000b818                rpl_join_instance
 .any.text.rpl_local_repair
                0x0000b95e       0x7c contiki-z1.a(rpl-dag.o)
                0x0000b95e                rpl_local_repair
 .any.text.rpl_process_parent_event
                0x0000b9da       0x76 contiki-z1.a(rpl-dag.o)
                0x0000b9da                rpl_process_parent_event
 .any.text.rpl_recalculate_ranks
                0x0000ba50       0x44 contiki-z1.a(rpl-dag.o)
                0x0000ba50                rpl_recalculate_ranks
 .any.text.rpl_add_dag
                0x0000ba94      0x104 contiki-z1.a(rpl-dag.o)
                0x0000ba94                rpl_add_dag
 .any.text.rpl_process_dio
                0x0000bb98      0x32a contiki-z1.a(rpl-dag.o)
                0x0000bb98                rpl_process_dio
 .any.text.handle_unicast_dio_timer
                0x0000bec2       0x1c contiki-z1.a(rpl-timers.o)
 .any.text.new_dio_interval
                0x0000bede       0x8a contiki-z1.a(rpl-timers.o)
 .any.text.set_dao_lifetime_timer
                0x0000bf68       0x84 contiki-z1.a(rpl-timers.o)
 .any.text.handle_periodic_timer
                0x0000bfec       0x50 contiki-z1.a(rpl-timers.o)
 .any.text.schedule_dao
                0x0000c03c       0x72 contiki-z1.a(rpl-timers.o)
 .any.text.handle_dio_timer
                0x0000c0ae       0x88 contiki-z1.a(rpl-timers.o)
 .any.text.handle_dao_timer
                0x0000c136       0x64 contiki-z1.a(rpl-timers.o)
 .any.text.rpl_reset_periodic_timer
                0x0000c19a       0x54 contiki-z1.a(rpl-timers.o)
                0x0000c19a                rpl_reset_periodic_timer
 .any.text.rpl_reset_dio_timer
                0x0000c1ee       0x18 contiki-z1.a(rpl-timers.o)
                0x0000c1ee                rpl_reset_dio_timer
 .any.text.rpl_schedule_dao
                0x0000c206        0xc contiki-z1.a(rpl-timers.o)
                0x0000c206                rpl_schedule_dao
 .any.text.rpl_schedule_unicast_dio_immediately
                0x0000c212       0x16 contiki-z1.a(rpl-timers.o)
                0x0000c212                rpl_schedule_unicast_dio_immediately
 .any.text.get_probing_delay
                0x0000c228       0x40 contiki-z1.a(rpl-timers.o)
                0x0000c228                get_probing_delay
 .any.text.get_probing_target
                0x0000c268       0xe2 contiki-z1.a(rpl-timers.o)
                0x0000c268                get_probing_target
 .any.text.rpl_schedule_probing
                0x0000c34a       0x26 contiki-z1.a(rpl-timers.o)
                0x0000c34a                rpl_schedule_probing
 .any.text.handle_probing_timer
                0x0000c370       0x34 contiki-z1.a(rpl-timers.o)
 .any.text.update_hbh_header
                0x0000c3a4       0x78 contiki-z1.a(rpl-ext-header.)
 .any.text.insert_hbh_header
                0x0000c41c       0x94 contiki-z1.a(rpl-ext-header.)
 .any.text.rpl_verify_hbh_header
                0x0000c4b0       0xee contiki-z1.a(rpl-ext-header.)
                0x0000c4b0                rpl_verify_hbh_header
 .any.text.rpl_srh_get_next_hop
                0x0000c59e       0xba contiki-z1.a(rpl-ext-header.)
                0x0000c59e                rpl_srh_get_next_hop
 .any.text.rpl_process_srh_header
                0x0000c658      0x112 contiki-z1.a(rpl-ext-header.)
                0x0000c658                rpl_process_srh_header
 .any.text.rpl_remove_header
                0x0000c76a       0x76 contiki-z1.a(rpl-ext-header.)
                0x0000c76a                rpl_remove_header
 .any.text.rpl_update_header
                0x0000c7e0      0x240 contiki-z1.a(rpl-ext-header.)
                0x0000c7e0                rpl_update_header
 .any.text.rpl_get_mode
                0x0000ca20        0x6 contiki-z1.a(rpl.o)
                0x0000ca20                rpl_get_mode
 .any.text.rpl_link_neighbor_callback
                0x0000ca26       0x4c contiki-z1.a(rpl.o)
                0x0000ca26                rpl_link_neighbor_callback
 .any.text.rpl_ipv6_neighbor_callback
                0x0000ca72       0x1e contiki-z1.a(rpl.o)
                0x0000ca72                rpl_ipv6_neighbor_callback
 .any.text.rpl_purge_dags
                0x0000ca90       0x60 contiki-z1.a(rpl.o)
                0x0000ca90                rpl_purge_dags
 .any.text.rpl_init
                0x0000caf0       0x48 contiki-z1.a(rpl.o)
                0x0000caf0                rpl_init
 .any.text.reset
                0x0000cb38        0x2 contiki-z1.a(rpl-mrhof.o)
 .any.text.update_metric_container
                0x0000cb3a        0x6 contiki-z1.a(rpl-mrhof.o)
 .any.text.parent_link_metric
                0x0000cb40       0x10 contiki-z1.a(rpl-mrhof.o)
 .any.text.parent_has_usable_link
                0x0000cb50       0x14 contiki-z1.a(rpl-mrhof.o)
 .any.text.best_dag
                0x0000cb64       0x2e contiki-z1.a(rpl-mrhof.o)
 .any.text.parent_path_cost
                0x0000cb92       0x40 contiki-z1.a(rpl-mrhof.o)
 .any.text.parent_is_acceptable
                0x0000cbd2       0x2a contiki-z1.a(rpl-mrhof.o)
 .any.text.rank_via_parent
                0x0000cbfc       0x4e contiki-z1.a(rpl-mrhof.o)
 .any.text.best_parent
                0x0000cc4a       0x76 contiki-z1.a(rpl-mrhof.o)
 .any.text.node_matches_address
                0x0000ccc0       0x46 contiki-z1.a(rpl-ns.o)
 .any.text.rpl_ns_get_node
                0x0000cd06       0x30 contiki-z1.a(rpl-ns.o)
                0x0000cd06                rpl_ns_get_node
 .any.text.rpl_ns_is_node_reachable
                0x0000cd36       0x32 contiki-z1.a(rpl-ns.o)
                0x0000cd36                rpl_ns_is_node_reachable
 .any.text.rpl_ns_expire_parent
                0x0000cd68       0x34 contiki-z1.a(rpl-ns.o)
                0x0000cd68                rpl_ns_expire_parent
 .any.text.rpl_ns_update_node
                0x0000cd9c       0xac contiki-z1.a(rpl-ns.o)
                0x0000cd9c                rpl_ns_update_node
 .any.text.rpl_ns_init
                0x0000ce48       0x16 contiki-z1.a(rpl-ns.o)
                0x0000ce48                rpl_ns_init
 .any.text.rpl_ns_get_node_global_addr
                0x0000ce5e       0x2e contiki-z1.a(rpl-ns.o)
                0x0000ce5e                rpl_ns_get_node_global_addr
 .any.text.rpl_ns_periodic
                0x0000ce8c       0x8c contiki-z1.a(rpl-ns.o)
                0x0000ce8c                rpl_ns_periodic
 .any.text.get32
                0x0000cf18       0x3e contiki-z1.a(rpl-icmp6.o)
 .any.text.set32
                0x0000cf56       0x2a contiki-z1.a(rpl-icmp6.o)
 .any.text.get16
                0x0000cf80        0xe contiki-z1.a(rpl-icmp6.o)
 .any.text.set16
                0x0000cf8e       0x10 contiki-z1.a(rpl-icmp6.o)
 .any.text.dao_ack_input
                0x0000cf9e        0xa contiki-z1.a(rpl-icmp6.o)
 .any.text.dao_input
                0x0000cfa8      0x142 contiki-z1.a(rpl-icmp6.o)
 .any.text.dio_input
                0x0000d0ea      0x280 contiki-z1.a(rpl-icmp6.o)
 .any.text.rpl_icmp6_update_nbr_table
                0x0000d36a       0x28 contiki-z1.a(rpl-icmp6.o)
                0x0000d36a                rpl_icmp6_update_nbr_table
 .any.text.dis_output
                0x0000d392       0x50 contiki-z1.a(rpl-icmp6.o)
                0x0000d392                dis_output
 .any.text.dio_output
                0x0000d3e2      0x24c contiki-z1.a(rpl-icmp6.o)
                0x0000d3e2                dio_output
 .any.text.dis_input
                0x0000d62e       0x3e contiki-z1.a(rpl-icmp6.o)
 .any.text.dao_output_target
                0x0000d66c       0xf6 contiki-z1.a(rpl-icmp6.o)
                0x0000d66c                dao_output_target
 .any.text.dao_output
                0x0000d762       0x9e contiki-z1.a(rpl-icmp6.o)
                0x0000d762                dao_output
 .any.text.rpl_icmp6_register_handlers
                0x0000d800       0x22 contiki-z1.a(rpl-icmp6.o)
                0x0000d800                rpl_icmp6_register_handlers
 .any.text.anti_replay_set_counter
                0x0000d822       0x24 contiki-z1.a(anti-replay.o)
                0x0000d822                anti_replay_set_counter
 .any.text.anti_replay_get_counter
                0x0000d846        0xa contiki-z1.a(anti-replay.o)
                0x0000d846                anti_replay_get_counter
 .any.text.anti_replay_init_info
                0x0000d850       0x1c contiki-z1.a(anti-replay.o)
                0x0000d850                anti_replay_init_info
 .any.text.anti_replay_was_replayed
                0x0000d86c       0x54 contiki-z1.a(anti-replay.o)
                0x0000d86c                anti_replay_was_replayed
 .any.text.ccm_star_packetbuf_set_nonce
                0x0000d8c0       0x44 contiki-z1.a(ccm-star-packet)
                0x0000d8c0                ccm_star_packetbuf_set_nonce
 .any.text.i2c_receiveinit
                0x0000d904       0x36 contiki-z1.a(i2cmaster.o)
                0x0000d904                i2c_receiveinit
 .any.text.i2c_transmitinit
                0x0000d93a       0x30 contiki-z1.a(i2cmaster.o)
                0x0000d93a                i2c_transmitinit
 .any.text.i2c_receive_n
                0x0000d96a       0x3e contiki-z1.a(i2cmaster.o)
                0x0000d96a                i2c_receive_n
 .any.text.i2c_busy
                0x0000d9a8        0xa contiki-z1.a(i2cmaster.o)
                0x0000d9a8                i2c_busy
 .any.text.i2c_enable
                0x0000d9b2       0x22 contiki-z1.a(i2cmaster.o)
                0x0000d9b2                i2c_enable
 .any.text.i2c_transmit_n
                0x0000d9d4       0x14 contiki-z1.a(i2cmaster.o)
                0x0000d9d4                i2c_transmit_n
 .any.text.status
                0x0000d9e8       0x18 contiki-z1.a(button-sensor.o)
 .any.text.value
                0x0000da00       0x20 contiki-z1.a(button-sensor.o)
 .any.text.configure
                0x0000da20       0x4e contiki-z1.a(button-sensor.o)
 .any.text.create_frame.isra.0
                0x0000da6e      0x130 contiki-z1.a(framer-802154.o)
 .any.text.create
                0x0000db9e        0x8 contiki-z1.a(framer-802154.o)
 .any.text.hdr_length
                0x0000dba6        0x8 contiki-z1.a(framer-802154.o)
 .any.text.parse
                0x0000dbae       0xb6 contiki-z1.a(framer-802154.o)
 .any.text.key_from_index
                0x0000dc64       0x18 contiki-z1.a(nbr-table.o)
 .any.text.item_from_index
                0x0000dc7c       0x2a contiki-z1.a(nbr-table.o)
 .any.text.index_from_key
                0x0000dca6       0x26 contiki-z1.a(nbr-table.o)
 .any.text.index_from_item
                0x0000dccc       0x1e contiki-z1.a(nbr-table.o)
 .any.text.nbr_set_bit
                0x0000dcea       0x50 contiki-z1.a(nbr-table.o)
 .any.text.index_from_lladdr
                0x0000dd3a       0x3e contiki-z1.a(nbr-table.o)
 .any.text.nbr_get_bit.constprop.0
                0x0000dd78       0x2c contiki-z1.a(nbr-table.o)
 .any.text.remove_key
                0x0000dda4       0x56 contiki-z1.a(nbr-table.o)
 .any.text.nbr_table_register
                0x0000ddfa       0x26 contiki-z1.a(nbr-table.o)
                0x0000ddfa                nbr_table_register
 .any.text.nbr_table_next
                0x0000de20       0x3a contiki-z1.a(nbr-table.o)
                0x0000de20                nbr_table_next
 .any.text.nbr_table_head
                0x0000de5a       0x36 contiki-z1.a(nbr-table.o)
                0x0000de5a                nbr_table_head
 .any.text.nbr_table_add_lladdr
                0x0000de90       0xfc contiki-z1.a(nbr-table.o)
                0x0000de90                nbr_table_add_lladdr
 .any.text.nbr_table_get_from_lladdr
                0x0000df8c       0x28 contiki-z1.a(nbr-table.o)
                0x0000df8c                nbr_table_get_from_lladdr
 .any.text.nbr_table_remove
                0x0000dfb4       0x2a contiki-z1.a(nbr-table.o)
                0x0000dfb4                nbr_table_remove
 .any.text.nbr_table_lock
                0x0000dfde       0x10 contiki-z1.a(nbr-table.o)
                0x0000dfde                nbr_table_lock
 .any.text.nbr_table_unlock
                0x0000dfee       0x10 contiki-z1.a(nbr-table.o)
                0x0000dfee                nbr_table_unlock
 .any.text.nbr_table_get_lladdr
                0x0000dffe       0x14 contiki-z1.a(nbr-table.o)
                0x0000dffe                nbr_table_get_lladdr
 .any.text.periodic
                0x0000e012       0x2c contiki-z1.a(link-stats.o)
 .any.text.link_stats_from_lladdr
                0x0000e03e        0xc contiki-z1.a(link-stats.o)
                0x0000e03e                link_stats_from_lladdr
 .any.text.link_stats_is_fresh
                0x0000e04a       0x32 contiki-z1.a(link-stats.o)
                0x0000e04a                link_stats_is_fresh
 .any.text.link_stats_packet_sent
                0x0000e07c       0xc4 contiki-z1.a(link-stats.o)
                0x0000e07c                link_stats_packet_sent
 .any.text.link_stats_input_callback
                0x0000e140       0xa6 contiki-z1.a(link-stats.o)
                0x0000e140                link_stats_input_callback
 .any.text.link_stats_init
                0x0000e1e6       0x22 contiki-z1.a(link-stats.o)
                0x0000e1e6                link_stats_init
 .any.text.stimer_set
                0x0000e208       0x1c contiki-z1.a(stimer.o)
                0x0000e208                stimer_set
 .any.text.stimer_expired
                0x0000e224       0x30 contiki-z1.a(stimer.o)
                0x0000e224                stimer_expired
 .any.text.echo_reply_input
                0x0000e254       0xaa contiki-z1.a(uip-icmp6.o)
 .any.text.echo_request_input
                0x0000e2fe       0xca contiki-z1.a(uip-icmp6.o)
 .any.text.uip_icmp6_input
                0x0000e3c8       0x44 contiki-z1.a(uip-icmp6.o)
                0x0000e3c8                uip_icmp6_input
 .any.text.uip_icmp6_register_input_handler
                0x0000e40c        0xc contiki-z1.a(uip-icmp6.o)
                0x0000e40c                uip_icmp6_register_input_handler
 .any.text.uip_icmp6_error_output
                0x0000e418      0x16e contiki-z1.a(uip-icmp6.o)
                0x0000e418                uip_icmp6_error_output
 .any.text.uip_icmp6_send
                0x0000e586       0x84 contiki-z1.a(uip-icmp6.o)
                0x0000e586                uip_icmp6_send
 .any.text.uip_icmp6_init
                0x0000e60a       0x12 contiki-z1.a(uip-icmp6.o)
                0x0000e60a                uip_icmp6_init
 .any.text.update_nbr
                0x0000e61c       0xda contiki-z1.a(rpl-nbr-policy.)
 .any.text.handle_periodic_timer
                0x0000e6f6        0xe contiki-z1.a(rpl-nbr-policy.)
 .any.text.find_removable_dis
                0x0000e704       0x14 contiki-z1.a(rpl-nbr-policy.)
                0x0000e704                find_removable_dis
 .any.text.find_removable_dio
                0x0000e718       0x3c contiki-z1.a(rpl-nbr-policy.)
                0x0000e718                find_removable_dio
 .any.text.find_removable_dao
                0x0000e754       0x32 contiki-z1.a(rpl-nbr-policy.)
                0x0000e754                find_removable_dao
 .any.text.rpl_nbr_policy_find_removable
                0x0000e786       0x30 contiki-z1.a(rpl-nbr-policy.)
                0x0000e786                rpl_nbr_policy_find_removable
 .any.text.frame802154_get_pan_id
                0x0000e7b6        0x6 contiki-z1.a(frame802154.o)
                0x0000e7b6                frame802154_get_pan_id
 .any.text.frame802154_has_panid
                0x0000e7bc       0x78 contiki-z1.a(frame802154.o)
                0x0000e7bc                frame802154_has_panid
 .any.text.field_len
                0x0000e834       0xcc contiki-z1.a(frame802154.o)
 .any.text.frame802154_is_broadcast_addr
                0x0000e900       0x28 contiki-z1.a(frame802154.o)
                0x0000e900                frame802154_is_broadcast_addr
 .any.text.frame802154_hdrlen
                0x0000e928       0x32 contiki-z1.a(frame802154.o)
                0x0000e928                frame802154_hdrlen
 .any.text.frame802154_create
                0x0000e95a      0x18a contiki-z1.a(frame802154.o)
                0x0000e95a                frame802154_create
 .any.text.frame802154_parse
                0x0000eae4      0x20c contiki-z1.a(frame802154.o)
                0x0000eae4                frame802154_parse
 .any.text.printf
                0x0000ecf0       0x10 /usr/local/bin/../lib/gcc/msp430/4.7.2/../../../../msp430/lib/mcpu-430x/mmpy-16/msr20/mc20/libc.a(printf.o)
                0x0000ecf0                printf
 .any.text.print_field
                0x0000ed00      0x176 /usr/local/bin/../lib/gcc/msp430/4.7.2/../../../../msp430/lib/mcpu-430x/mmpy-16/msr20/mc20/libc.a(vuprintf.o)
 .any.text.puts
                0x0000ee76       0x2c /usr/local/bin/../lib/gcc/msp430/4.7.2/../../../../msp430/lib/mcpu-430x/mmpy-16/msr20/mc20/libc.a(puts.o)
                0x0000ee76                puts
 .any.text.rand
                0x0000eea2       0x26 /usr/local/bin/../lib/gcc/msp430/4.7.2/../../../../msp430/lib/mcpu-430x/mmpy-16/msr20/mc20/libc.a(rand.o)
                0x0000eea2                rand
 .any.text.srand
                0x0000eec8        0xa /usr/local/bin/../lib/gcc/msp430/4.7.2/../../../../msp430/lib/mcpu-430x/mmpy-16/msr20/mc20/libc.a(rand.o)
                0x0000eec8                srand
 .any.text.memcmp
                0x0000eed2       0x2c /usr/local/bin/../lib/gcc/msp430/4.7.2/../../../../msp430/lib/mcpu-430x/mmpy-16/msr20/mc20/libc.a(memcmp.o)
                0x0000eed2                memcmp
 .any.text.memcpy
                0x0000eefe       0xe8 /usr/local/bin/../lib/gcc/msp430/4.7.2/../../../../msp430/lib/mcpu-430x/mmpy-16/msr20/mc20/libc.a(memcpy.o)
                0x0000eefe                memcpy
 .any.text.memmove
                0x0000efe6       0xe8 /usr/local/bin/../lib/gcc/msp430/4.7.2/../../../../msp430/lib/mcpu-430x/mmpy-16/msr20/mc20/libc.a(memmove.o)
                0x0000efe6                memmove
 .any.text.memset
                0x0000f0ce       0x5c /usr/local/bin/../lib/gcc/msp430/4.7.2/../../../../msp430/lib/mcpu-430x/mmpy-16/msr20/mc20/libc.a(memset.o)
                0x0000f0ce                memset

.rodata         0x0000f12c      0xc47
                0x0000f12c                . = ALIGN (0x2)
 *(.rodata .rodata.* .gnu.linkonce.r.*)
 .rodata.get_radio_parameter
                0x0000f12c       0x38 udp-echo-server.co
 .rodata.send_reply_hello.isra.2
                0x0000f164       0x4c udp-echo-server.co
 .rodata.send_asyn_msg
                0x0000f1b0       0x53 udp-echo-server.co
 *fill*         0x0000f203        0x1 00
 .rodata.process_req_cmd
                0x0000f204       0xb8 udp-echo-server.co
 .rodata.process_hello_cmd
                0x0000f2bc       0xa9 udp-echo-server.co
 .rodata.process_thread_udp_echo_server_process
                0x0000f365      0x1c9 udp-echo-server.co
 .rodata.autostart_processes
                0x0000f52e        0x4 udp-echo-server.co
                0x0000f52e                autostart_processes
 .rodata        0x0000f532       0x13 udp-echo-server.co
 .rodata.gen_crc_for_cmd
                0x0000f545       0x25 obj_z1/util.o
 .rodata.check_crc_for_cmd
                0x0000f56a       0x20 obj_z1/util.o
 .rodata.phex_16
                0x0000f58a        0x6 obj_z1/util.o
 .rodata.encrypt_cbc
                0x0000f590       0x1a obj_z1/util.o
 .rodata.decrypt_cbc
                0x0000f5aa       0x26 obj_z1/util.o
 .rodata.decrypt_payload
                0x0000f5d0        0xf obj_z1/util.o
 .rodata.sbox   0x0000f5df      0x100 obj_z1/util.o
 .rodata.Rcon   0x0000f6df       0xff obj_z1/util.o
 .rodata.rsbox  0x0000f7de      0x100 obj_z1/util.o
 .rodata        0x0000f8de      0x115 obj_z1/contiki-z1-main.o
 *fill*         0x0000f9f3        0x1 00
 .rodata.get_value
                0x0000f9f4       0x44 contiki-z1.a(cc2420.o)
 .rodata.set_value
                0x0000fa38       0x20 contiki-z1.a(cc2420.o)
 .rodata.cc2420_driver
                0x0000fa58       0x38 contiki-z1.a(cc2420.o)
                0x0000fa58                cc2420_driver
 .rodata        0x0000fa90        0xe contiki-z1.a(cc2420.o)
 .rodata.output_power
                0x0000fa9e       0x10 contiki-z1.a(cc2420.o)
 .rodata        0x0000faae        0x8 contiki-z1.a(sensors.o)
 .rodata        0x0000fab6       0x25 contiki-z1.a(adxl345.o)
 *fill*         0x0000fadb        0x1 00
 .rodata.adxl345
                0x0000fadc        0xe contiki-z1.a(adxl345.o)
                0x0000fadc                adxl345
 .rodata        0x0000faea        0xe contiki-z1.a(tmp102.o)
 .rodata.tmp102
                0x0000faf8        0xe contiki-z1.a(tmp102.o)
                0x0000faf8                tmp102
 .rodata        0x0000fb06        0x5 contiki-z1.a(csma.o)
 *fill*         0x0000fb0b        0x1 00
 .rodata.csma_driver
                0x0000fb0c       0x1a contiki-z1.a(csma.o)
                0x0000fb0c                csma_driver
 .rodata.linkaddr_null
                0x0000fb26        0x8 contiki-z1.a(linkaddr.o)
                0x0000fb26                linkaddr_null
 .rodata        0x0000fb2e        0xb contiki-z1.a(contikimac.o)
 *fill*         0x0000fb39        0x1 00
 .rodata.contikimac_driver
                0x0000fb3a       0x1e contiki-z1.a(contikimac.o)
                0x0000fb3a                contikimac_driver
 .rodata.noncoresec_framer
                0x0000fb58        0xc contiki-z1.a(noncoresec.o)
                0x0000fb58                noncoresec_framer
 .rodata        0x0000fb64        0xb contiki-z1.a(noncoresec.o)
 *fill*         0x0000fb6f        0x1 00
 .rodata.noncoresec_driver
                0x0000fb70        0xe contiki-z1.a(noncoresec.o)
                0x0000fb70                noncoresec_driver
 .rodata        0x0000fb7e        0xf contiki-z1.a(ctimer.o)
 .rodata        0x0000fb8d        0xc contiki-z1.a(etimer.o)
 *fill*         0x0000fb99        0x1 00
 .rodata.ccm_star_driver
                0x0000fb9a        0x8 contiki-z1.a(ccm-star.o)
                0x0000fb9a                ccm_star_driver
 .rodata.aes_128_driver
                0x0000fba2        0x8 contiki-z1.a(aes-128.o)
                0x0000fba2                aes_128_driver
 .rodata.sbox   0x0000fbaa      0x100 contiki-z1.a(aes-128.o)
 *fill*         0x0000fcaa        0x2 00
 .rodata.uip_process
                0x0000fcac       0x40 contiki-z1.a(uip6.o)
 .rodata        0x0000fcec        0xb contiki-z1.a(sicslowpan.o)
 *fill*         0x0000fcf7        0x1 00
 .rodata.sicslowpan_driver
                0x0000fcf8        0xa contiki-z1.a(sicslowpan.o)
                0x0000fcf8                sicslowpan_driver
 .rodata.llprefix
                0x0000fd02        0x2 contiki-z1.a(sicslowpan.o)
                0x0000fd02                llprefix
 .rodata.unc_mxconf
                0x0000fd04        0x4 contiki-z1.a(sicslowpan.o)
                0x0000fd04                unc_mxconf
 .rodata.unc_ctxconf
                0x0000fd08        0x4 contiki-z1.a(sicslowpan.o)
                0x0000fd08                unc_ctxconf
 .rodata.unc_llconf
                0x0000fd0c        0x4 contiki-z1.a(sicslowpan.o)
                0x0000fd0c                unc_llconf
 .rodata.ttl_values
                0x0000fd10        0x4 contiki-z1.a(sicslowpan.o)
 .rodata.uip_debug_ipaddr_print
                0x0000fd14       0x28 contiki-z1.a(uip-debug.o)
 .rodata        0x0000fd3c        0xd contiki-z1.a(tcpip.o)
 .rodata        0x0000fd49        0x7 contiki-z1.a(button-sensor.o)
 .rodata.button_sensor
                0x0000fd50        0xe contiki-z1.a(button-sensor.o)
                0x0000fd50                button_sensor
 .rodata.framer_802154
                0x0000fd5e        0xc contiki-z1.a(framer-802154.o)
                0x0000fd5e                framer_802154
 .rodata.CSWTCH.16
                0x0000fd6a        0x2 contiki-z1.a(frame802154.o)
 .rodata.vuprintf
                0x0000fd6c        0x7 /usr/local/bin/../lib/gcc/msp430/4.7.2/../../../../msp430/lib/mcpu-430x/mmpy-16/msr20/mc20/libc.a(vuprintf.o)
 *(.near.rodata .near.rodata.*)
                0x0000fd74                . = ALIGN (0x2)
                0x0000fd74                _etext = .

.data           0x00001100      0x16e load address 0x0000fd74
                0x00001100                . = ALIGN (0x2)
                0x00001100                __data_start = .
 *(.data .data.* .gnu.linkonce.d.*)
 .data.udp_echo_server_process
                0x00001100        0xc udp-echo-server.co
                0x00001100                udp_echo_server_process
 .data.key_begin
                0x0000110c       0x10 udp-echo-server.co
 .data.iv       0x0000111c       0x10 obj_z1/util.o
 .data.cur_break
                0x0000112c        0x2 contiki-z1.a(msp430.o)
 .data.cc2420_process
                0x0000112e        0xc contiki-z1.a(cc2420.o)
                0x0000112e                cc2420_process
 .data.send_on_cca
                0x0000113a        0x1 contiki-z1.a(cc2420.o)
 *fill*         0x0000113b        0x1 00
 .data.sensors_process
                0x0000113c        0xc contiki-z1.a(sensors.o)
                0x0000113c                sensors_process
 .data.sensors  0x00001148        0x8 contiki-z1.a(z1-sensors.o)
                0x00001148                sensors
 .data.accmeter_process
                0x00001150        0xc contiki-z1.a(adxl345.o)
                0x00001150                accmeter_process
 .data.adxl345_default_settings
                0x0000115c       0x16 contiki-z1.a(adxl345.o)
 .data.neighbor_memb
                0x00001172        0x8 contiki-z1.a(csma.o)
 .data.packet_memb
                0x0000117a        0x8 contiki-z1.a(csma.o)
 .data.metadata_memb
                0x00001182        0x8 contiki-z1.a(csma.o)
 .data.buframmem
                0x0000118a        0x8 contiki-z1.a(queuebuf.o)
 .data.bufmem   0x00001192        0x8 contiki-z1.a(queuebuf.o)
 .data.anti_replay_table_struct
                0x0000119a        0xa contiki-z1.a(noncoresec.o)
 .data.key      0x000011a4       0x10 contiki-z1.a(noncoresec.o)
 .data.ctimer_process
                0x000011b4        0xc contiki-z1.a(ctimer.o)
                0x000011b4                ctimer_process
 .data.etimer_process
                0x000011c0        0xc contiki-z1.a(etimer.o)
                0x000011c0                etimer_process
 .data.defaultroutermemb
                0x000011cc        0x8 contiki-z1.a(uip-ds6-route.o)
 .data.ds6_neighbors
                0x000011d4        0x2 contiki-z1.a(uip-ds6-nbr.o)
                0x000011d4                ds6_neighbors
 .data.ds6_neighbors_struct
                0x000011d6        0xa contiki-z1.a(uip-ds6-nbr.o)
 .data.tcpip_process
                0x000011e0        0xc contiki-z1.a(tcpip.o)
                0x000011e0                tcpip_process
 .data.rpl_parents
                0x000011ec        0x2 contiki-z1.a(rpl-dag.o)
                0x000011ec                rpl_parents
 .data.rpl_parents_struct
                0x000011ee        0xa contiki-z1.a(rpl-dag.o)
 .data.rpl_mrhof
                0x000011f8       0x22 contiki-z1.a(rpl-mrhof.o)
                0x000011f8                rpl_mrhof
 .data.nodememb
                0x0000121a        0x8 contiki-z1.a(rpl-ns.o)
 .data.dao_sequence
                0x00001222        0x1 contiki-z1.a(rpl-icmp6.o)
 *fill*         0x00001223        0x1 00
 .data.dis_handler
                0x00001224        0x8 contiki-z1.a(rpl-icmp6.o)
 .data.dio_handler
                0x0000122c        0x8 contiki-z1.a(rpl-icmp6.o)
 .data.dao_handler
                0x00001234        0x8 contiki-z1.a(rpl-icmp6.o)
 .data.dao_ack_handler
                0x0000123c        0x8 contiki-z1.a(rpl-icmp6.o)
 .data.prescale_lsb
                0x00001244        0x1 contiki-z1.a(i2cmaster.o)
                0x00001244                prescale_lsb