Archive member included to satisfy reference by file (symbol)

/usr/lib/gcc/arm-none-eabi/4.9.3/armv7-m/libgcc.a(_arm_addsubdf3.o)
                              obj_cc2538dk/si7021.o (__aeabi_dadd)
/usr/lib/gcc/arm-none-eabi/4.9.3/armv7-m/libgcc.a(_aeabi_uldivmod.o)
                              obj_cc2538dk/cc2538-rf.o (__aeabi_uldivmod)
/usr/lib/gcc/arm-none-eabi/4.9.3/armv7-m/libgcc.a(bpabi.o)
                              /usr/lib/gcc/arm-none-eabi/4.9.3/armv7-m/libgcc.a(_aeabi_uldivmod.o) (__gnu_uldivmod_helper)
/usr/lib/gcc/arm-none-eabi/4.9.3/armv7-m/libgcc.a(_dvmd_tls.o)
                              /usr/lib/gcc/arm-none-eabi/4.9.3/armv7-m/libgcc.a(_aeabi_uldivmod.o) (__aeabi_ldiv0)
/usr/lib/gcc/arm-none-eabi/4.9.3/armv7-m/libgcc.a(_divdi3.o)
                              /usr/lib/gcc/arm-none-eabi/4.9.3/armv7-m/libgcc.a(bpabi.o) (__divdi3)
/usr/lib/gcc/arm-none-eabi/4.9.3/armv7-m/libgcc.a(_udivdi3.o)
                              /usr/lib/gcc/arm-none-eabi/4.9.3/armv7-m/libgcc.a(bpabi.o) (__udivdi3)
/usr/lib/gcc/arm-none-eabi/4.9.3/../../../arm-none-eabi/lib/armv7-m/libc.a(lib_a-ctype_.o)
                              obj_cc2538dk/resolv.o (__ctype_ptr__)
/usr/lib/gcc/arm-none-eabi/4.9.3/../../../arm-none-eabi/lib/armv7-m/libc.a(lib_a-memcmp.o)
                              obj_cc2538dk/slip.o (memcmp)
/usr/lib/gcc/arm-none-eabi/4.9.3/../../../arm-none-eabi/lib/armv7-m/libc.a(lib_a-memcpy.o)
                              obj_cc2538dk/dbg-snprintf.o (memcpy)
/usr/lib/gcc/arm-none-eabi/4.9.3/../../../arm-none-eabi/lib/armv7-m/libc.a(lib_a-memmove.o)
                              obj_cc2538dk/mmem.o (memmove)
/usr/lib/gcc/arm-none-eabi/4.9.3/../../../arm-none-eabi/lib/armv7-m/libc.a(lib_a-memset.o)
                              obj_cc2538dk/gpio.o (memset)
/usr/lib/gcc/arm-none-eabi/4.9.3/../../../arm-none-eabi/lib/armv7-m/libc.a(lib_a-reent.o)
                              obj_cc2538dk/syscalls.o (errno)
/usr/lib/gcc/arm-none-eabi/4.9.3/../../../arm-none-eabi/lib/armv7-m/libc.a(lib_a-strcasecmp.o)
                              obj_cc2538dk/resolv.o (strcasecmp)
/usr/lib/gcc/arm-none-eabi/4.9.3/../../../arm-none-eabi/lib/armv7-m/libc.a(lib_a-strcat.o)
                              obj_cc2538dk/resolv.o (strcat)
/usr/lib/gcc/arm-none-eabi/4.9.3/../../../arm-none-eabi/lib/armv7-m/libc.a(lib_a-strcmp.o)
                              obj_cc2538dk/cfs-coffee.o (strcmp)
/usr/lib/gcc/arm-none-eabi/4.9.3/../../../arm-none-eabi/lib/armv7-m/libc.a(lib_a-strcpy.o)
                              /usr/lib/gcc/arm-none-eabi/4.9.3/../../../arm-none-eabi/lib/armv7-m/libc.a(lib_a-strcat.o) (strcpy)
/usr/lib/gcc/arm-none-eabi/4.9.3/../../../arm-none-eabi/lib/armv7-m/libc.a(lib_a-strlen.o)
                              obj_cc2538dk/sensors.o (strlen)
/usr/lib/gcc/arm-none-eabi/4.9.3/../../../arm-none-eabi/lib/armv7-m/libc.a(lib_a-strncasecmp.o)
                              obj_cc2538dk/resolv.o (strncasecmp)
/usr/lib/gcc/arm-none-eabi/4.9.3/../../../arm-none-eabi/lib/armv7-m/libc.a(lib_a-strncat.o)
                              obj_cc2538dk/resolv.o (strncat)
/usr/lib/gcc/arm-none-eabi/4.9.3/../../../arm-none-eabi/lib/armv7-m/libc.a(lib_a-strncmp.o)
                              obj_cc2538dk/sensors.o (strncmp)
/usr/lib/gcc/arm-none-eabi/4.9.3/../../../arm-none-eabi/lib/armv7-m/libc.a(lib_a-strncpy.o)
                              obj_cc2538dk/cfs-coffee.o (strncpy)
/usr/lib/gcc/arm-none-eabi/4.9.3/../../../arm-none-eabi/lib/armv7-m/libc.a(lib_a-freer.o)
                              /usr/lib/gcc/arm-none-eabi/4.9.3/../../../arm-none-eabi/lib/armv7-m/libc.a(lib_a-reent.o) (_free_r)
/usr/lib/gcc/arm-none-eabi/4.9.3/../../../arm-none-eabi/lib/armv7-m/libc.a(lib_a-impure.o)
                              /usr/lib/gcc/arm-none-eabi/4.9.3/../../../arm-none-eabi/lib/armv7-m/libc.a(lib_a-reent.o) (_impure_ptr)
/usr/lib/gcc/arm-none-eabi/4.9.3/../../../arm-none-eabi/lib/armv7-m/libc.a(lib_a-mallocr.o)
                              /usr/lib/gcc/arm-none-eabi/4.9.3/../../../arm-none-eabi/lib/armv7-m/libc.a(lib_a-freer.o) (__malloc_current_mallinfo)
/usr/lib/gcc/arm-none-eabi/4.9.3/../../../arm-none-eabi/lib/armv7-m/libc.a(lib_a-mlock.o)
                              /usr/lib/gcc/arm-none-eabi/4.9.3/../../../arm-none-eabi/lib/armv7-m/libc.a(lib_a-freer.o) (__malloc_lock)
/usr/lib/gcc/arm-none-eabi/4.9.3/../../../arm-none-eabi/lib/armv7-m/libc.a(lib_a-sbrkr.o)
                              /usr/lib/gcc/arm-none-eabi/4.9.3/../../../arm-none-eabi/lib/armv7-m/libc.a(lib_a-freer.o) (_sbrk_r)

Allocating common symbols
Common symbol       size              file

compower_idle_activity
                    0x8               obj_cc2538dk/compower.o
uip_ds6_timer_ra    0x8               obj_cc2538dk/uip-ds6.o
usb_setup_buffer    0x8               obj_cc2538dk/usb-core.o
uip_ds6_if          0xf8              obj_cc2538dk/uip-ds6.o
resolv_event_found  0x1               obj_cc2538dk/resolv.o
uip_ds6_netif_addr_list_offset
[...]
Memory Configuration

Name             Origin             Length             Attributes
FLASH_FW         0x00200000         0x0007ffd4         xr
FLASH_CCA        0x0027ffd4         0x0000002c         xr
NRSRAM           0x20000000         0x00000000         xrw
FRSRAM           0x20000000         0x00008000         xrw
*default*        0x00000000         0xffffffff

Linker script and memory map

LOAD obj_cc2538dk/startup-gcc.o
LOAD obj_cc2538dk/tsl256x.o
LOAD obj_cc2538dk/bmpx8x.o
LOAD obj_cc2538dk/si7021.o
LOAD obj_cc2538dk/leds.o
LOAD obj_cc2538dk/leds-arch.o
LOAD obj_cc2538dk/contiki-main.o
LOAD obj_cc2538dk/sensors.o
LOAD obj_cc2538dk/smartrf-sensors.o
LOAD obj_cc2538dk/button-sensor.o
LOAD obj_cc2538dk/als-sensor.o
LOAD obj_cc2538dk/soc.o
LOAD obj_cc2538dk/clock.o
LOAD obj_cc2538dk/rtimer-arch.o
LOAD obj_cc2538dk/uart.o
LOAD obj_cc2538dk/watchdog.o
LOAD obj_cc2538dk/nvic.o
LOAD obj_cc2538dk/sys-ctrl.o
LOAD obj_cc2538dk/gpio.o
LOAD obj_cc2538dk/ioc.o
LOAD obj_cc2538dk/spi.o
LOAD obj_cc2538dk/adc.o
LOAD obj_cc2538dk/crypto.o
LOAD obj_cc2538dk/aes.o
LOAD obj_cc2538dk/ecb.o
LOAD obj_cc2538dk/cbc.o
LOAD obj_cc2538dk/ctr.o
LOAD obj_cc2538dk/cbc-mac.o
LOAD obj_cc2538dk/gcm.o
LOAD obj_cc2538dk/ccm.o
LOAD obj_cc2538dk/sha256.o
LOAD obj_cc2538dk/cc2538-aes-128.o
LOAD obj_cc2538dk/cc2538-ccm-star.o
LOAD obj_cc2538dk/cc2538-rf.o
LOAD obj_cc2538dk/udma.o
LOAD obj_cc2538dk/lpm.o
LOAD obj_cc2538dk/pka.o
LOAD obj_cc2538dk/bignum-driver.o
LOAD obj_cc2538dk/ecc-driver.o
LOAD obj_cc2538dk/ecc-algorithm.o
LOAD obj_cc2538dk/ecc-curve.o
LOAD obj_cc2538dk/dbg.o
LOAD obj_cc2538dk/ieee-addr.o
LOAD obj_cc2538dk/slip-arch.o
LOAD obj_cc2538dk/slip.o
LOAD obj_cc2538dk/i2c.o
LOAD obj_cc2538dk/cc2538-temp-sensor.o
LOAD obj_cc2538dk/vdd3-sensor.o
LOAD obj_cc2538dk/cfs-coffee.o
LOAD obj_cc2538dk/cfs-coffee-arch.o
LOAD obj_cc2538dk/pwm.o
LOAD obj_cc2538dk/dbg-printf.o
LOAD obj_cc2538dk/dbg-snprintf.o
LOAD obj_cc2538dk/dbg-sprintf.o
LOAD obj_cc2538dk/strformat.o
LOAD obj_cc2538dk/usb-core.o
LOAD obj_cc2538dk/cdc-acm.o
LOAD obj_cc2538dk/usb-arch.o
LOAD obj_cc2538dk/usb-serial.o
LOAD obj_cc2538dk/cdc-acm-descriptors.o
LOAD obj_cc2538dk/autostart.o
LOAD obj_cc2538dk/ctimer.o
LOAD obj_cc2538dk/energest.o
LOAD obj_cc2538dk/arg.o
LOAD obj_cc2538dk/stimer.o
LOAD obj_cc2538dk/etimer.o
LOAD obj_cc2538dk/compower.o
LOAD obj_cc2538dk/process.o
LOAD obj_cc2538dk/rtimer.o
LOAD obj_cc2538dk/mt.o
LOAD obj_cc2538dk/procinit.o
LOAD obj_cc2538dk/timer.o
LOAD obj_cc2538dk/serial-line.o
LOAD obj_cc2538dk/nullradio.o
LOAD obj_cc2538dk/settings.o
LOAD obj_cc2538dk/crc16.o
LOAD obj_cc2538dk/me.o
LOAD obj_cc2538dk/ringbuf.o
LOAD obj_cc2538dk/mmem.o
LOAD obj_cc2538dk/me_tabs.o
LOAD obj_cc2538dk/ccm-star.o
LOAD obj_cc2538dk/ifft.o
LOAD obj_cc2538dk/ringbufindex.o
LOAD obj_cc2538dk/list.o
LOAD obj_cc2538dk/aes-128.o
LOAD obj_cc2538dk/trickle-timer.o
LOAD obj_cc2538dk/print-stats.o
LOAD obj_cc2538dk/memb.o
LOAD obj_cc2538dk/petsciiconv.o
LOAD obj_cc2538dk/gcr.o
LOAD obj_cc2538dk/random.o
LOAD obj_cc2538dk/assert.o
LOAD obj_cc2538dk/uip-icmp6.o
LOAD obj_cc2538dk/uip-ds6.o
LOAD obj_cc2538dk/uip-ds6-route.o
LOAD obj_cc2538dk/uip6.o
LOAD obj_cc2538dk/uip-ds6-nbr.o
LOAD obj_cc2538dk/uip-nd6.o
LOAD obj_cc2538dk/sicslowpan.o
LOAD obj_cc2538dk/slipdev.o
LOAD obj_cc2538dk/dhcpc.o
LOAD obj_cc2538dk/uip-packetqueue.o
LOAD obj_cc2538dk/tcp-socket.o
LOAD obj_cc2538dk/uip-debug.o
LOAD obj_cc2538dk/ip64-addr.o
LOAD obj_cc2538dk/uip-udp-packet.o
LOAD obj_cc2538dk/psock.o
LOAD obj_cc2538dk/tcpip.o
LOAD obj_cc2538dk/resolv.o
LOAD obj_cc2538dk/uip-nameserver.o
LOAD obj_cc2538dk/uip-split.o
LOAD obj_cc2538dk/udp-socket.o
LOAD obj_cc2538dk/simple-udp.o
LOAD obj_cc2538dk/uiplib.o
LOAD obj_cc2538dk/rpl-nbr-policy.o
LOAD obj_cc2538dk/rpl-of0.o
LOAD obj_cc2538dk/rpl-dag.o
LOAD obj_cc2538dk/rpl-timers.o
LOAD obj_cc2538dk/rpl-ext-header.o
LOAD obj_cc2538dk/rpl.o
LOAD obj_cc2538dk/rpl-mrhof.o
LOAD obj_cc2538dk/rpl-ns.o
LOAD obj_cc2538dk/rpl-icmp6.o
LOAD obj_cc2538dk/rpl-dag-root.o
LOAD obj_cc2538dk/syscalls.o
LOAD obj_cc2538dk/mtarch.o
LOAD obj_cc2538dk/queuebuf.o
LOAD obj_cc2538dk/nbr-table.o
LOAD obj_cc2538dk/packetbuf.o
LOAD obj_cc2538dk/netstack.o
LOAD obj_cc2538dk/linkaddr.o
LOAD obj_cc2538dk/net-debug.o
LOAD obj_cc2538dk/link-stats.o
LOAD obj_cc2538dk/framer-nullmac.o
LOAD obj_cc2538dk/nullmac.o
LOAD obj_cc2538dk/nullrdc-noframer.o
LOAD obj_cc2538dk/frame802154e-ie.o
LOAD obj_cc2538dk/mac-sequence.o
LOAD obj_cc2538dk/nordc.o
LOAD obj_cc2538dk/csma.o
LOAD obj_cc2538dk/frame802154.o
LOAD obj_cc2538dk/mac.o
LOAD obj_cc2538dk/framer-802154.o
LOAD obj_cc2538dk/phase.o
LOAD obj_cc2538dk/nullrdc.o
LOAD obj_cc2538dk/contikimac.o
LOAD obj_cc2538dk/contikimac-framer.o
LOAD obj_cc2538dk/nullsec.o
LOAD obj_cc2538dk/anti-replay.o
LOAD obj_cc2538dk/ccm-star-packetbuf.o
LOAD obj_cc2538dk/noncoresec.o
LOAD udp-echo-server.co
LOAD obj_cc2538dk/util.o
START GROUP
LOAD /usr/lib/gcc/arm-none-eabi/4.9.3/armv7-m/libgcc.a
LOAD /usr/lib/gcc/arm-none-eabi/4.9.3/../../../arm-none-eabi/lib/armv7-m/libc.a
END GROUP

.text           0x00200000     0xaef7
                0x00200000                _text = .
 *(SORT(.vectors))
 .vectors       0x00200000      0x28c obj_cc2538dk/startup-gcc.o
                0x00200000                vectors
 *(SORT(.text*))
 .text.reset_handler
                0x0020028c       0x40 obj_cc2538dk/startup-gcc.o
                0x0020028c                reset_handler
 .text.status   0x002002cc       0x14 obj_cc2538dk/tsl256x.o
 .text.process_thread_tsl256x_int_process
                0x002002e0       0x30 obj_cc2538dk/tsl256x.o
 .text.tsl256x_interrupt_handler
                0x00200310        0xc obj_cc2538dk/tsl256x.o
 .text.value    0x0020031c      0x10c obj_cc2538dk/tsl256x.o
 .text.configure
                0x00200428      0x278 obj_cc2538dk/tsl256x.o
 .text.status   0x002006a0       0x14 obj_cc2538dk/bmpx8x.o
 .text.configure
                0x002006b4       0xfc obj_cc2538dk/bmpx8x.o
 .text.value    0x002007b0      0x180 obj_cc2538dk/bmpx8x.o
 .text.leds_init
                0x00200930       0x14 obj_cc2538dk/leds.o
                0x00200930                leds_init
 .text.leds_on  0x00200944       0x10 obj_cc2538dk/leds.o
                0x00200944                leds_on
 .text.leds_off
                0x00200954       0x14 obj_cc2538dk/leds.o
                0x00200954                leds_off
 .text.leds_toggle
                0x00200968       0x10 obj_cc2538dk/leds.o
                0x00200968                leds_toggle
 .text.leds_arch_init
                0x00200978       0x10 obj_cc2538dk/leds-arch.o
                0x00200978                leds_arch_init
 .text.leds_arch_set
                0x00200988        0xc obj_cc2538dk/leds-arch.o
                0x00200988                leds_arch_set
 .text.startup.main
                0x00200994      0x128 obj_cc2538dk/contiki-main.o
                0x00200994                main
 .text.process_thread_sensors_process
                0x00200abc       0xd4 obj_cc2538dk/sensors.o
 .text.sensors_changed
                0x00200b90       0x38 obj_cc2538dk/sensors.o
                0x00200b90                sensors_changed
 .text.config_up
                0x00200bc8       0x34 obj_cc2538dk/button-sensor.o
 .text.btn_callback
                0x00200bfc       0x64 obj_cc2538dk/button-sensor.o
 .text.config_down
                0x00200c60       0x34 obj_cc2538dk/button-sensor.o
 .text.config_select
                0x00200c94       0x34 obj_cc2538dk/button-sensor.o
 .text.config_left
                0x00200cc8       0x34 obj_cc2538dk/button-sensor.o
 .text.config_right
                0x00200cfc       0x34 obj_cc2538dk/button-sensor.o
 .text.button_sensor_init
                0x00200d30        0xc obj_cc2538dk/button-sensor.o
                0x00200d30                button_sensor_init
 .text.value    0x00200d3c       0x24 obj_cc2538dk/als-sensor.o
 .text.configure
                0x00200d60       0x54 obj_cc2538dk/als-sensor.o
 .text.update_ticks
                0x00200db4       0x4c obj_cc2538dk/clock.o
 .text.clock_init
                0x00200e00       0x4c obj_cc2538dk/clock.o
                0x00200e00                clock_init
 .text.clock_time
                0x00200e4c       0x14 obj_cc2538dk/clock.o
                0x00200e4c                clock_time
 .text.clock_seconds
                0x00200e60       0x14 obj_cc2538dk/clock.o
                0x00200e60                clock_seconds
 .text.clock_delay_usec
                0x00200e74       0x1c obj_cc2538dk/clock.o
                0x00200e74                clock_delay_usec
 .text.rtimer_arch_now
                0x00200e90       0x2c obj_cc2538dk/rtimer-arch.o
                0x00200e90                rtimer_arch_now
 .text.rtimer_arch_schedule
                0x00200ebc       0x58 obj_cc2538dk/rtimer-arch.o
                0x00200ebc                rtimer_arch_schedule
 .text.rtimer_isr
                0x00200f14       0x20 obj_cc2538dk/rtimer-arch.o
                0x00200f14                rtimer_isr
 .text.uart_isr
                0x00200f34       0x64 obj_cc2538dk/uart.o
 .text.uart_init
                0x00200f98      0x1ac obj_cc2538dk/uart.o
                0x00200f98                uart_init
 .text.uart_set_input
                0x00201144       0x10 obj_cc2538dk/uart.o
                0x00201144                uart_set_input
 .text.uart_write_byte
                0x00201154       0x1c obj_cc2538dk/uart.o
                0x00201154                uart_write_byte
 .text.watchdog_init
                0x00201170        0xc obj_cc2538dk/watchdog.o
                0x00201170                watchdog_init
 .text.watchdog_start
                0x0020117c        0xc obj_cc2538dk/watchdog.o
                0x0020117c                watchdog_start
 .text.watchdog_periodic
                0x00201188       0x10 obj_cc2538dk/watchdog.o
                0x00201188                watchdog_periodic
 .text.watchdog_reboot
                0x00201198       0x10 obj_cc2538dk/watchdog.o
                0x00201198                watchdog_reboot
 .text.nvic_init
                0x002011a8       0x10 obj_cc2538dk/nvic.o
                0x002011a8                nvic_init
 .text.sys_ctrl_init
                0x002011b8       0x74 obj_cc2538dk/sys-ctrl.o
                0x002011b8                sys_ctrl_init
 .text.gpio_register_callback
                0x0020122c       0x10 obj_cc2538dk/gpio.o
                0x0020122c                gpio_register_callback
 .text.notify   0x0020123c       0x30 obj_cc2538dk/gpio.o
                0x0020123c                notify
 .text.gpio_port_isr
                0x0020126c       0x48 obj_cc2538dk/gpio.o
 .text.gpio_init
                0x002012b4       0x10 obj_cc2538dk/gpio.o
                0x002012b4                gpio_init
 .text.ioc_init
                0x002012c4       0x1c obj_cc2538dk/ioc.o
                0x002012c4                ioc_init
 .text.ioc_set_over
                0x002012e0       0x14 obj_cc2538dk/ioc.o
                0x002012e0                ioc_set_over
 .text.ioc_set_sel
                0x002012f4       0x14 obj_cc2538dk/ioc.o
                0x002012f4                ioc_set_sel
 .text.adc_init
                0x00201308       0x10 obj_cc2538dk/adc.o
                0x00201308                adc_init
 .text.adc_get  0x00201318       0x78 obj_cc2538dk/adc.o
                0x00201318                adc_get
 .text.crypto_isr
                0x00201390       0x28 obj_cc2538dk/crypto.o
                0x00201390                crypto_isr
 .text.crypto_enable
                0x002013b8       0x20 obj_cc2538dk/crypto.o
                0x002013b8                crypto_enable
 .text.crypto_init
                0x002013d8       0x34 obj_cc2538dk/crypto.o
                0x002013d8                crypto_init
 .text.crypto_disable
                0x0020140c       0x20 obj_cc2538dk/crypto.o
                0x0020140c                crypto_disable
 .text.on       0x0020142c       0x2c obj_cc2538dk/cc2538-rf.o
 .text.off      0x00201458       0x40 obj_cc2538dk/cc2538-rf.o
 .text.set_channel
                0x00201498       0x48 obj_cc2538dk/cc2538-rf.o
 .text.channel_clear
                0x002014e0       0x3c obj_cc2538dk/cc2538-rf.o
 .text.receiving_packet
                0x0020151c       0x18 obj_cc2538dk/cc2538-rf.o
 .text.pending_packet
                0x00201534       0x10 obj_cc2538dk/cc2538-rf.o
 .text.get_value
                0x00201544      0x164 obj_cc2538dk/cc2538-rf.o
 .text.prepare  0x002016a8       0x64 obj_cc2538dk/cc2538-rf.o
 .text.transmit
                0x0020170c       0x98 obj_cc2538dk/cc2538-rf.o
 .text.set_frame_filtering
                0x002017a4       0x18 obj_cc2538dk/cc2538-rf.o
 .text.set_object
                0x002017bc       0x30 obj_cc2538dk/cc2538-rf.o
 .text.read     0x002017ec       0xe4 obj_cc2538dk/cc2538-rf.o
 .text.get_object
                0x002018d0      0x144 obj_cc2538dk/cc2538-rf.o
 .text.set_poll_mode
                0x00201a14       0x9c obj_cc2538dk/cc2538-rf.o
 .text.set_value
                0x00201ab0       0xe8 obj_cc2538dk/cc2538-rf.o
 .text.init     0x00201b98       0xc8 obj_cc2538dk/cc2538-rf.o
 .text.process_thread_cc2538_rf_process
                0x00201c60       0x90 obj_cc2538dk/cc2538-rf.o
 .text.cc2538_rf_rx_tx_isr
                0x00201cf0       0x24 obj_cc2538dk/cc2538-rf.o
                0x00201cf0                cc2538_rf_rx_tx_isr
 .text.cc2538_rf_err_isr
                0x00201d14       0x28 obj_cc2538dk/cc2538-rf.o
                0x00201d14                cc2538_rf_err_isr
 .text.udma_init
                0x00201d3c       0x34 obj_cc2538dk/udma.o
                0x00201d3c                udma_init
 .text.udma_set_channel_src
                0x00201d70       0x10 obj_cc2538dk/udma.o
                0x00201d70                udma_set_channel_src
 .text.udma_set_channel_dst
                0x00201d80       0x14 obj_cc2538dk/udma.o
                0x00201d80                udma_set_channel_dst
 .text.udma_set_channel_control_word
                0x00201d94       0x14 obj_cc2538dk/udma.o
                0x00201d94                udma_set_channel_control_word
 .text.udma_channel_enable
                0x00201da8       0x18 obj_cc2538dk/udma.o
                0x00201da8                udma_channel_enable
 .text.udma_channel_mask_set
                0x00201dc0       0x18 obj_cc2538dk/udma.o
                0x00201dc0                udma_channel_mask_set
 .text.udma_channel_sw_request
                0x00201dd8       0x18 obj_cc2538dk/udma.o
                0x00201dd8                udma_channel_sw_request
 .text.udma_channel_get_mode
                0x00201df0       0x1c obj_cc2538dk/udma.o
                0x00201df0                udma_channel_get_mode
 .text.udma_isr
                0x00201e0c       0x10 obj_cc2538dk/udma.o
                0x00201e0c                udma_isr
 .text.udma_err_isr
                0x00201e1c        0xc obj_cc2538dk/udma.o
                0x00201e1c                udma_err_isr
 .text.pka_isr  0x00201e28       0x28 obj_cc2538dk/pka.o
                0x00201e28                pka_isr
 .text.ieee_addr_cpy_to
                0x00201e50       0x74 obj_cc2538dk/ieee-addr.o
                0x00201e50                ieee_addr_cpy_to
 .text.i2c_master_enable
                0x00201ec4       0x10 obj_cc2538dk/i2c.o
                0x00201ec4                i2c_master_enable
 .text.i2c_set_frequency
                0x00201ed4       0x1c obj_cc2538dk/i2c.o
                0x00201ed4                i2c_set_frequency
 .text.i2c_init
                0x00201ef0       0xc8 obj_cc2538dk/i2c.o
                0x00201ef0                i2c_init
 .text.i2c_master_command
                0x00201fb8       0x10 obj_cc2538dk/i2c.o
                0x00201fb8                i2c_master_command
 .text.i2c_master_busy
                0x00201fc8       0x10 obj_cc2538dk/i2c.o
                0x00201fc8                i2c_master_busy
 .text.i2c_master_error
                0x00201fd8       0x1c obj_cc2538dk/i2c.o
                0x00201fd8                i2c_master_error
 .text.i2c_single_send
                0x00201ff4       0x28 obj_cc2538dk/i2c.o
                0x00201ff4                i2c_single_send
 .text.i2c_single_receive
                0x0020201c       0x38 obj_cc2538dk/i2c.o
                0x0020201c                i2c_single_receive
 .text.i2c_burst_send
                0x00202054       0x94 obj_cc2538dk/i2c.o
                0x00202054                i2c_burst_send
 .text.i2c_burst_receive
                0x002020e8       0x94 obj_cc2538dk/i2c.o
                0x002020e8                i2c_burst_receive
 .text.process_thread_ctimer_process
                0x0020217c       0x80 obj_cc2538dk/ctimer.o
 .text.ctimer_init
                0x002021fc       0x28 obj_cc2538dk/ctimer.o
                0x002021fc                ctimer_init
 .text.ctimer_set_with_process
                0x00202224       0x44 obj_cc2538dk/ctimer.o
                0x00202224                ctimer_set_with_process
 .text.ctimer_set
                0x00202268       0x14 obj_cc2538dk/ctimer.o
                0x00202268                ctimer_set
 .text.ctimer_reset
                0x0020227c       0x38 obj_cc2538dk/ctimer.o
                0x0020227c                ctimer_reset
 .text.ctimer_restart
                0x002022b4       0x38 obj_cc2538dk/ctimer.o
                0x002022b4                ctimer_restart
 .text.ctimer_stop
                0x002022ec       0x2c obj_cc2538dk/ctimer.o
                0x002022ec                ctimer_stop
 .text.stimer_expired
                0x00202318       0x20 obj_cc2538dk/stimer.o
                0x00202318                stimer_expired
 .text.update_time
                0x00202338       0x44 obj_cc2538dk/etimer.o
 .text.etimer_request_poll
                0x0020237c        0xc obj_cc2538dk/etimer.o
                0x0020237c                etimer_request_poll
 .text.process_thread_etimer_process
                0x00202388       0x94 obj_cc2538dk/etimer.o
 .text.add_timer
                0x0020241c       0x40 obj_cc2538dk/etimer.o
 .text.etimer_pending
                0x0020245c       0x10 obj_cc2538dk/etimer.o
                0x0020245c                etimer_pending
 .text.etimer_stop
                0x0020246c       0x34 obj_cc2538dk/etimer.o
                0x0020246c                etimer_stop
 .text.call_process.part.0
                0x002024a0       0x38 obj_cc2538dk/process.o
 .text.exit_process
                0x002024d8       0x80 obj_cc2538dk/process.o
 .text.do_poll  0x00202558       0x30 obj_cc2538dk/process.o
 .text.process_alloc_event
                0x00202588       0x10 obj_cc2538dk/process.o
                0x00202588                process_alloc_event
 .text.process_init
                0x00202598       0x30 obj_cc2538dk/process.o
                0x00202598                process_init
 .text.process_run
                0x002025c8       0x84 obj_cc2538dk/process.o
                0x002025c8                process_run
 .text.process_post
                0x0020264c       0x3c obj_cc2538dk/process.o
                0x0020264c                process_post
 .text.process_post_synch
                0x00202688       0x14 obj_cc2538dk/process.o
                0x00202688                process_post_synch
 .text.process_start
                0x0020269c       0x30 obj_cc2538dk/process.o
                0x0020269c                process_start
 .text.process_poll
                0x002026cc       0x18 obj_cc2538dk/process.o
                0x002026cc                process_poll
 .text.rtimer_run_next
                0x002026e4       0x28 obj_cc2538dk/rtimer.o
                0x002026e4                rtimer_run_next
 .text.process_thread_serial_line_process
                0x0020270c       0x98 obj_cc2538dk/serial-line.o
 .text.serial_line_input_byte
                0x002027a4       0x44 obj_cc2538dk/serial-line.o
                0x002027a4                serial_line_input_byte
 .text.serial_line_init
                0x002027e8       0x24 obj_cc2538dk/serial-line.o
                0x002027e8                serial_line_init
 .text.random_rand
                0x0020280c       0x20 obj_cc2538dk/random.o
                0x0020280c                random_rand
 .text.random_init
                0x0020282c       0x78 obj_cc2538dk/random.o
                0x0020282c                random_init
 .text.echo_reply_input
                0x002028a4       0x94 obj_cc2538dk/uip-icmp6.o
 .text.echo_request_input
                0x00202938       0xc8 obj_cc2538dk/uip-icmp6.o
 .text.uip_icmp6_input
                0x00202a00       0x38 obj_cc2538dk/uip-icmp6.o
                0x00202a00                uip_icmp6_input
 .text.uip_icmp6_register_input_handler
                0x00202a38        0xc obj_cc2538dk/uip-icmp6.o
                0x00202a38                uip_icmp6_register_input_handler
 .text.uip_icmp6_error_output
                0x00202a44      0x144 obj_cc2538dk/uip-icmp6.o
                0x00202a44                uip_icmp6_error_output
 .text.uip_icmp6_send
                0x00202b88       0x8c obj_cc2538dk/uip-icmp6.o
                0x00202b88                uip_icmp6_send
 .text.uip_icmp6_init
                0x00202c14       0x1c obj_cc2538dk/uip-icmp6.o
                0x00202c14                uip_icmp6_init
 .text.uip_ds6_prefix_add
                0x00202c30       0x64 obj_cc2538dk/uip-ds6.o
                0x00202c30                uip_ds6_prefix_add
 .text.uip_ds6_is_addr_onlink
                0x00202c94       0x40 obj_cc2538dk/uip-ds6.o
                0x00202c94                uip_ds6_is_addr_onlink
 .text.uip_ds6_addr_lookup
                0x00202cd4       0x2c obj_cc2538dk/uip-ds6.o
                0x00202cd4                uip_ds6_addr_lookup
 .text.uip_ds6_get_link_local
                0x00202d00       0x40 obj_cc2538dk/uip-ds6.o
                0x00202d00                uip_ds6_get_link_local
 .text.uip_ds6_maddr_add
                0x00202d40       0x4c obj_cc2538dk/uip-ds6.o
                0x00202d40                uip_ds6_maddr_add
 .text.uip_ds6_addr_add
                0x00202d8c       0x94 obj_cc2538dk/uip-ds6.o
                0x00202d8c                uip_ds6_addr_add
 .text.uip_ds6_maddr_lookup
                0x00202e20       0x2c obj_cc2538dk/uip-ds6.o
                0x00202e20                uip_ds6_maddr_lookup
 .text.uip_ds6_addr_rm
                0x00202e4c       0x44 obj_cc2538dk/uip-ds6.o
                0x00202e4c                uip_ds6_addr_rm
 .text.uip_ds6_periodic
                0x00202e90       0x4c obj_cc2538dk/uip-ds6.o
                0x00202e90                uip_ds6_periodic
 .text.uip_ds6_select_src
                0x00202edc       0x94 obj_cc2538dk/uip-ds6.o
                0x00202edc                uip_ds6_select_src
 .text.uip_ds6_compute_reachable_time
                0x00202f70       0x28 obj_cc2538dk/uip-ds6.o
                0x00202f70                uip_ds6_compute_reachable_time
 .text.uip_ds6_init
                0x00202f98       0xe0 obj_cc2538dk/uip-ds6.o
                0x00202f98                uip_ds6_init
 .text.uip_ds6_route_init
                0x00203078       0x1c obj_cc2538dk/uip-ds6-route.o
                0x00203078                uip_ds6_route_init
 .text.uip_ds6_defrt_rm
                0x00203094       0x38 obj_cc2538dk/uip-ds6-route.o
                0x00203094                uip_ds6_defrt_rm
 .text.uip_ds6_defrt_lookup
                0x002030cc       0x2c obj_cc2538dk/uip-ds6-route.o
                0x002030cc                uip_ds6_defrt_lookup
 .text.uip_ds6_defrt_add
                0x002030f8       0x58 obj_cc2538dk/uip-ds6-route.o
                0x002030f8                uip_ds6_defrt_add
 .text.uip_ds6_defrt_choose
                0x00203150       0x30 obj_cc2538dk/uip-ds6-route.o
                0x00203150                uip_ds6_defrt_choose
 .text.uip_ds6_defrt_periodic
                0x00203180       0x30 obj_cc2538dk/uip-ds6-route.o
                0x00203180                uip_ds6_defrt_periodic
 .text.upper_layer_chksum
                0x002031b0       0x54 obj_cc2538dk/uip6.o
 .text.ext_hdr_options_process
                0x00203204       0xac obj_cc2538dk/uip6.o
 .text.uip_add32
                0x002032b0       0x54 obj_cc2538dk/uip6.o
                0x002032b0                uip_add32
 .text.unlikely.uip_add_rcv_nxt
                0x00203304       0x2c obj_cc2538dk/uip6.o
 .text.uip_init
                0x00203330       0x5c obj_cc2538dk/uip6.o
                0x00203330                uip_init
 .text.remove_ext_hdr
                0x0020338c       0x5c obj_cc2538dk/uip6.o
                0x0020338c                remove_ext_hdr
 .text.uip_udp_new
                0x002033e8       0x88 obj_cc2538dk/uip6.o
                0x002033e8                uip_udp_new
 .text.uip_unlisten
                0x00203470       0x20 obj_cc2538dk/uip6.o
                0x00203470                uip_unlisten
 .text.uip_process
                0x00203490      0xd5c obj_cc2538dk/uip6.o
                0x00203490                uip_process
 .text.uip_ds6_nbr_rm
                0x002041ec       0x20 obj_cc2538dk/uip-ds6-nbr.o
                0x002041ec                uip_ds6_nbr_rm
 .text.uip_ds6_neighbors_init
                0x0020420c       0x1c obj_cc2538dk/uip-ds6-nbr.o
                0x0020420c                uip_ds6_neighbors_init
 .text.uip_ds6_nbr_add
                0x00204228       0x3c obj_cc2538dk/uip-ds6-nbr.o
                0x00204228                uip_ds6_nbr_add
 .text.uip_ds6_nbr_get_ll
                0x00204264       0x10 obj_cc2538dk/uip-ds6-nbr.o
                0x00204264                uip_ds6_nbr_get_ll
 .text.uip_ds6_nbr_lookup
                0x00204274       0x38 obj_cc2538dk/uip-ds6-nbr.o
                0x00204274                uip_ds6_nbr_lookup
 .text.uip_ds6_nbr_ll_lookup
                0x002042ac       0x10 obj_cc2538dk/uip-ds6-nbr.o
                0x002042ac                uip_ds6_nbr_ll_lookup
 .text.uip_ds6_link_neighbor_callback
                0x002042bc       0x34 obj_cc2538dk/uip-ds6-nbr.o
                0x002042bc                uip_ds6_link_neighbor_callback
 .text.clear_fragments
                0x002042f0       0x3c obj_cc2538dk/sicslowpan.o
 .text.sicslowpan_init
                0x0020432c       0x24 obj_cc2538dk/sicslowpan.o
                0x0020432c                sicslowpan_init
 .text.compress_addr_64
                0x00204350       0x90 obj_cc2538dk/sicslowpan.o
 .text.set_packet_attrs
                0x002043e0       0x44 obj_cc2538dk/sicslowpan.o
 .text.addr_context_lookup_by_prefix
                0x00204424       0x28 obj_cc2538dk/sicslowpan.o
 .text.send_packet
                0x0020444c       0x24 obj_cc2538dk/sicslowpan.o
 .text.packet_sent
                0x00204470       0x28 obj_cc2538dk/sicslowpan.o
 .text.store_fragment
                0x00204498       0x58 obj_cc2538dk/sicslowpan.o
 .text.uncompress_addr
                0x002044f0       0xa4 obj_cc2538dk/sicslowpan.o
 .text.output   0x00204594      0x6a0 obj_cc2538dk/sicslowpan.o
 .text.add_fragment
                0x00204c34      0x124 obj_cc2538dk/sicslowpan.o
 .text.input    0x00204d58      0x5b0 obj_cc2538dk/sicslowpan.o
 .text.uip_udp_packet_send
                0x00205308       0x38 obj_cc2538dk/uip-udp-packet.o
                0x00205308                uip_udp_packet_send
 .text.start_periodic_tcp_timer
                0x00205340       0x1c obj_cc2538dk/tcpip.o
 .text.tcpip_output
                0x0020535c       0x10 obj_cc2538dk/tcpip.o
                0x0020535c                tcpip_output
 .text.tcpip_set_outputfunc
                0x0020536c        0xc obj_cc2538dk/tcpip.o
                0x0020536c                tcpip_set_outputfunc
 .text.udp_new  0x00205378       0x18 obj_cc2538dk/tcpip.o
                0x00205378                udp_new
 .text.tcpip_icmp6_call
                0x00205390       0x28 obj_cc2538dk/tcpip.o
                0x00205390                tcpip_icmp6_call
 .text.tcpip_input
                0x002053b8       0x24 obj_cc2538dk/tcpip.o
                0x002053b8                tcpip_input
 .text.tcpip_ipv6_output
                0x002053dc       0xc4 obj_cc2538dk/tcpip.o
                0x002053dc                tcpip_ipv6_output
 .text.process_thread_tcpip_process
                0x002054a0      0x1ac obj_cc2538dk/tcpip.o
 .text.tcpip_uipcall
                0x0020564c       0x68 obj_cc2538dk/tcpip.o
                0x0020564c                tcpip_uipcall
 .text.update_nbr
                0x002056b4      0x10c obj_cc2538dk/rpl-nbr-policy.o
 .text.handle_periodic_timer
                0x002057c0       0x14 obj_cc2538dk/rpl-nbr-policy.o
 .text.find_removable_dis
                0x002057d4       0x20 obj_cc2538dk/rpl-nbr-policy.o
                0x002057d4                find_removable_dis
 .text.find_removable_dio
                0x002057f4       0x40 obj_cc2538dk/rpl-nbr-policy.o
                0x002057f4                find_removable_dio
 .text.find_removable_dao
                0x00205834       0x38 obj_cc2538dk/rpl-nbr-policy.o
                0x00205834                find_removable_dao
 .text.rpl_nbr_policy_find_removable
                0x0020586c       0x28 obj_cc2538dk/rpl-nbr-policy.o
                0x0020586c                rpl_nbr_policy_find_removable
 .text.rpl_set_preferred_parent
                0x00205894       0x28 obj_cc2538dk/rpl-dag.o
 .text.set_ip_from_prefix
                0x002058bc       0x2c obj_cc2538dk/rpl-dag.o
 .text.find_parent_any_dag_any_instance
                0x002058e8       0x1c obj_cc2538dk/rpl-dag.o
 .text.rpl_dag_init
                0x00205904       0x14 obj_cc2538dk/rpl-dag.o
                0x00205904                rpl_dag_init
 .text.rpl_get_parent
                0x00205918       0x10 obj_cc2538dk/rpl-dag.o
                0x00205918                rpl_get_parent
 .text.rpl_get_parent_lladdr
                0x00205928       0x10 obj_cc2538dk/rpl-dag.o
                0x00205928                rpl_get_parent_lladdr
 .text.best_parent
                0x00205938       0x74 obj_cc2538dk/rpl-dag.o
 .text.rpl_alloc_instance
                0x002059ac       0x34 obj_cc2538dk/rpl-dag.o
                0x002059ac                rpl_alloc_instance
 .text.rpl_add_parent
                0x002059e0       0x30 obj_cc2538dk/rpl-dag.o
                0x002059e0                rpl_add_parent
 .text.rpl_remove_parent
                0x00205a10       0x1c obj_cc2538dk/rpl-dag.o
                0x00205a10                rpl_remove_parent
 .text.remove_parents.constprop.4
                0x00205a2c       0x2c obj_cc2538dk/rpl-dag.o
 .text.rpl_get_dag
                0x00205a58       0x3c obj_cc2538dk/rpl-dag.o
                0x00205a58                rpl_get_dag
 .text.rpl_get_any_dag
                0x00205a94       0x18 obj_cc2538dk/rpl-dag.o
                0x00205a94                rpl_get_any_dag
 .text.rpl_get_instance
                0x00205aac       0x20 obj_cc2538dk/rpl-dag.o
                0x00205aac                rpl_get_instance
 .text.rpl_find_of
                0x00205acc       0x14 obj_cc2538dk/rpl-dag.o
                0x00205acc                rpl_find_of
 .text.rpl_join_instance
                0x00205ae0      0x140 obj_cc2538dk/rpl-dag.o
                0x00205ae0                rpl_join_instance
 .text.rpl_local_repair
                0x00205c20       0x70 obj_cc2538dk/rpl-dag.o
                0x00205c20                rpl_local_repair
 .text.rpl_recalculate_ranks
                0x00205c90       0x3c obj_cc2538dk/rpl-dag.o
                0x00205c90                rpl_recalculate_ranks
 .text.new_dio_interval
                0x00205ccc       0x58 obj_cc2538dk/rpl-timers.o
 .text.handle_periodic_timer
                0x00205d24       0x4c obj_cc2538dk/rpl-timers.o
 .text.set_dao_lifetime_timer
                0x00205d70       0x4c obj_cc2538dk/rpl-timers.o
 .text.handle_dio_timer
                0x00205dbc       0x80 obj_cc2538dk/rpl-timers.o
 .text.schedule_dao
                0x00205e3c       0x54 obj_cc2538dk/rpl-timers.o
 .text.handle_dao_timer
                0x00205e90       0x58 obj_cc2538dk/rpl-timers.o
 .text.rpl_reset_periodic_timer
                0x00205ee8       0x34 obj_cc2538dk/rpl-timers.o
                0x00205ee8                rpl_reset_periodic_timer
 .text.rpl_schedule_unicast_dio_immediately
                0x00205f1c       0x14 obj_cc2538dk/rpl-timers.o
                0x00205f1c                rpl_schedule_unicast_dio_immediately
 .text.get_probing_target
                0x00205f30       0xd4 obj_cc2538dk/rpl-timers.o
                0x00205f30                get_probing_target
 .text.rpl_schedule_probing
                0x00206004       0x20 obj_cc2538dk/rpl-timers.o
                0x00206004                rpl_schedule_probing
 .text.update_hbh_header
                0x00206024       0x68 obj_cc2538dk/rpl-ext-header.o
 .text.insert_hbh_header
                0x0020608c       0xb0 obj_cc2538dk/rpl-ext-header.o
 .text.rpl_verify_hbh_header
                0x0020613c       0xf4 obj_cc2538dk/rpl-ext-header.o
                0x0020613c                rpl_verify_hbh_header
 .text.rpl_srh_get_next_hop
                0x00206230       0xb8 obj_cc2538dk/rpl-ext-header.o
                0x00206230                rpl_srh_get_next_hop
 .text.rpl_process_srh_header
                0x002062e8       0xd8 obj_cc2538dk/rpl-ext-header.o
                0x002062e8                rpl_process_srh_header
 .text.rpl_remove_header
                0x002063c0       0x7c obj_cc2538dk/rpl-ext-header.o
                0x002063c0                rpl_remove_header
 .text.rpl_update_header
                0x0020643c      0x228 obj_cc2538dk/rpl-ext-header.o
                0x0020643c                rpl_update_header
 .text.rpl_get_mode
                0x00206664        0xc obj_cc2538dk/rpl.o
                0x00206664                rpl_get_mode
 .text.rpl_link_neighbor_callback
                0x00206670       0x54 obj_cc2538dk/rpl.o
                0x00206670                rpl_link_neighbor_callback
 .text.rpl_ipv6_neighbor_callback
                0x002066c4       0x28 obj_cc2538dk/rpl.o
                0x002066c4                rpl_ipv6_neighbor_callback
 .text.rpl_purge_dags
                0x002066ec       0x3c obj_cc2538dk/rpl.o
                0x002066ec                rpl_purge_dags
 .text.rpl_init
                0x00206728       0x50 obj_cc2538dk/rpl.o
                0x00206728                rpl_init
 .text.rpl_ns_get_node
                0x00206778       0x2c obj_cc2538dk/rpl-ns.o
                0x00206778                rpl_ns_get_node
 .text.rpl_ns_update_node
                0x002067a4       0xa4 obj_cc2538dk/rpl-ns.o
                0x002067a4                rpl_ns_update_node
 .text.rpl_ns_init
                0x00206848       0x24 obj_cc2538dk/rpl-ns.o
                0x00206848                rpl_ns_init
 .text.rpl_ns_periodic
                0x0020686c       0x6c obj_cc2538dk/rpl-ns.o
                0x0020686c                rpl_ns_periodic
 .text.dao_ack_input
                0x002068d8       0x14 obj_cc2538dk/rpl-icmp6.o
 .text.dao_input
                0x002068ec      0x118 obj_cc2538dk/rpl-icmp6.o
 .text.dio_input
                0x00206a04      0x250 obj_cc2538dk/rpl-icmp6.o
 .text.dis_output
                0x00206c54       0x54 obj_cc2538dk/rpl-icmp6.o
                0x00206c54                dis_output
 .text.dio_output
                0x00206ca8      0x218 obj_cc2538dk/rpl-icmp6.o
                0x00206ca8                dio_output
 .text.dis_input
                0x00206ec0       0x50 obj_cc2538dk/rpl-icmp6.o
 .text.dao_output_target
                0x00206f10      0x100 obj_cc2538dk/rpl-icmp6.o
                0x00206f10                dao_output_target
 .text.dao_output
                0x00207010       0x90 obj_cc2538dk/rpl-icmp6.o
                0x00207010                dao_output
 .text.rpl_icmp6_register_handlers
                0x002070a0       0x30 obj_cc2538dk/rpl-icmp6.o
                0x002070a0                rpl_icmp6_register_handlers
 .text.queuebuf_init
                0x002070d0       0x1c obj_cc2538dk/queuebuf.o
                0x002070d0                queuebuf_init
 .text.queuebuf_numfree
                0x002070ec        0xc obj_cc2538dk/queuebuf.o
                0x002070ec                queuebuf_numfree
 .text.queuebuf_new_from_packetbuf
                0x002070f8       0x44 obj_cc2538dk/queuebuf.o
                0x002070f8                queuebuf_new_from_packetbuf
 .text.queuebuf_free
                0x0020713c       0x2c obj_cc2538dk/queuebuf.o
                0x0020713c                queuebuf_free
 .text.queuebuf_to_packetbuf
                0x00207168       0x30 obj_cc2538dk/queuebuf.o
                0x00207168                queuebuf_to_packetbuf
 .text.key_from_index
                0x00207198       0x18 obj_cc2538dk/nbr-table.o
 .text.index_from_key
                0x002071b0       0x20 obj_cc2538dk/nbr-table.o
 .text.index_from_lladdr
                0x002071d0       0x40 obj_cc2538dk/nbr-table.o
 .text.nbr_get_bit.constprop.0
                0x00207210       0x30 obj_cc2538dk/nbr-table.o
 .text.remove_key
                0x00207240       0x58 obj_cc2538dk/nbr-table.o
 .text.nbr_table_register
                0x00207298       0x28 obj_cc2538dk/nbr-table.o
                0x00207298                nbr_table_register
 .text.nbr_table_head
                0x002072c0       0x34 obj_cc2538dk/nbr-table.o
                0x002072c0                nbr_table_head
 .text.nbr_table_add_lladdr
                0x002072f4      0x114 obj_cc2538dk/nbr-table.o
                0x002072f4                nbr_table_add_lladdr
 .text.nbr_table_remove
                0x00207408       0x2c obj_cc2538dk/nbr-table.o
                0x00207408                nbr_table_remove
 .text.nbr_table_lock
                0x00207434       0x14 obj_cc2538dk/nbr-table.o
                0x00207434                nbr_table_lock
 .text.nbr_table_unlock
                0x00207448       0x14 obj_cc2538dk/nbr-table.o
                0x00207448                nbr_table_unlock
 .text.packetbuf_hdrreduce
                0x0020745c       0x2c obj_cc2538dk/packetbuf.o
                0x0020745c                packetbuf_hdrreduce
 .text.packetbuf_set_datalen
                0x00207488        0xc obj_cc2538dk/packetbuf.o
                0x00207488                packetbuf_set_datalen
 .text.packetbuf_hdrptr
                0x00207494        0x8 obj_cc2538dk/packetbuf.o
                0x00207494                packetbuf_hdrptr
 .text.packetbuf_datalen
                0x0020749c        0xc obj_cc2538dk/packetbuf.o
                0x0020749c                packetbuf_datalen
 .text.packetbuf_hdrlen
                0x002074a8       0x18 obj_cc2538dk/packetbuf.o
                0x002074a8                packetbuf_hdrlen
 .text.packetbuf_dataptr
                0x002074c0       0x10 obj_cc2538dk/packetbuf.o
                0x002074c0                packetbuf_dataptr
 .text.packetbuf_copyto
                0x002074d0       0x40 obj_cc2538dk/packetbuf.o
                0x002074d0                packetbuf_copyto
 .text.packetbuf_totlen
                0x00207510       0x14 obj_cc2538dk/packetbuf.o
                0x00207510                packetbuf_totlen
 .text.packetbuf_hdralloc
                0x00207524       0x3c obj_cc2538dk/packetbuf.o
                0x00207524                packetbuf_hdralloc
 .text.packetbuf_attr_clear
                0x00207560       0x34 obj_cc2538dk/packetbuf.o
                0x00207560                packetbuf_attr_clear
 .text.packetbuf_clear
                0x00207594       0x20 obj_cc2538dk/packetbuf.o
                0x00207594                packetbuf_clear
 .text.packetbuf_copyfrom
                0x002075b4       0x2c obj_cc2538dk/packetbuf.o
                0x002075b4                packetbuf_copyfrom
 .text.packetbuf_attr_copyto
                0x002075e0       0x34 obj_cc2538dk/packetbuf.o
                0x002075e0                packetbuf_attr_copyto
 .text.packetbuf_attr_copyfrom
                0x00207614       0x34 obj_cc2538dk/packetbuf.o
                0x00207614                packetbuf_attr_copyfrom
 .text.packetbuf_set_attr
                0x00207648       0x10 obj_cc2538dk/packetbuf.o
                0x00207648                packetbuf_set_attr
 .text.packetbuf_attr
                0x00207658        0xc obj_cc2538dk/packetbuf.o
                0x00207658                packetbuf_attr
 .text.packetbuf_set_addr
                0x00207664       0x18 obj_cc2538dk/packetbuf.o
                0x00207664                packetbuf_set_addr
 .text.packetbuf_addr
                0x0020767c       0x10 obj_cc2538dk/packetbuf.o
                0x0020767c                packetbuf_addr
 .text.packetbuf_holds_broadcast
                0x0020768c       0x10 obj_cc2538dk/packetbuf.o
                0x0020768c                packetbuf_holds_broadcast
 .text.netstack_init
                0x0020769c       0x38 obj_cc2538dk/netstack.o
                0x0020769c                netstack_init
 .text.periodic
                0x002076d4       0x2c obj_cc2538dk/link-stats.o
 .text.link_stats_from_lladdr
                0x00207700        0xc obj_cc2538dk/link-stats.o
                0x00207700                link_stats_from_lladdr
 .text.link_stats_packet_sent
                0x0020770c       0x78 obj_cc2538dk/link-stats.o
                0x0020770c                link_stats_packet_sent
 .text.link_stats_input_callback
                0x00207784       0x4c obj_cc2538dk/link-stats.o
                0x00207784                link_stats_input_callback
 .text.link_stats_init
                0x002077d0       0x28 obj_cc2538dk/link-stats.o
                0x002077d0                link_stats_init
 .text.mac_sequence_is_duplicate
                0x002077f8       0x4c obj_cc2538dk/mac-sequence.o
                0x002077f8                mac_sequence_is_duplicate
 .text.mac_sequence_register_seqno
                0x00207844       0x64 obj_cc2538dk/mac-sequence.o
                0x00207844                mac_sequence_register_seqno
 .text.input_packet
                0x002078a8        0xc obj_cc2538dk/csma.o
 .text.on       0x002078b4        0xc obj_cc2538dk/csma.o
 .text.off      0x002078c0        0xc obj_cc2538dk/csma.o
 .text.channel_check_interval
                0x002078cc       0x10 obj_cc2538dk/csma.o
 .text.transmit_packet_list
                0x002078dc       0x30 obj_cc2538dk/csma.o
 .text.schedule_transmission
                0x0020790c       0x4c obj_cc2538dk/csma.o
 .text.send_packet
                0x00207958      0x138 obj_cc2538dk/csma.o
 .text.init     0x00207a90       0x24 obj_cc2538dk/csma.o
 .text.tx_done  0x00207ab4       0x84 obj_cc2538dk/csma.o
 .text.frame802154_get_pan_id
                0x00207b38        0xc obj_cc2538dk/frame802154.o
                0x00207b38                frame802154_get_pan_id
 .text.frame802154_parse
                0x00207b44      0x174 obj_cc2538dk/frame802154.o
                0x00207b44                frame802154_parse
 .text.create_frame.isra.0
                0x00207cb8      0x128 obj_cc2538dk/framer-802154.o
 .text.on       0x00207de0        0xc obj_cc2538dk/nullrdc.o
 .text.send_one_packet
                0x00207dec      0x118 obj_cc2538dk/nullrdc.o
 .text.off      0x00207f04       0x18 obj_cc2538dk/nullrdc.o
 .text.packet_input
                0x00207f1c       0x54 obj_cc2538dk/nullrdc.o
 .text.input    0x00207f70        0xc obj_cc2538dk/nullsec.o
 .text.send     0x00207f7c       0x20 obj_cc2538dk/nullsec.o
 .text.get_next_hop_addr
                0x00207f9c       0x28 udp-echo-server.co
 .text.get_radio_parameter
                0x00207fc4       0x40 udp-echo-server.co
 .text.process_sensor.isra.4
                0x00208004       0x7c udp-echo-server.co
 .text.send_asyn_msg
                0x00208080       0xa0 udp-echo-server.co
 .text.uart0_input_byte
                0x00208120       0x4c udp-echo-server.co
 .text.send_reply
                0x0020816c       0x80 udp-echo-server.co
 .text.process_req_cmd
                0x002081ec      0x1a4 udp-echo-server.co
 .text.process_thread_udp_echo_server_process
                0x00208390      0x680 udp-echo-server.co
 .text.hash     0x00208a10       0x4c obj_cc2538dk/util.o
                0x00208a10                hash
 .text          0x00208a5c       0x30 /usr/lib/gcc/arm-none-eabi/4.9.3/armv7-m/libgcc.a(_aeabi_uldivmod.o)
                0x00208a5c                __aeabi_uldivmod
 .text          0x00208a8c       0x60 /usr/lib/gcc/arm-none-eabi/4.9.3/armv7-m/libgcc.a(bpabi.o)
                0x00208a8c                __gnu_ldivmod_helper
                0x00208abc                __gnu_uldivmod_helper
 .text          0x00208aec        0x4 /usr/lib/gcc/arm-none-eabi/4.9.3/armv7-m/libgcc.a(_dvmd_tls.o)
                0x00208aec                __aeabi_ldiv0
                0x00208aec                __aeabi_idiv0
 .text          0x00208af0      0x2ac /usr/lib/gcc/arm-none-eabi/4.9.3/armv7-m/libgcc.a(_divdi3.o)
                0x00208af0                __divdi3
 .text          0x00208d9c      0x270 /usr/lib/gcc/arm-none-eabi/4.9.3/armv7-m/libgcc.a(_udivdi3.o)
                0x00208d9c                __udivdi3
 .text.memcmp   0x0020900c       0x64 /usr/lib/gcc/arm-none-eabi/4.9.3/../../../arm-none-eabi/lib/armv7-m/libc.a(lib_a-memcmp.o)
                0x0020900c                memcmp
 .text          0x00209070       0xec /usr/lib/gcc/arm-none-eabi/4.9.3/../../../arm-none-eabi/lib/armv7-m/libc.a(lib_a-memcpy.o)
                0x00209070                memcpy
 .text.memmove  0x0020915c       0xc8 /usr/lib/gcc/arm-none-eabi/4.9.3/../../../arm-none-eabi/lib/armv7-m/libc.a(lib_a-memmove.o)
                0x0020915c                memmove
 .text.memset   0x00209224       0x9c /usr/lib/gcc/arm-none-eabi/4.9.3/../../../arm-none-eabi/lib/armv7-m/libc.a(lib_a-memset.o)
                0x00209224                memset
 .text.default_handler
                0x002092c0        0x2 obj_cc2538dk/startup-gcc.o
                0x002092c0                default_handler
 .text.nmi_handler
                0x002092c2        0x6 obj_cc2538dk/startup-gcc.o
                0x002092c2                nmi_handler
 .text.tsl256x_write_reg
                0x002092c8       0x28 obj_cc2538dk/tsl256x.o
 .text.tsl256x_clear_interrupt
                0x002092f0       0x1e obj_cc2538dk/tsl256x.o
 .text.tsl256x_read_reg
                0x0020930e       0x38 obj_cc2538dk/tsl256x.o
 .text.bmpx8x_read_reg
                0x00209346       0x40 obj_cc2538dk/bmpx8x.o
 .text.bmpx8x_read_uncompensated_temperature
                0x00209386       0x4e obj_cc2538dk/bmpx8x.o
 .text.si7021_readHumd
                0x002093d4       0x34 obj_cc2538dk/si7021.o
                0x002093d4                si7021_readHumd
 .text.si7021_calculateCRC
                0x00209408       0x40 obj_cc2538dk/si7021.o
                0x00209408                si7021_calculateCRC
 .text.si7021_readTemp
                0x00209448       0x4e obj_cc2538dk/si7021.o
                0x00209448                si7021_readTemp
 .text.fade     0x00209496       0x54 obj_cc2538dk/contiki-main.o
 .text.config   0x002094ea       0x40 obj_cc2538dk/button-sensor.o
 .text.status   0x0020952a        0x4 obj_cc2538dk/als-sensor.o
 .text.clock_delay
                0x0020952e        0x6 obj_cc2538dk/clock.o
                0x0020952e                clock_delay
 .text.clock_isr
                0x00209534        0x4 obj_cc2538dk/clock.o
                0x00209534                clock_isr
 .text.rtimer_arch_init
                0x00209538        0x2 obj_cc2538dk/rtimer-arch.o
                0x00209538                rtimer_arch_init
 .text.uart0_isr
                0x0020953a        0x6 obj_cc2538dk/uart.o
                0x0020953a                uart0_isr
 .text.uart1_isr
                0x00209540        0x6 obj_cc2538dk/uart.o
                0x00209540                uart1_isr
 .text.gpio_port_a_isr
                0x00209546        0x6 obj_cc2538dk/gpio.o
                0x00209546                gpio_port_a_isr
 .text.gpio_port_b_isr
                0x0020954c        0x6 obj_cc2538dk/gpio.o
                0x0020954c                gpio_port_b_isr
 .text.gpio_port_c_isr
                0x00209552        0x6 obj_cc2538dk/gpio.o
                0x00209552                gpio_port_c_isr
 .text.gpio_port_d_isr
                0x00209558        0x6 obj_cc2538dk/gpio.o
                0x00209558                gpio_port_d_isr
 .text.send     0x0020955e       0x12 obj_cc2538dk/cc2538-rf.o
 .text.putchar  0x00209570       0x10 obj_cc2538dk/dbg.o
                0x00209570                putchar
 .text.puts     0x00209580       0x20 obj_cc2538dk/dbg.o
                0x00209580                puts
 .text.configure
                0x002095a0        0x4 obj_cc2538dk/cc2538-temp-sensor.o
 .text.status   0x002095a4        0x4 obj_cc2538dk/cc2538-temp-sensor.o
 .text.value    0x002095a8       0x34 obj_cc2538dk/cc2538-temp-sensor.o
 .text.configure
                0x002095dc        0x4 obj_cc2538dk/vdd3-sensor.o
 .text.status   0x002095e0        0x4 obj_cc2538dk/vdd3-sensor.o
 .text.value    0x002095e4       0x2a obj_cc2538dk/vdd3-sensor.o
 .text.autostart_start
                0x0020960e       0x14 obj_cc2538dk/autostart.o
                0x0020960e                autostart_start
 .text.energest_init
                0x00209622        0x2 obj_cc2538dk/energest.o
                0x00209622                energest_init
 .text.stimer_set
                0x00209624        0xe obj_cc2538dk/stimer.o
                0x00209624                stimer_set
 .text.etimer_set
                0x00209632       0x12 obj_cc2538dk/etimer.o
                0x00209632                etimer_set
 .text.etimer_reset
                0x00209644       0x12 obj_cc2538dk/etimer.o
                0x00209644                etimer_reset
 .text.etimer_restart
                0x00209656       0x12 obj_cc2538dk/etimer.o
                0x00209656                etimer_restart
 .text.etimer_expired
                0x00209668        0xa obj_cc2538dk/etimer.o
                0x00209668                etimer_expired
 .text.etimer_expiration_time
                0x00209672        0x6 obj_cc2538dk/etimer.o
                0x00209672                etimer_expiration_time
 .text.call_process
                0x00209678        0xc obj_cc2538dk/process.o
 .text.rtimer_init
                0x00209684        0x4 obj_cc2538dk/rtimer.o
                0x00209684                rtimer_init
 .text.timer_set
                0x00209688        0xe obj_cc2538dk/timer.o
                0x00209688                timer_set
 .text.timer_reset
                0x00209696        0xa obj_cc2538dk/timer.o
                0x00209696                timer_reset
 .text.timer_restart
                0x002096a0        0xc obj_cc2538dk/timer.o
                0x002096a0                timer_restart
 .text.timer_expired
                0x002096ac       0x1c obj_cc2538dk/timer.o
                0x002096ac                timer_expired
 .text.ringbuf_init
                0x002096c8        0xe obj_cc2538dk/ringbuf.o
                0x002096c8                ringbuf_init
 .text.ringbuf_put
                0x002096d6       0x28 obj_cc2538dk/ringbuf.o
                0x002096d6                ringbuf_put
 .text.ringbuf_get
                0x002096fe       0x20 obj_cc2538dk/ringbuf.o
                0x002096fe                ringbuf_get
 .text.list_init
                0x0020971e        0x6 obj_cc2538dk/list.o
                0x0020971e                list_init
 .text.list_head
                0x00209724        0x4 obj_cc2538dk/list.o
                0x00209724                list_head
 .text.list_tail
                0x00209728       0x10 obj_cc2538dk/list.o
                0x00209728                list_tail
 .text.list_remove
                0x00209738       0x28 obj_cc2538dk/list.o
                0x00209738                list_remove
 .text.list_add
                0x00209760       0x1e obj_cc2538dk/list.o
                0x00209760                list_add
 .text.list_push
                0x0020977e       0x12 obj_cc2538dk/list.o
                0x0020977e                list_push
 .text.list_length
                0x00209790        0xe obj_cc2538dk/list.o
                0x00209790                list_length
 .text.list_item_next
                0x0020979e        0x6 obj_cc2538dk/list.o
                0x0020979e                list_item_next
 .text.memb_init
                0x002097a4       0x20 obj_cc2538dk/memb.o
                0x002097a4                memb_init
 .text.memb_alloc
                0x002097c4       0x28 obj_cc2538dk/memb.o
                0x002097c4                memb_alloc
 .text.memb_free
                0x002097ec       0x2c obj_cc2538dk/memb.o
                0x002097ec                memb_free
 .text.memb_inmemb
                0x00209818       0x1c obj_cc2538dk/memb.o
                0x00209818                memb_inmemb
 .text.memb_numfree
                0x00209834       0x1c obj_cc2538dk/memb.o
                0x00209834                memb_numfree
 .text.uip_ds6_list_loop
                0x00209850       0x48 obj_cc2538dk/uip-ds6.o
                0x00209850                uip_ds6_list_loop
 .text.uip_ds6_maddr_rm
                0x00209898        0x8 obj_cc2538dk/uip-ds6.o
                0x00209898                uip_ds6_maddr_rm
 .text.uip_ds6_set_addr_iid
                0x002098a0       0x12 obj_cc2538dk/uip-ds6.o
                0x002098a0                uip_ds6_set_addr_iid
 .text.get_match_length
                0x002098b2       0x3a obj_cc2538dk/uip-ds6.o
                0x002098b2                get_match_length
 .text.uip_ds6_route_nexthop
                0x002098ec        0x4 obj_cc2538dk/uip-ds6-route.o
                0x002098ec                uip_ds6_route_nexthop
 .text.uip_ds6_route_is_nexthop
                0x002098f0        0x4 obj_cc2538dk/uip-ds6-route.o
                0x002098f0                uip_ds6_route_is_nexthop
 .text.uip_ds6_route_lookup
                0x002098f4        0x4 obj_cc2538dk/uip-ds6-route.o
                0x002098f4                uip_ds6_route_lookup
 .text.uip_ds6_route_rm
                0x002098f8        0x2 obj_cc2538dk/uip-ds6-route.o
                0x002098f8                uip_ds6_route_rm
 .text.chksum   0x002098fa       0x38 obj_cc2538dk/uip6.o
 .text.uip_icmp6chksum
                0x00209932        0x6 obj_cc2538dk/uip6.o
                0x00209932                uip_icmp6chksum
 .text.uip_tcpchksum
                0x00209938        0x6 obj_cc2538dk/uip6.o
                0x00209938                uip_tcpchksum
 .text.uip_udpchksum
                0x0020993e        0x6 obj_cc2538dk/uip6.o
                0x0020993e                uip_udpchksum
 .text.uip_htonl
                0x00209944       0x14 obj_cc2538dk/uip6.o
                0x00209944                uip_htonl
 .text.uip_ds6_nbr_ipaddr_from_lladdr
                0x00209958        0x4 obj_cc2538dk/uip-ds6-nbr.o
                0x00209958                uip_ds6_nbr_ipaddr_from_lladdr
 .text.uip_ds6_nbr_lladdr_from_ipaddr
                0x0020995c       0x12 obj_cc2538dk/uip-ds6-nbr.o
                0x0020995c                uip_ds6_nbr_lladdr_from_ipaddr
 .text.uip_nd6_init
                0x0020996e        0x2 obj_cc2538dk/uip-nd6.o
                0x0020996e                uip_nd6_init
 .text.lollipop_greater_than
                0x00209970       0x34 obj_cc2538dk/rpl-dag.o
 .text.check_prefix
                0x002099a4       0x58 obj_cc2538dk/rpl-dag.o
 .text.rpl_rank_via_parent
                0x002099fc       0x1a obj_cc2538dk/rpl-dag.o
                0x002099fc                rpl_rank_via_parent
 .text.rpl_get_parent_ipaddr
                0x00209a16        0xe obj_cc2538dk/rpl-dag.o
                0x00209a16                rpl_get_parent_ipaddr
 .text.rpl_get_parent_link_stats
                0x00209a24        0xe obj_cc2538dk/rpl-dag.o
                0x00209a24                rpl_get_parent_link_stats
 .text.rpl_parent_is_fresh
                0x00209a32        0xe obj_cc2538dk/rpl-dag.o
                0x00209a32                rpl_parent_is_fresh
 .text.rpl_set_prefix
                0x00209a40       0x6c obj_cc2538dk/rpl-dag.o
                0x00209a40                rpl_set_prefix
 .text.rpl_set_default_route
                0x00209aac       0x30 obj_cc2538dk/rpl-dag.o
                0x00209aac                rpl_set_default_route
 .text.rpl_find_parent
                0x00209adc       0x16 obj_cc2538dk/rpl-dag.o
                0x00209adc                rpl_find_parent
 .text.rpl_find_parent_any_dag
                0x00209af2       0x1e obj_cc2538dk/rpl-dag.o
                0x00209af2                rpl_find_parent_any_dag
 .text.rpl_select_parent
                0x00209b10       0x4a obj_cc2538dk/rpl-dag.o
                0x00209b10                rpl_select_parent
 .text.rpl_select_dag
                0x00209b5a      0x12a obj_cc2538dk/rpl-dag.o
                0x00209b5a                rpl_select_dag
 .text.rpl_nullify_parent
                0x00209c84       0x40 obj_cc2538dk/rpl-dag.o
                0x00209c84                rpl_nullify_parent
 .text.nbr_callback
                0x00209cc4        0x4 obj_cc2538dk/rpl-dag.o
 .text.rpl_free_dag
                0x00209cc8       0x26 obj_cc2538dk/rpl-dag.o
                0x00209cc8                rpl_free_dag
 .text.rpl_move_parent
                0x00209cee       0x36 obj_cc2538dk/rpl-dag.o
                0x00209cee                rpl_move_parent
 .text.rpl_repair_root
                0x00209d24       0x48 obj_cc2538dk/rpl-dag.o
                0x00209d24                rpl_repair_root
 .text.rpl_alloc_dag
                0x00209d6c       0x48 obj_cc2538dk/rpl-dag.o
                0x00209d6c                rpl_alloc_dag
 .text.rpl_process_parent_event
                0x00209db4       0x66 obj_cc2538dk/rpl-dag.o
                0x00209db4                rpl_process_parent_event
 .text.rpl_add_dag
                0x00209e1a      0x112 obj_cc2538dk/rpl-dag.o
                0x00209e1a                rpl_add_dag
 .text.rpl_process_dio
                0x00209f2c      0x2e6 obj_cc2538dk/rpl-dag.o
                0x00209f2c                rpl_process_dio
 .text.handle_unicast_dio_timer
                0x0020a212       0x1c obj_cc2538dk/rpl-timers.o
 .text.rpl_reset_dio_timer
                0x0020a22e       0x1c obj_cc2538dk/rpl-timers.o
                0x0020a22e                rpl_reset_dio_timer
 .text.rpl_schedule_dao
                0x0020a24a        0x8 obj_cc2538dk/rpl-timers.o
                0x0020a24a                rpl_schedule_dao
 .text.get_probing_delay
                0x0020a252       0x3a obj_cc2538dk/rpl-timers.o
                0x0020a252                get_probing_delay
 .text.handle_probing_timer
                0x0020a28c       0x32 obj_cc2538dk/rpl-timers.o
 .text.reset    0x0020a2be        0x2 obj_cc2538dk/rpl-mrhof.o
 .text.update_metric_container
                0x0020a2c0        0x6 obj_cc2538dk/rpl-mrhof.o
 .text.parent_link_metric
                0x0020a2c6       0x12 obj_cc2538dk/rpl-mrhof.o
 .text.parent_has_usable_link
                0x0020a2d8       0x12 obj_cc2538dk/rpl-mrhof.o
 .text.best_dag
                0x0020a2ea       0x2c obj_cc2538dk/rpl-mrhof.o
 .text.parent_path_cost
                0x0020a316       0x34 obj_cc2538dk/rpl-mrhof.o
 .text.parent_is_acceptable
                0x0020a34a       0x26 obj_cc2538dk/rpl-mrhof.o
 .text.rank_via_parent
                0x0020a370       0x34 obj_cc2538dk/rpl-mrhof.o
 .text.best_parent
                0x0020a3a4       0x68 obj_cc2538dk/rpl-mrhof.o
 .text.node_matches_address
                0x0020a40c       0x44 obj_cc2538dk/rpl-ns.o
 .text.rpl_ns_is_node_reachable
                0x0020a450       0x2e obj_cc2538dk/rpl-ns.o
                0x0020a450                rpl_ns_is_node_reachable
 .text.rpl_ns_expire_parent
                0x0020a47e       0x20 obj_cc2538dk/rpl-ns.o
                0x0020a47e                rpl_ns_expire_parent
 .text.rpl_ns_get_node_global_addr
                0x0020a49e       0x1c obj_cc2538dk/rpl-ns.o
                0x0020a49e                rpl_ns_get_node_global_addr
 .text.get32    0x0020a4ba       0x18 obj_cc2538dk/rpl-icmp6.o
 .text.set32    0x0020a4d2       0x12 obj_cc2538dk/rpl-icmp6.o
 .text.get16    0x0020a4e4        0xc obj_cc2538dk/rpl-icmp6.o
 .text.set16    0x0020a4f0        0xa obj_cc2538dk/rpl-icmp6.o
 .text.rpl_icmp6_update_nbr_table
                0x0020a4fa       0x2e obj_cc2538dk/rpl-icmp6.o
                0x0020a4fa                rpl_icmp6_update_nbr_table
 .text.svcall_handler
                0x0020a528       0x1e obj_cc2538dk/mtarch.o
                0x0020a528                svcall_handler
 .text.pendsv_handler
                0x0020a546       0x18 obj_cc2538dk/mtarch.o
                0x0020a546                pendsv_handler
 .text.queuebuf_update_attr_from_packetbuf
                0x0020a55e        0xc obj_cc2538dk/queuebuf.o
                0x0020a55e                queuebuf_update_attr_from_packetbuf
 .text.queuebuf_attr
                0x0020a56a        0xc obj_cc2538dk/queuebuf.o
                0x0020a56a                queuebuf_attr
 .text.item_from_key
                0x0020a576       0x22 obj_cc2538dk/nbr-table.o
 .text.nbr_set_bit
                0x0020a598       0x38 obj_cc2538dk/nbr-table.o
 .text.nbr_table_next
                0x0020a5d0       0x3e obj_cc2538dk/nbr-table.o
                0x0020a5d0                nbr_table_next
 .text.nbr_table_get_from_lladdr
                0x0020a60e       0x32 obj_cc2538dk/nbr-table.o
                0x0020a60e                nbr_table_get_from_lladdr
 .text.nbr_table_get_lladdr
                0x0020a640       0x20 obj_cc2538dk/nbr-table.o
                0x0020a640                nbr_table_get_lladdr
 .text.linkaddr_copy
                0x0020a660        0xa obj_cc2538dk/linkaddr.o
                0x0020a660                linkaddr_copy
 .text.linkaddr_cmp
                0x0020a66a       0x10 obj_cc2538dk/linkaddr.o
                0x0020a66a                linkaddr_cmp
 .text.link_stats_is_fresh
                0x0020a67a       0x24 obj_cc2538dk/link-stats.o
                0x0020a67a                link_stats_is_fresh
 .text.packet_sent
                0x0020a69e       0xca obj_cc2538dk/csma.o
 .text.frame802154_has_panid
                0x0020a768       0x62 obj_cc2538dk/frame802154.o
                0x0020a768                frame802154_has_panid
 .text.field_len
                0x0020a7ca       0x84 obj_cc2538dk/frame802154.o
 .text.frame802154_is_broadcast_addr
                0x0020a84e       0x1e obj_cc2538dk/frame802154.o
                0x0020a84e                frame802154_is_broadcast_addr
 .text.frame802154_hdrlen
                0x0020a86c       0x32 obj_cc2538dk/frame802154.o
                0x0020a86c                frame802154_hdrlen
 .text.frame802154_create
                0x0020a89e       0xe6 obj_cc2538dk/frame802154.o
                0x0020a89e                frame802154_create
 .text.mac_call_sent_callback
                0x0020a984       0x16 obj_cc2538dk/mac.o
                0x0020a984                mac_call_sent_callback
 .text.parse    0x0020a99a       0x94 obj_cc2538dk/framer-802154.o
 .text.create   0x0020aa2e        0x6 obj_cc2538dk/framer-802154.o
 .text.hdr_length
                0x0020aa34        0x6 obj_cc2538dk/framer-802154.o
 .text.channel_check_interval
                0x0020aa3a        0x4 obj_cc2538dk/nullrdc.o
 .text.init     0x0020aa3e        0x4 obj_cc2538dk/nullrdc.o
 .text.send_list
                0x0020aa42       0x20 obj_cc2538dk/nullrdc.o
 .text.send_packet
                0x0020aa62        0x4 obj_cc2538dk/nullrdc.o
 .text.init     0x0020aa66        0x2 obj_cc2538dk/nullsec.o
 .text.is_cmd_of_nw.isra.1
                0x0020aa68       0x20 udp-echo-server.co
 .text.gen_crc16
                0x0020aa88       0x54 obj_cc2538dk/util.o
                0x0020aa88                gen_crc16
 .text.gen_crc_for_cmd
                0x0020aadc       0x34 obj_cc2538dk/util.o
                0x0020aadc                gen_crc_for_cmd
 .text.check_crc_for_cmd
                0x0020ab10       0x3a obj_cc2538dk/util.o
                0x0020ab10                check_crc_for_cmd
 .text.scramble_data
                0x0020ab4a       0x18 obj_cc2538dk/util.o
                0x0020ab4a                scramble_data
 .text.encrypt_payload
                0x0020ab62        0x8 obj_cc2538dk/util.o
                0x0020ab62                encrypt_payload
 .text.descramble_data
                0x0020ab6a       0x18 obj_cc2538dk/util.o
                0x0020ab6a                descramble_data
 .text.decrypt_payload
                0x0020ab82        0x8 obj_cc2538dk/util.o
                0x0020ab82                decrypt_payload
 *(SORT(.rodata*))
 *fill*         0x0020ab8a        0x2 00000000
 .rodata.tsl256x
                0x0020ab8c       0x10 obj_cc2538dk/tsl256x.o
                0x0020ab8c                tsl256x
 .rodata.bmpx8x
                0x0020ab9c       0x10 obj_cc2538dk/bmpx8x.o
                0x0020ab9c                bmpx8x
 .rodata.button_select_sensor
                0x0020abac       0x10 obj_cc2538dk/button-sensor.o
                0x0020abac                button_select_sensor
 .rodata.button_up_sensor
                0x0020abbc       0x10 obj_cc2538dk/button-sensor.o
                0x0020abbc                button_up_sensor
 .rodata.button_left_sensor
                0x0020abcc       0x10 obj_cc2538dk/button-sensor.o
                0x0020abcc                button_left_sensor
 .rodata.button_right_sensor
                0x0020abdc       0x10 obj_cc2538dk/button-sensor.o
                0x0020abdc                button_right_sensor
 .rodata.button_down_sensor
                0x0020abec       0x10 obj_cc2538dk/button-sensor.o
                0x0020abec                button_down_sensor
 .rodata.als_sensor
                0x0020abfc       0x10 obj_cc2538dk/als-sensor.o
                0x0020abfc                als_sensor
 .rodata.uart_regs
                0x0020ac0c       0x58 obj_cc2538dk/uart.o
 .rodata.output_power
                0x0020ac64       0x70 obj_cc2538dk/cc2538-rf.o
 .rodata.cc2538_rf_driver
                0x0020acd4       0x38 obj_cc2538dk/cc2538-rf.o
                0x0020acd4                cc2538_rf_driver
 .rodata.cc2538_temp_sensor
                0x0020ad0c       0x10 obj_cc2538dk/cc2538-temp-sensor.o
                0x0020ad0c                cc2538_temp_sensor
 .rodata.vdd3_sensor
                0x0020ad1c       0x10 obj_cc2538dk/vdd3-sensor.o
                0x0020ad1c                vdd3_sensor
 .rodata.sicslowpan_driver
                0x0020ad2c        0xc obj_cc2538dk/sicslowpan.o
                0x0020ad2c                sicslowpan_driver
 .rodata.csma_driver
                0x0020ad38       0x1c obj_cc2538dk/csma.o
                0x0020ad38                csma_driver
 .rodata.framer_802154
                0x0020ad54        0xc obj_cc2538dk/framer-802154.o
                0x0020ad54                framer_802154
 .rodata.nullrdc_driver
                0x0020ad60       0x20 obj_cc2538dk/nullrdc.o
                0x0020ad60                nullrdc_driver
 .rodata.nullsec_driver
                0x0020ad80       0x10 obj_cc2538dk/nullsec.o
                0x0020ad80                nullsec_driver
 .rodata.autostart_processes
                0x0020ad90        0x8 udp-echo-server.co
                0x0020ad90                autostart_processes
 .rodata.CSWTCH.16
                0x0020ad98        0x6 obj_cc2538dk/tsl256x.o
 .rodata.str1.1
                0x0020ad9e       0x37 obj_cc2538dk/tsl256x.o
 .rodata.str1.1
                0x0020add5       0x2e obj_cc2538dk/bmpx8x.o
 .rodata.str1.1
                0x0020ae03       0x32 obj_cc2538dk/contiki-main.o
 .rodata.str1.1
                0x0020ae35        0x8 obj_cc2538dk/sensors.o
 .rodata.str1.1
                0x0020ae3d        0x7 obj_cc2538dk/button-sensor.o
 .rodata.str1.1
                0x0020ae44        0x4 obj_cc2538dk/als-sensor.o
 .rodata.str1.1
                0x0020ae48       0x11 obj_cc2538dk/cc2538-rf.o
 .rodata.str1.1
                0x0020ae59       0x14 obj_cc2538dk/cc2538-temp-sensor.o
 .rodata.str1.1
                0x0020ae6d        0x5 obj_cc2538dk/vdd3-sensor.o
 .rodata.str1.1
                0x0020ae72        0xf obj_cc2538dk/ctimer.o
 .rodata.str1.1
                0x0020ae81        0xc obj_cc2538dk/etimer.o
 .rodata.str1.1
                0x0020ae8d        0xe obj_cc2538dk/serial-line.o
 .rodata        0x0020ae9b        0x2 obj_cc2538dk/sicslowpan.o
 .rodata.ttl_values
                0x0020ae9d        0x4 obj_cc2538dk/sicslowpan.o
 .rodata.unc_llconf
                0x0020aea1        0x4 obj_cc2538dk/sicslowpan.o
                0x0020aea1                unc_llconf
 .rodata.llprefix
                0x0020aea5        0x2 obj_cc2538dk/sicslowpan.o
                0x0020aea5                llprefix
 .rodata.unc_mxconf
                0x0020aea7        0x4 obj_cc2538dk/sicslowpan.o
                0x0020aea7                unc_mxconf
 .rodata.str1.1
                0x0020aeab        0xb obj_cc2538dk/sicslowpan.o
 .rodata.unc_ctxconf
                0x0020aeb6        0x4 obj_cc2538dk/sicslowpan.o
                0x0020aeb6                unc_ctxconf
 .rodata.str1.1
                0x0020aeba        0xd obj_cc2538dk/tcpip.o
 .rodata.linkaddr_null
                0x0020aec7        0x8 obj_cc2538dk/linkaddr.o
                0x0020aec7                linkaddr_null
 .rodata.str1.1
                0x0020aecf        0x5 obj_cc2538dk/csma.o
 .rodata.str1.1
                0x0020aed4        0x8 obj_cc2538dk/nullrdc.o
 .rodata.str1.1
                0x0020aedc        0x8 obj_cc2538dk/nullsec.o
 .rodata.str1.1
                0x0020aee4       0x13 udp-echo-server.co
                0x0020aef7                _etext = .

.glue_7         0x0020aef8        0x0
 .glue_7        0x0020aef8        0x0 linker stubs

.glue_7t        0x0020aef8        0x0
 .glue_7t       0x0020aef8        0x0 linker stubs

.vfp11_veneer   0x0020aef8        0x0
 .vfp11_veneer  0x0020aef8        0x0 linker stubs

.v4_bx          0x0020aef8        0x0
 .v4_bx         0x0020aef8        0x0 linker stubs

.iplt           0x0020aef8        0x0
 .iplt          0x0020aef8        0x0 obj_cc2538dk/startup-gcc.o

.socdata        0x20000000       0x40
 *(SORT(.udma_channel_control_table))
 .udma_channel_control_table
                0x20000000       0x40 obj_cc2538dk/udma.o

.data           0x20000040      0x1ad load address 0x0020aef8
                0x20000040                _data = .
 *(SORT(.data*))
 .data.tsl256x_int_process
                0x20000040       0x10 obj_cc2538dk/tsl256x.o
                0x20000040                tsl256x_int_process
 .data.sensors_process
                0x20000050       0x10 obj_cc2538dk/sensors.o
                0x20000050                sensors_process
 .data.sensors  0x20000060       0x24 obj_cc2538dk/smartrf-sensors.o
                0x20000060                sensors
 .data.cc2538_rf_process
                0x20000084       0x10 obj_cc2538dk/cc2538-rf.o
                0x20000084                cc2538_rf_process
 .data.ctimer_process
                0x20000094       0x10 obj_cc2538dk/ctimer.o
                0x20000094                ctimer_process
 .data.etimer_process
                0x200000a4       0x10 obj_cc2538dk/etimer.o
                0x200000a4                etimer_process
 .data.serial_line_process
                0x200000b4       0x10 obj_cc2538dk/serial-line.o
                0x200000b4                serial_line_process
 .data.echo_request_handler
                0x200000c4        0xc obj_cc2538dk/uip-icmp6.o
 .data.echo_reply_handler
                0x200000d0        0xc obj_cc2538dk/uip-icmp6.o
 .data.defaultroutermemb
                0x200000dc        0xc obj_cc2538dk/uip-ds6-route.o
 .data.ds6_neighbors
                0x200000e8        0x4 obj_cc2538dk/uip-ds6-nbr.o
                0x200000e8                ds6_neighbors
 .data.ds6_neighbors_struct
                0x200000ec       0x10 obj_cc2538dk/uip-ds6-nbr.o
 .data.tcpip_process
                0x200000fc       0x10 obj_cc2538dk/tcpip.o
                0x200000fc                tcpip_process
 .data.rpl_parents
                0x2000010c        0x4 obj_cc2538dk/rpl-dag.o
                0x2000010c                rpl_parents
 .data.rpl_parents_struct
                0x20000110       0x10 obj_cc2538dk/rpl-dag.o
 .data.rpl_mrhof
                0x20000120       0x24 obj_cc2538dk/rpl-mrhof.o
                0x20000120                rpl_mrhof
 .data.nodememb
                0x20000144        0xc obj_cc2538dk/rpl-ns.o
 .data.dao_ack_handler
                0x20000150        0xc obj_cc2538dk/rpl-icmp6.o
 .data.dis_handler
                0x2000015c        0xc obj_cc2538dk/rpl-icmp6.o
 .data.dao_handler
                0x20000168        0xc obj_cc2538dk/rpl-icmp6.o
 .data.dio_handler
                0x20000174        0xc obj_cc2538dk/rpl-icmp6.o
 .data.bufmem   0x20000180        0xc obj_cc2538dk/queuebuf.o
 .data.buframmem
                0x2000018c        0xc obj_cc2538dk/queuebuf.o
 .data.neighbor_addr_mem
                0x20000198        0xc obj_cc2538dk/nbr-table.o
 .data.link_stats_struct
                0x200001a4       0x10 obj_cc2538dk/link-stats.o
 .data.metadata_memb
                0x200001b4        0xc obj_cc2538dk/csma.o
 .data.neighbor_memb
                0x200001c0        0xc obj_cc2538dk/csma.o
 .data.packet_memb
                0x200001cc        0xc obj_cc2538dk/csma.o
 .data.udp_echo_server_process
                0x200001d8       0x10 udp-echo-server.co
                0x200001d8                udp_echo_server_process
 .data.mac_pan_id
                0x200001e8        0x2 obj_cc2538dk/frame802154.o
 .data.send_on_cca
                0x200001ea        0x1 obj_cc2538dk/cc2538-rf.o
 .data.rf_channel
                0x200001eb        0x1 obj_cc2538dk/cc2538-rf.o
 .data.dao_sequence
                0x200001ec        0x1 obj_cc2538dk/rpl-icmp6.o
                0x200001ed                _edata = .
                0x0020aef8                _ldata = LOADADDR (.data)

.igot.plt       0x200001f0        0x0 load address 0x0020b0a5
 .igot.plt      0x200001f0        0x0 obj_cc2538dk/startup-gcc.o

.ARM.exidx      0x0020b0a8        0x8
 *(SORT(.ARM.exidx*))
 .ARM.exidx     0x0020b0a8        0x8 /usr/lib/gcc/arm-none-eabi/4.9.3/armv7-m/libgcc.a(_divdi3.o)
 .ARM.exidx     0x0020b0b0        0x0 /usr/lib/gcc/arm-none-eabi/4.9.3/armv7-m/libgcc.a(_udivdi3.o)
                                  0x8 (size before relaxing)

.bss            0x200001f0     0x285b
                0x200001f0                _bss = .
 *(SORT(.bss*))
 .bss.rt_ticks_startup
                0x200001f0        0x8 obj_cc2538dk/clock.o
 .bss.rt_ticks_epoch
                0x200001f8        0x8 obj_cc2538dk/clock.o
 .bss.bmpx8x_values
                0x20000200       0x20 obj_cc2538dk/bmpx8x.o
 .bss.events.5194
                0x20000220        0x4 obj_cc2538dk/sensors.o
 .bss.i.5193    0x20000224        0x4 obj_cc2538dk/sensors.o
 .bss.debouncetimer
                0x20000228        0x8 obj_cc2538dk/button-sensor.o
 .bss.next_trigger
                0x20000230        0x4 obj_cc2538dk/rtimer-arch.o
 .bss.input_handler
                0x20000234        0x8 obj_cc2538dk/uart.o
 .bss.gpio_callbacks
                0x2000023c       0x80 obj_cc2538dk/gpio.o
 .bss.ioc_sel   0x200002bc        0x4 obj_cc2538dk/ioc.o
 .bss.ioc_over  0x200002c0        0x4 obj_cc2538dk/ioc.o
 .bss.notification_process
                0x200002c4        0x4 obj_cc2538dk/crypto.o
 .bss.notification_process
                0x200002c8        0x4 obj_cc2538dk/pka.o
 .bss.ctimer_list_list
                0x200002cc        0x4 obj_cc2538dk/ctimer.o
 .bss.timerlist
                0x200002d0        0x4 obj_cc2538dk/etimer.o
 .bss.next_expiration
                0x200002d4        0x4 obj_cc2538dk/etimer.o
 .bss.process_current
                0x200002d8        0x4 obj_cc2538dk/process.o
                0x200002d8                process_current
 .bss.process_list
                0x200002dc        0x4 obj_cc2538dk/process.o
                0x200002dc                process_list
 .bss.events    0x200002e0      0x180 obj_cc2538dk/process.o
 .bss.next_rtimer
                0x20000460        0x4 obj_cc2538dk/rtimer.o
 .bss.rxbuf     0x20000464        0x8 obj_cc2538dk/serial-line.o
 .bss.ptr.5178  0x2000046c        0x4 obj_cc2538dk/serial-line.o
 .bss.echo_reply_callback_list_list
                0x20000470        0x4 obj_cc2538dk/uip-icmp6.o
 .bss.input_handler_list_list
                0x20000474        0x4 obj_cc2538dk/uip-icmp6.o
 .bss.locmaddr  0x20000478        0x4 obj_cc2538dk/uip-ds6.o
 .bss.locprefix
                0x2000047c        0x4 obj_cc2538dk/uip-ds6.o
 .bss.locaddr   0x20000480        0x4 obj_cc2538dk/uip-ds6.o
 .bss.defaultroutermemb_memb_mem
                0x20000484       0x40 obj_cc2538dk/uip-ds6-route.o
 .bss.defaultrouterlist_list
                0x200004c4        0x4 obj_cc2538dk/uip-ds6-route.o
 .bss.context   0x200004c8        0x4 obj_cc2538dk/sicslowpan.o
 .bss.last_rssi
                0x200004cc        0x4 obj_cc2538dk/sicslowpan.o
 .bss.hc06_ptr  0x200004d0        0x4 obj_cc2538dk/sicslowpan.o
 .bss.packetbuf_ptr
                0x200004d4        0x4 obj_cc2538dk/sicslowpan.o
 .bss.packetbuf_payload_len
                0x200004d8        0x4 obj_cc2538dk/sicslowpan.o
 .bss.last_tx_status
                0x200004dc        0x4 obj_cc2538dk/sicslowpan.o
 .bss.callback  0x200004e0        0x4 obj_cc2538dk/sicslowpan.o
 .bss.frag_info
                0x200004e4      0x170 obj_cc2538dk/sicslowpan.o
 .bss.s         0x20000654       0x44 obj_cc2538dk/tcpip.o
 .bss.periodic  0x20000698       0x10 obj_cc2538dk/tcpip.o
 .bss.outputfunc
                0x200006a8        0x4 obj_cc2538dk/tcpip.o
 .bss.periodic_timer
                0x200006ac       0x20 obj_cc2538dk/rpl-nbr-policy.o
 .bss.timer_init
                0x200006cc        0x4 obj_cc2538dk/rpl-nbr-policy.o
 .bss.num_children
                0x200006d0        0x4 obj_cc2538dk/rpl-nbr-policy.o
 .bss.worst_rank_nbr
                0x200006d4        0x4 obj_cc2538dk/rpl-nbr-policy.o
 .bss.num_free  0x200006d8        0x4 obj_cc2538dk/rpl-nbr-policy.o
 .bss.num_parents
                0x200006dc        0x4 obj_cc2538dk/rpl-nbr-policy.o
 .bss._rpl_parents_mem
                0x200006e0       0x50 obj_cc2538dk/rpl-dag.o
 .bss.periodic_timer
                0x20000730       0x20 obj_cc2538dk/rpl-timers.o
 .bss.num_nodes
                0x20000750        0x4 obj_cc2538dk/rpl-ns.o
 .bss.nodememb_memb_mem
                0x20000754      0x3c0 obj_cc2538dk/rpl-ns.o
 .bss.nodelist_list
                0x20000b14        0x4 obj_cc2538dk/rpl-ns.o
 .bss.bufmem_memb_mem
                0x20000b18       0x20 obj_cc2538dk/queuebuf.o
 .bss.nbr_table_keys_list
                0x20000b38        0x4 obj_cc2538dk/nbr-table.o
 .bss.neighbor_addr_mem_memb_mem
                0x20000b3c       0x78 obj_cc2538dk/nbr-table.o
 .bss.all_tables
                0x20000bb4       0x20 obj_cc2538dk/nbr-table.o
 .bss.num_tables
                0x20000bd4        0x4 obj_cc2538dk/nbr-table.o
 .bss.packetbuf_aligned
                0x20000bd8       0x80 obj_cc2538dk/packetbuf.o
 .bss._link_stats_mem
                0x20000c58       0x78 obj_cc2538dk/link-stats.o
 .bss.received_seqnos
                0x20000cd0      0x100 obj_cc2538dk/mac-sequence.o
 .bss.metadata_memb_memb_mem
                0x20000dd0       0x60 obj_cc2538dk/csma.o
 .bss.neighbor_list_list
                0x20000e30        0x4 obj_cc2538dk/csma.o
 .bss.packet_memb_memb_mem
                0x20000e34       0x60 obj_cc2538dk/csma.o
 .bss.neighbor_memb_memb_mem
                0x20000e94       0x70 obj_cc2538dk/csma.o
 .bss.cmd_cnt   0x20000f04        0x4 udp-echo-server.co
 .bss.state     0x20000f08        0x4 udp-echo-server.co
 .bss.aux       0x20000f0c        0x4 udp-echo-server.co
 .bss.server_conn
                0x20000f10        0x4 udp-echo-server.co
 .bss.client_conn
                0x20000f14        0x4 udp-echo-server.co
 .bss.et        0x20000f18       0x10 udp-echo-server.co
 .bss.tmp_ipaddr
                0x20000f28       0x10 obj_cc2538dk/uip-icmp6.o
 .bss.loc_fipaddr
                0x20000f38       0x10 obj_cc2538dk/uip-ds6.o
 .bss.lastport  0x20000f48        0x2 obj_cc2538dk/uip6.o
 .bss._ds6_neighbors_mem
                0x20000f4a       0xb4 obj_cc2538dk/uip-ds6-nbr.o
 .bss.my_tag    0x20000ffe        0x2 obj_cc2538dk/sicslowpan.o
 .bss.worst_rank
                0x20001000        0x2 obj_cc2538dk/rpl-nbr-policy.o
 .bss.next_dis  0x20001002        0x2 obj_cc2538dk/rpl-timers.o
 .bss.buframmem_memb_mem
                0x20001004      0x580 obj_cc2538dk/queuebuf.o
 .bss.buflen    0x20001584        0x2 obj_cc2538dk/packetbuf.o
 .bss.bufptr    0x20001586        0x2 obj_cc2538dk/packetbuf.o
 .bss.seqno.6742
                0x20001588        0x2 obj_cc2538dk/csma.o
 .bss.Si7021_humidity
                0x2000158a        0x2 udp-echo-server.co
 .bss.net_db    0x2000158c       0x30 udp-echo-server.co
 .bss.BMPx8x_pressure
                0x200015bc        0x2 udp-echo-server.co
 .bss.len       0x200015be        0x2 udp-echo-server.co
 .bss.emer_reply
                0x200015c0       0x40 udp-echo-server.co
 .bss.reply     0x20001600       0x40 udp-echo-server.co
 .bss.Si7021_temperature
                0x20001640        0x2 udp-echo-server.co
 .bss.led_db    0x20001642       0x10 udp-echo-server.co
 .bss.TSL256X_light
                0x20001652        0x2 udp-echo-server.co
 .bss.async_seq
                0x20001654        0x2 udp-echo-server.co
 .bss.curr_seq  0x20001656        0x2 udp-echo-server.co
 .bss.timer_cnt
                0x20001658        0x2 udp-echo-server.co
 .bss.BMPx8x_temperature
                0x2000165a        0x2 udp-echo-server.co
 .bss.server_ipaddr
                0x2000165c       0x10 udp-echo-server.co
 .bss.cmd       0x2000166c       0x40 udp-echo-server.co
 .bss.gw_db     0x200016ac        0xe udp-echo-server.co
 .bss.new_seq   0x200016ba        0x2 udp-echo-server.co
 .bss.enabled   0x200016bc        0x1 obj_cc2538dk/tsl256x.o
 .bss.gain      0x200016bd        0x1 obj_cc2538dk/tsl256x.o
 .bss.timming   0x200016be        0x1 obj_cc2538dk/tsl256x.o
 .bss.enabled   0x200016bf        0x1 obj_cc2538dk/bmpx8x.o
 .bss.leds      0x200016c0        0x1 obj_cc2538dk/leds.o
 .bss.num_sensors
                0x200016c1        0x1 obj_cc2538dk/sensors.o
 .bss.crc_corr  0x200016c2        0x1 obj_cc2538dk/cc2538-rf.o
 .bss.rssi      0x200016c3        0x1 obj_cc2538dk/cc2538-rf.o
 .bss.poll_mode
                0x200016c4        0x1 obj_cc2538dk/cc2538-rf.o
 .bss.rf_flags  0x200016c5        0x1 obj_cc2538dk/cc2538-rf.o
 .bss.initialized
                0x200016c6        0x1 obj_cc2538dk/ctimer.o
 .bss.fevent    0x200016c7        0x1 obj_cc2538dk/process.o
 .bss.nevents   0x200016c8        0x1 obj_cc2538dk/process.o
 .bss.poll_requested
                0x200016c9        0x1 obj_cc2538dk/process.o
 .bss.lastevent
                0x200016ca        0x1 obj_cc2538dk/process.o
 .bss.rxbuf_data
                0x200016cb       0x80 obj_cc2538dk/serial-line.o
 .bss.overflow.5171
                0x2000174b        0x1 obj_cc2538dk/serial-line.o
 .bss.buf.5177  0x2000174c       0x80 obj_cc2538dk/serial-line.o
 .bss.defaultroutermemb_memb_count
                0x200017cc        0x2 obj_cc2538dk/uip-ds6-route.o
 .bss.uip_ext_len
                0x200017ce        0x1 obj_cc2538dk/uip6.o
                0x200017ce                uip_ext_len
 .bss.uip_ext_bitmap
                0x200017cf        0x1 obj_cc2538dk/uip6.o
                0x200017cf                uip_ext_bitmap
 .bss.iss       0x200017d0        0x4 obj_cc2538dk/uip6.o
 .bss.uip_ext_opt_offset
                0x200017d4        0x1 obj_cc2538dk/uip6.o
                0x200017d4                uip_ext_opt_offset
 .bss.uncomp_hdr_len
                0x200017d5        0x1 obj_cc2538dk/sicslowpan.o
 .bss.addr_contexts
                0x200017d6        0xa obj_cc2538dk/sicslowpan.o
 .bss.frag_buf  0x200017e0      0x54c obj_cc2538dk/sicslowpan.o
 .bss.packetbuf_hdr_len
                0x20001d2c        0x1 obj_cc2538dk/sicslowpan.o
 .bss.dio_send_ok
                0x20001d2d        0x1 obj_cc2538dk/rpl-timers.o
 .bss.mode      0x20001d2e        0x1 obj_cc2538dk/rpl.o
 .bss.nodememb_memb_count
                0x20001d2f       0x28 obj_cc2538dk/rpl-ns.o
 .bss.buframmem_memb_count
                0x20001d57        0x8 obj_cc2538dk/queuebuf.o
 .bss.bufmem_memb_count
                0x20001d5f        0x8 obj_cc2538dk/queuebuf.o
 .bss.neighbor_addr_mem_memb_count
                0x20001d67        0xa obj_cc2538dk/nbr-table.o
 .bss.locked_map
                0x20001d71        0xa obj_cc2538dk/nbr-table.o
 .bss.used_map  0x20001d7b        0xa obj_cc2538dk/nbr-table.o
 .bss.hdrlen    0x20001d85        0x1 obj_cc2538dk/packetbuf.o
 .bss.initialized.6741
                0x20001d86        0x1 obj_cc2538dk/csma.o
 .bss.packet_memb_memb_count
                0x20001d87        0x8 obj_cc2538dk/csma.o
 .bss.metadata_memb_memb_count
                0x20001d8f        0x8 obj_cc2538dk/csma.o
 .bss.neighbor_memb_memb_count
                0x20001d97        0x2 obj_cc2538dk/csma.o
 .bss.mac_dsn   0x20001d99        0x1 obj_cc2538dk/framer-802154.o
 .bss.initialized
                0x20001d9a        0x1 obj_cc2538dk/framer-802154.o
 .bss.sent_authen_msg
                0x20001d9b        0x1 udp-echo-server.co
 .bss.env_db    0x20001d9c        0xf udp-echo-server.co
 .bss.emergency_status
                0x20001dab        0x1 udp-echo-server.co
 .bss.encryption_phase
                0x20001dac        0x1 udp-echo-server.co
 .bss.sent_app_key_ack
                0x20001dad        0x1 udp-echo-server.co
 .bss.buf       0x20001dae       0x78 udp-echo-server.co
 .bss.rxbuf     0x20001e26       0x78 udp-echo-server.co
 *(SORT(COMMON))
 *fill*         0x20001e9e        0x2 
 COMMON         0x20001ea0        0x4 obj_cc2538dk/tsl256x.o
                0x20001ea0                tsl256x_int_callback
 COMMON         0x20001ea4      0x174 obj_cc2538dk/uip-ds6.o
                0x20001ea4                uip_ds6_timer_ra
                0x20001eac                uip_ds6_if
                0x20001fa4                uip_ds6_netif_addr_list_offset
                0x20001fa5                uip_ds6_addr_size
                0x20001fa8                uip_ds6_prefix_list
                0x20002008                uip_ds6_timer_periodic
 COMMON         0x20002018      0x878 obj_cc2538dk/uip6.o
                0x20002018                uip_len
                0x2000201c                uip_sappdata
                0x20002020                uip_acc32
                0x20002024                uip_lladdr
                0x2000202c                uip_aligned_buf
                0x20002540                uip_flags
                0x20002544                uip_next_hdr
                0x20002548                uip_udp_conn
                0x2000254c                uip_appdata
                0x20002550                uip_conn
                0x20002554                uip_conns
                0x20002734                uip_icmp6_conns
                0x2000273c                uip_listenports
                0x2000274c                uip_slen
                0x20002750                uip_udp_conns
 COMMON         0x20002890      0x158 obj_cc2538dk/rpl-dag.o
                0x20002890                default_instance
                0x20002894                instance_table
 COMMON         0x200029e8       0x20 obj_cc2538dk/link-stats.o
                0x200029e8                periodic_timer
 COMMON         0x20002a08       0x2e obj_cc2538dk/packetbuf.o
                0x20002a08                packetbuf_addrs
                0x20002a18                packetbuf_attrs
 COMMON         0x20002a36        0x1 obj_cc2538dk/sensors.o
                0x20002a36                sensors_event
 COMMON         0x20002a37        0x9 obj_cc2538dk/smartrf-sensors.o
                0x20002a37                sensors_flags
 COMMON         0x20002a40        0x1 obj_cc2538dk/serial-line.o
                0x20002a40                serial_line_event_message
 COMMON         0x20002a41        0x2 obj_cc2538dk/tcpip.o
                0x20002a41                tcpip_event
                0x20002a42                tcpip_icmp6_event
 COMMON         0x20002a43        0x8 obj_cc2538dk/linkaddr.o
                0x20002a43                linkaddr_node_addr
                0x20002a4b                _ebss = .

.stack          0x20002a50      0x800
 *(SORT(.stack))
 .stack         0x20002a50      0x800 obj_cc2538dk/startup-gcc.o
                0x20003250                _heap = .
                0x20008000                _eheap = (ORIGIN (FRSRAM) + LENGTH (FRSRAM))

.nrdata         0x20000000        0x0
                0x20000000                _nrdata = .
 *(SORT(.nrdata*))
                0x20000000                _enrdata = .

.flashcca       0x0027ffd4       0x2c
 *(SORT(.flashcca))
 .flashcca      0x0027ffd4       0x2c obj_cc2538dk/startup-gcc.o
                0x0027ffd4                flash_cca_lock_page
OUTPUT(udp-echo-server.elf elf32-littlearm)

.rel.dyn        0x00280000        0x0
 .rel.iplt      0x00280000        0x0 obj_cc2538dk/startup-gcc.o

.comment        0x00000000       0x70
 .comment       0x00000000       0x38 obj_cc2538dk/startup-gcc.o
                                 0x39 (size before relaxing)
 .comment       0x00000038       0x39 obj_cc2538dk/tsl256x.o
 .comment       0x00000038       0x39 obj_cc2538dk/bmpx8x.o
 .comment       0x00000038       0x39 obj_cc2538dk/si7021.o
 .comment       0x00000038       0x39 obj_cc2538dk/leds.o
 .comment       0x00000038       0x39 obj_cc2538dk/leds-arch.o
 .comment       0x00000038       0x39 obj_cc2538dk/contiki-main.o
 .comment       0x00000038       0x39 obj_cc2538dk/sensors.o
 .comment       0x00000038       0x39 obj_cc2538dk/smartrf-sensors.o
 .comment       0x00000038       0x39 obj_cc2538dk/button-sensor.o
 .comment       0x00000038       0x39 obj_cc2538dk/als-sensor.o
 .comment       0x00000038       0x39 obj_cc2538dk/clock.o
 .comment       0x00000038       0x39 obj_cc2538dk/rtimer-arch.o
 .comment       0x00000038       0x39 obj_cc2538dk/uart.o
 .comment       0x00000038       0x39 obj_cc2538dk/watchdog.o
 .comment       0x00000038       0x39 obj_cc2538dk/nvic.o
 .comment       0x00000038       0x39 obj_cc2538dk/sys-ctrl.o
 .comment       0x00000038       0x39 obj_cc2538dk/gpio.o
 .comment       0x00000038       0x39 obj_cc2538dk/ioc.o
 .comment       0x00000038       0x39 obj_cc2538dk/adc.o
 .comment       0x00000038       0x39 obj_cc2538dk/crypto.o
 .comment       0x00000038       0x39 obj_cc2538dk/cc2538-rf.o
 .comment       0x00000038       0x39 obj_cc2538dk/udma.o
 .comment       0x00000038       0x39 obj_cc2538dk/pka.o
 .comment       0x00000038       0x39 obj_cc2538dk/dbg.o
 .comment       0x00000038       0x39 obj_cc2538dk/ieee-addr.o
 .comment       0x00000038       0x39 obj_cc2538dk/i2c.o
 .comment       0x00000038       0x39 obj_cc2538dk/cc2538-temp-sensor.o
 .comment       0x00000038       0x39 obj_cc2538dk/vdd3-sensor.o
 .comment       0x00000038       0x39 obj_cc2538dk/autostart.o
 .comment       0x00000038       0x39 obj_cc2538dk/ctimer.o
 .comment       0x00000038       0x39 obj_cc2538dk/energest.o
 .comment       0x00000038       0x39 obj_cc2538dk/stimer.o
 .comment       0x00000038       0x39 obj_cc2538dk/etimer.o
 .comment       0x00000038       0x39 obj_cc2538dk/process.o
 .comment       0x00000038       0x39 obj_cc2538dk/rtimer.o
 .comment       0x00000038       0x39 obj_cc2538dk/timer.o
 .comment       0x00000038       0x39 obj_cc2538dk/serial-line.o
 .comment       0x00000038       0x39 obj_cc2538dk/ringbuf.o
 .comment       0x00000038       0x39 obj_cc2538dk/list.o
 .comment       0x00000038       0x39 obj_cc2538dk/memb.o
 .comment       0x00000038       0x39 obj_cc2538dk/random.o
 .comment       0x00000038       0x39 obj_cc2538dk/uip-icmp6.o
 .comment       0x00000038       0x39 obj_cc2538dk/uip-ds6.o
 .comment       0x00000038       0x39 obj_cc2538dk/uip-ds6-route.o
 .comment       0x00000038       0x39 obj_cc2538dk/uip6.o
 .comment       0x00000038       0x39 obj_cc2538dk/uip-ds6-nbr.o
 .comment       0x00000038       0x39 obj_cc2538dk/uip-nd6.o
 .comment       0x00000038       0x39 obj_cc2538dk/sicslowpan.o
 .comment       0x00000038       0x39 obj_cc2538dk/uip-udp-packet.o
 .comment       0x00000038       0x39 obj_cc2538dk/tcpip.o
 .comment       0x00000038       0x39 obj_cc2538dk/rpl-nbr-policy.o
 .comment       0x00000038       0x39 obj_cc2538dk/rpl-dag.o
 .comment       0x00000038       0x39 obj_cc2538dk/rpl-timers.o
 .comment       0x00000038       0x39 obj_cc2538dk/rpl-ext-header.o
 .comment       0x00000038       0x39 obj_cc2538dk/rpl.o
 .comment       0x00000038       0x39 obj_cc2538dk/rpl-mrhof.o
 .comment       0x00000038       0x39 obj_cc2538dk/rpl-ns.o
 .comment       0x00000038       0x39 obj_cc2538dk/rpl-icmp6.o
 .comment       0x00000038       0x39 obj_cc2538dk/mtarch.o
 .comment       0x00000038       0x39 obj_cc2538dk/queuebuf.o
 .comment       0x00000038       0x39 obj_cc2538dk/nbr-table.o
 .comment       0x00000038       0x39 obj_cc2538dk/packetbuf.o
 .comment       0x00000038       0x39 obj_cc2538dk/netstack.o
 .comment       0x00000038       0x39 obj_cc2538dk/linkaddr.o
 .comment       0x00000038       0x39 obj_cc2538dk/link-stats.o
 .comment       0x00000038       0x39 obj_cc2538dk/mac-sequence.o
 .comment       0x00000038       0x39 obj_cc2538dk/csma.o
 .comment       0x00000038       0x39 obj_cc2538dk/frame802154.o
 .comment       0x00000038       0x39 obj_cc2538dk/mac.o
 .comment       0x00000038       0x39 obj_cc2538dk/framer-802154.o
 .comment       0x00000038       0x39 obj_cc2538dk/nullrdc.o
 .comment       0x00000038       0x39 obj_cc2538dk/nullsec.o
 .comment       0x00000038       0x39 udp-echo-server.co
 .comment       0x00000038       0x39 obj_cc2538dk/util.o
 .comment       0x00000038       0x39 /usr/lib/gcc/arm-none-eabi/4.9.3/armv7-m/libgcc.a(bpabi.o)
 .comment       0x00000038       0x39 /usr/lib/gcc/arm-none-eabi/4.9.3/armv7-m/libgcc.a(_divdi3.o)
 .comment       0x00000038       0x39 /usr/lib/gcc/arm-none-eabi/4.9.3/armv7-m/libgcc.a(_udivdi3.o)